Component: ARM Compiler 5.05 update 2 (build 169) Tool: armlink [4d0f33]

==============================================================================

Section Cross References

    main.o(i.main) refers to led.o(i.Led_Io_Init) for Led_Io_Init
    main.o(i.main) refers to delay.o(i.Time10_Configuration) for Time10_Configuration
    main.o(i.main) refers to usart.o(i.Usart1_Init) for Usart1_Init
    main.o(i.main) refers to key.o(i.Key_Init) for Key_Init
    main.o(i.main) refers to oled_screen.o(i.OLED_Init) for OLED_Init
    main.o(i.main) refers to rtc.o(i.RTC_Init) for RTC_Init
    main.o(i.main) refers to rtc.o(i.RTC_Setting) for RTC_Setting
    main.o(i.main) refers to iic.o(i.IIC_IO_Init) for IIC_IO_Init
    main.o(i.main) refers to sht20.o(i.SHT20_Init) for SHT20_Init
    main.o(i.main) refers to hp6.o(i.Hp_6_init) for Hp_6_init
    main.o(i.main) refers to bluetooth.o(i.BT_init) for BT_init
    main.o(i.main) refers to bluetooth.o(i.BT_enable) for BT_enable
    main.o(i.main) refers to menu.o(i.Show_Main_Interface) for Show_Main_Interface
    main.o(i.main) refers to oled_screen.o(i.OLED_Clear) for OLED_Clear
    main.o(i.main) refers to printfa.o(i.__0printf) for __2printf
    main.o(i.main) refers to hp6.o(i.HP_6_Measurement_rate) for HP_6_Measurement_rate
    main.o(i.main) refers to key.o(i.Key_Scan) for Key_Scan
    main.o(i.main) refers to hp6.o(i.HP_6_CloseRate) for HP_6_CloseRate
    main.o(i.main) refers to hp6.o(i.HP_6_Measurement_bp) for HP_6_Measurement_bp
    main.o(i.main) refers to hp6.o(i.HP_6_CloseBp) for HP_6_CloseBp
    main.o(i.main) refers to main.o(.constdata) for .constdata
    main.o(i.main) refers to usart.o(.data) for Bluetooth_Control_Flag
    main.o(i.main) refers to key.o(.data) for Key_Value
    menu.o(i.Show_Main_Interface) refers to key.o(i.Key_Scan) for Key_Scan
    menu.o(i.Show_Main_Interface) refers to oled_screen.o(i.OLED_Clear) for OLED_Clear
    menu.o(i.Show_Main_Interface) refers to mpu6050.o(i.MPU_Show) for MPU_Show
    menu.o(i.Show_Main_Interface) refers to bluetooth.o(i.Bluetooth_Show) for Bluetooth_Show
    menu.o(i.Show_Main_Interface) refers to rtc.o(i.Show_Time) for Show_Time
    menu.o(i.Show_Main_Interface) refers to sht20.o(i.SHT20_Show) for SHT20_Show
    menu.o(i.Show_Main_Interface) refers to hp6.o(i.HP_6_Measurement_rate) for HP_6_Measurement_rate
    menu.o(i.Show_Main_Interface) refers to hp6.o(i.HP_6_CloseRate) for HP_6_CloseRate
    menu.o(i.Show_Main_Interface) refers to hp6.o(i.HP_6_Measurement_bp) for HP_6_Measurement_bp
    menu.o(i.Show_Main_Interface) refers to hp6.o(i.HP_6_CloseBp) for HP_6_CloseBp
    menu.o(i.Show_Main_Interface) refers to oled_screen.o(i.OLED_Show_Pic) for OLED_Show_Pic
    menu.o(i.Show_Main_Interface) refers to menu.o(.data) for Cursor
    menu.o(i.Show_Main_Interface) refers to key.o(.data) for Key_Value
    menu.o(i.Show_Main_Interface) refers to menu.o(.constdata) for ui
    startup_stm32f411xe.o(RESET) refers to startup_stm32f411xe.o(STACK) for __initial_sp
    startup_stm32f411xe.o(RESET) refers to startup_stm32f411xe.o(.text) for Reset_Handler
    startup_stm32f411xe.o(RESET) refers to key.o(i.ADC_IRQHandler) for ADC_IRQHandler
    startup_stm32f411xe.o(RESET) refers to usart.o(i.TIM1_BRK_TIM9_IRQHandler) for TIM1_BRK_TIM9_IRQHandler
    startup_stm32f411xe.o(RESET) refers to motor.o(i.TIM2_IRQHandler) for TIM2_IRQHandler
    startup_stm32f411xe.o(RESET) refers to key.o(i.TIM3_IRQHandler) for TIM3_IRQHandler
    startup_stm32f411xe.o(RESET) refers to usart.o(i.USART1_IRQHandler) for USART1_IRQHandler
    startup_stm32f411xe.o(.text) refers to system_stm32f4xx.o(i.SystemInit) for SystemInit
    startup_stm32f411xe.o(.text) refers to entry.o(.ARM.Collect$$$$00000000) for __main
    usart.o(i.Led_Switch) refers to usart.o(i.Str_Send) for Str_Send
    usart.o(i.Led_Switch) refers to usart.o(i.Byte_Send) for Byte_Send
    usart.o(i.Led_Switch) refers to strcmp.o(.text) for strcmp
    usart.o(i.Led_Switch) refers to memseta.o(.text) for __aeabi_memclr
    usart.o(i.Led_Switch) refers to usart.o(.data) for Receive_Flag
    usart.o(i.Led_Switch) refers to usart.o(.bss) for Buffer
    usart.o(i.Str_Send) refers to usart.o(i.Byte_Send) for Byte_Send
    usart.o(i.TIM1_BRK_TIM9_IRQHandler) refers to usart.o(.data) for Time_Out
    usart.o(i.Time9_Configuration) refers to printfa.o(i.__0printf) for __2printf
    usart.o(i.Time9_Configuration) refers to usart.o(i.NVIC_SetPriorityGrouping) for NVIC_SetPriorityGrouping
    usart.o(i.Time9_Configuration) refers to usart.o(i.NVIC_EncodePriority) for NVIC_EncodePriority
    usart.o(i.Time9_Configuration) refers to usart.o(i.NVIC_SetPriority) for NVIC_SetPriority
    usart.o(i.Time9_Configuration) refers to usart.o(i.NVIC_EnableIRQ) for NVIC_EnableIRQ
    usart.o(i.USART1_IRQHandler) refers to memseta.o(.text) for __aeabi_memclr
    usart.o(i.USART1_IRQHandler) refers to usart.o(.data) for LEN
    usart.o(i.USART1_IRQHandler) refers to usart.o(.bss) for Buffer
[...]
    printfa.o(i.__0snprintf) refers to printfa.o(i._snputc) for _snputc
    printfa.o(i.__0sprintf) refers (Special) to iusefp.o(.text) for __I$use$fp
    printfa.o(i.__0sprintf) refers to printfa.o(i._printf_core) for _printf_core
    printfa.o(i.__0sprintf) refers to printfa.o(i._sputc) for _sputc
    printfa.o(i.__0vfprintf) refers (Special) to iusefp.o(.text) for __I$use$fp
    printfa.o(i.__0vfprintf) refers to printfa.o(i._printf_core) for _printf_core
    printfa.o(i.__0vfprintf) refers to usart.o(i.fputc) for fputc
    printfa.o(i.__0vprintf) refers (Special) to iusefp.o(.text) for __I$use$fp
    printfa.o(i.__0vprintf) refers to printfa.o(i._printf_core) for _printf_core
    printfa.o(i.__0vprintf) refers to usart.o(i.fputc) for fputc
    printfa.o(i.__0vprintf) refers to usart.o(.data) for __stdout
    printfa.o(i.__0vsnprintf) refers (Special) to iusefp.o(.text) for __I$use$fp
    printfa.o(i.__0vsnprintf) refers to printfa.o(i._printf_core) for _printf_core
    printfa.o(i.__0vsnprintf) refers to printfa.o(i._snputc) for _snputc
    printfa.o(i.__0vsprintf) refers (Special) to iusefp.o(.text) for __I$use$fp
    printfa.o(i.__0vsprintf) refers to printfa.o(i._printf_core) for _printf_core
    printfa.o(i.__0vsprintf) refers to printfa.o(i._sputc) for _sputc
    printfa.o(i._fp_digits) refers (Special) to iusefp.o(.text) for __I$use$fp
    printfa.o(i._fp_digits) refers to dmul.o(.text) for __aeabi_dmul
    printfa.o(i._fp_digits) refers to ddiv.o(.text) for __aeabi_ddiv
    printfa.o(i._fp_digits) refers to cdrcmple.o(.text) for __aeabi_cdrcmple
    printfa.o(i._fp_digits) refers to dadd.o(.text) for __aeabi_dadd
    printfa.o(i._fp_digits) refers to dfixul.o(.text) for __aeabi_d2ulz
    printfa.o(i._fp_digits) refers to uldiv.o(.text) for __aeabi_uldivmod
    printfa.o(i._printf_core) refers (Special) to iusefp.o(.text) for __I$use$fp
    printfa.o(i._printf_core) refers to printfa.o(i._printf_pre_padding) for _printf_pre_padding
    printfa.o(i._printf_core) refers to uldiv.o(.text) for __aeabi_uldivmod
    printfa.o(i._printf_core) refers to printfa.o(i._printf_post_padding) for _printf_post_padding
    printfa.o(i._printf_core) refers to printfa.o(i._fp_digits) for _fp_digits
    printfa.o(i._printf_core) refers to uidiv.o(.text) for __aeabi_uidivmod
    printfa.o(i._printf_post_padding) refers (Special) to iusefp.o(.text) for __I$use$fp
    printfa.o(i._printf_pre_padding) refers (Special) to iusefp.o(.text) for __I$use$fp
    printfa.o(i._snputc) refers (Special) to iusefp.o(.text) for __I$use$fp
    printfa.o(i._sputc) refers (Special) to iusefp.o(.text) for __I$use$fp
    dadd.o(.text) refers (Special) to iusefp.o(.text) for __I$use$fp
    dadd.o(.text) refers to llshl.o(.text) for __aeabi_llsl
    dadd.o(.text) refers to llsshr.o(.text) for __aeabi_lasr
    dadd.o(.text) refers to depilogue.o(.text) for _double_epilogue
    dmul.o(.text) refers (Special) to iusefp.o(.text) for __I$use$fp
    dmul.o(.text) refers to depilogue.o(.text) for _double_epilogue
    ddiv.o(.text) refers (Special) to iusefp.o(.text) for __I$use$fp
    ddiv.o(.text) refers to depilogue.o(.text) for _double_round
    dflti.o(.text) refers (Special) to iusefp.o(.text) for __I$use$fp
    dflti.o(.text) refers to depilogue.o(.text) for _double_epilogue
    dfltui.o(.text) refers (Special) to iusefp.o(.text) for __I$use$fp
    dfltui.o(.text) refers to depilogue.o(.text) for _double_epilogue
    dfixi.o(.text) refers (Special) to iusefp.o(.text) for __I$use$fp
    dfixi.o(.text) refers to llushr.o(.text) for __aeabi_llsr
    dfixui.o(.text) refers (Special) to iusefp.o(.text) for __I$use$fp
    dfixui.o(.text) refers to llushr.o(.text) for __aeabi_llsr
    f2d.o(.text) refers (Special) to iusefp.o(.text) for __I$use$fp
    cdcmple.o(.text) refers (Special) to iusefp.o(.text) for __I$use$fp
    d2f.o(.text) refers (Special) to iusefp.o(.text) for __I$use$fp
    d2f.o(.text) refers to fepilogue.o(.text) for _float_round
    entry2.o(.ARM.Collect$$$$00000001) refers to entry2.o(.ARM.Collect$$$$00002712) for __lit__00000000
    entry2.o(.ARM.Collect$$$$00002712) refers to startup_stm32f411xe.o(STACK) for __initial_sp
    entry2.o(__vectab_stack_and_reset_area) refers to startup_stm32f411xe.o(STACK) for __initial_sp
    entry2.o(__vectab_stack_and_reset_area) refers to entry.o(.ARM.Collect$$$$00000000) for __main
    entry5.o(.ARM.Collect$$$$00000004) refers to init.o(.text) for __scatterload
    entry9a.o(.ARM.Collect$$$$0000000B) refers to main.o(i.main) for main
    entry9b.o(.ARM.Collect$$$$0000000C) refers to main.o(i.main) for main
    uldiv.o(.text) refers to llushr.o(.text) for __aeabi_llsr
    uldiv.o(.text) refers to llshl.o(.text) for __aeabi_llsl
    errno.o(i.__aeabi_errno_addr) refers to errno.o(.data) for .data
    errno.o(i.__read_errno) refers to errno.o(.data) for .data
    errno.o(i.__set_errno) refers to errno.o(.data) for .data
    depilogue.o(.text) refers to llshl.o(.text) for __aeabi_llsl
    depilogue.o(.text) refers to llushr.o(.text) for __aeabi_llsr
    dsqrt.o(.text) refers to llushr.o(.text) for __aeabi_llsr
    dsqrt.o(.text) refers to depilogue.o(.text) for _double_round
    dfixul.o(.text) refers to llushr.o(.text) for __aeabi_llsr
    dfixul.o(.text) refers to llshl.o(.text) for __aeabi_llsl
    init.o(.text) refers to entry5.o(.ARM.Collect$$$$00000004) for __main_after_scatterload


==============================================================================

Removing Unused input sections from the image.

    Removing main.o(.rev16_text), (4 bytes).
    Removing main.o(.revsh_text), (4 bytes).
    Removing main.o(.rrx_text), (6 bytes).
    Removing menu.o(.rev16_text), (4 bytes).
    Removing menu.o(.revsh_text), (4 bytes).
    Removing menu.o(.rrx_text), (6 bytes).
    Removing startup_stm32f411xe.o(HEAP), (512 bytes).
    Removing usart.o(.rev16_text), (4 bytes).
    Removing usart.o(.revsh_text), (4 bytes).
    Removing usart.o(.rrx_text), (6 bytes).
    Removing usart.o(i.B2S), (30 bytes).
    Removing usart.o(i.Byte_Receive), (48 bytes).
    Removing usart.o(i.Byte_Send), (48 bytes).
    Removing usart.o(i.Led_Switch), (112 bytes).
    Removing usart.o(i.Str_Send), (26 bytes).
    Removing usart.o(i._sys_exit), (4 bytes).
    Removing usart.o(i._ttywrch), (24 bytes).
    Removing usart.o(i.ferror), (8 bytes).
    Removing delay.o(.rev16_text), (4 bytes).
    Removing delay.o(.revsh_text), (4 bytes).
    Removing delay.o(.rrx_text), (6 bytes).
    Removing spi.o(.rev16_text), (4 bytes).
    Removing spi.o(.revsh_text), (4 bytes).
    Removing spi.o(.rrx_text), (6 bytes).
    Removing iic.o(.rev16_text), (4 bytes).
    Removing iic.o(.revsh_text), (4 bytes).
    Removing iic.o(.rrx_text), (6 bytes).
    Removing rtc.o(.rev16_text), (4 bytes).
    Removing rtc.o(.revsh_text), (4 bytes).
    Removing rtc.o(.rrx_text), (6 bytes).
    Removing rtc.o(i.Print_Time), (156 bytes).
    Removing rtc.o(i.RTC_Setting_DT), (280 bytes).
    Removing rtc.o(i.Usart_Setting_DT), (76 bytes).
    Removing rtc.o(i.isDate_Time), (408 bytes).
    Removing led.o(.rev16_text), (4 bytes).
    Removing led.o(.revsh_text), (4 bytes).
    Removing led.o(.rrx_text), (6 bytes).
    Removing key.o(.rev16_text), (4 bytes).
    Removing key.o(.revsh_text), (4 bytes).
    Removing key.o(.rrx_text), (6 bytes).
    Removing oled_screen.o(.rev16_text), (4 bytes).
    Removing oled_screen.o(.revsh_text), (4 bytes).
    Removing oled_screen.o(.rrx_text), (6 bytes).
    Removing oled_screen.o(i.OLED_OFF), (28 bytes).
    Removing oled_screen.o(i.OLED_ON), (28 bytes).
    Removing oled_screen.o(i.OLED_Set_Contrast), (22 bytes).
    Removing oled_screen.o(i.OLED_Set_Pos), (44 bytes).
    Removing oled_screen.o(i.OLED_Show_Pic_t), (192 bytes).
    Removing sht20.o(.rev16_text), (4 bytes).
    Removing sht20.o(.revsh_text), (4 bytes).
    Removing sht20.o(.rrx_text), (6 bytes).
    Removing sht20.o(i.SHT20_Print), (84 bytes).
    Removing motor.o(.rev16_text), (4 bytes).
    Removing motor.o(.revsh_text), (4 bytes).
    Removing motor.o(.rrx_text), (6 bytes).
    Removing motor.o(i.Motor_Init), (480 bytes).
    Removing motor.o(i.Motor_Speed), (84 bytes).
    Removing hp6.o(.rev16_text), (4 bytes).
    Removing hp6.o(.revsh_text), (4 bytes).
    Removing hp6.o(.rrx_text), (6 bytes).
    Removing hp6.o(i.HP_6_Delay_ms), (14 bytes).
    Removing hp6.o(i.HP_6_GetADC), (68 bytes).
    Removing hp6.o(i.HP_6_PowerSaving), (44 bytes).
    Removing hp6.o(i.HP_6_VersionInfo), (44 bytes).
    Removing hp6_iic.o(.rev16_text), (4 bytes).
    Removing hp6_iic.o(.revsh_text), (4 bytes).
    Removing hp6_iic.o(.rrx_text), (6 bytes).
    Removing mpu6050.o(.rev16_text), (4 bytes).
    Removing mpu6050.o(.revsh_text), (4 bytes).
    Removing mpu6050.o(.rrx_text), (6 bytes).
    Removing mpu6050.o(i.MPU_Get_Gyroscope), (80 bytes).
    Removing mpu6050.o(i.MPU_Get_Temperature), (132 bytes).
    Removing mpu6050.o(i.MPU_Set_Gyro_Fsr), (16 bytes).
    Removing mpu6050.o(i.MPU_Write_Len), (64 bytes).
    Removing stepalgorithm.o(.rev16_text), (4 bytes).
    Removing stepalgorithm.o(.revsh_text), (4 bytes).
    Removing stepalgorithm.o(.rrx_text), (6 bytes).
    Removing watchinfo.o(.rev16_text), (4 bytes).
    Removing watchinfo.o(.revsh_text), (4 bytes).
    Removing watchinfo.o(.rrx_text), (6 bytes).
    Removing bluetooth.o(.rev16_text), (4 bytes).
    Removing bluetooth.o(.revsh_text), (4 bytes).
    Removing bluetooth.o(.rrx_text), (6 bytes).
    Removing bluetooth.o(i.BT_disable), (20 bytes).
    Removing gpio.o(.rev16_text), (4 bytes).
    Removing gpio.o(.revsh_text), (4 bytes).
    Removing gpio.o(.rrx_text), (6 bytes).
    Removing gpio.o(i.GPIO_AFset), (64 bytes).
    Removing system_stm32f4xx.o(.rev16_text), (4 bytes).
    Removing system_stm32f4xx.o(.revsh_text), (4 bytes).
    Removing system_stm32f4xx.o(.rrx_text), (6 bytes).
    Removing system_stm32f4xx.o(i.SystemCoreClockUpdate), (168 bytes).
    Removing system_stm32f4xx.o(.data), (20 bytes).

93 unused section(s) (total 3708 bytes) removed from the image.

==============================================================================

Image Symbol Table

    Local Symbols

    Symbol Name                              Value     Ov Type        Size  Object(Section)

    ../clib/../cmprslib/zerorunl2.c          0x00000000   Number         0  __dczerorl2.o ABSOLUTE
    ../clib/microlib/division.c              0x00000000   Number         0  uidiv.o ABSOLUTE
    ../clib/microlib/division.c              0x00000000   Number         0  uldiv.o ABSOLUTE
    ../clib/microlib/errno.c                 0x00000000   Number         0  errno.o ABSOLUTE
    ../clib/microlib/init/entry.s            0x00000000   Number         0  entry10b.o ABSOLUTE
    ../clib/microlib/init/entry.s            0x00000000   Number         0  entry10a.o ABSOLUTE
    ../clib/microlib/init/entry.s            0x00000000   Number         0  entry9b.o ABSOLUTE
    ../clib/microlib/init/entry.s            0x00000000   Number         0  entry.o ABSOLUTE
    ../clib/microlib/init/entry.s            0x00000000   Number         0  entry2.o ABSOLUTE
    ../clib/microlib/init/entry.s            0x00000000   Number         0  entry5.o ABSOLUTE
    ../clib/microlib/init/entry.s            0x00000000   Number         0  entry7a.o ABSOLUTE
    ../clib/microlib/init/entry.s            0x00000000   Number         0  entry8a.o ABSOLUTE
    ../clib/microlib/init/entry.s            0x00000000   Number         0  entry8b.o ABSOLUTE
    ../clib/microlib/init/entry.s            0x00000000   Number         0  entry9a.o ABSOLUTE
    ../clib/microlib/init/entry.s            0x00000000   Number         0  entry7b.o ABSOLUTE
    ../clib/microlib/init/entry.s            0x00000000   Number         0  entry11b.o ABSOLUTE
    ../clib/microlib/init/entry.s            0x00000000   Number         0  entry11a.o ABSOLUTE
    ../clib/microlib/longlong.c              0x00000000   Number         0  llushr.o ABSOLUTE
    ../clib/microlib/longlong.c              0x00000000   Number         0  llshl.o ABSOLUTE
    ../clib/microlib/longlong.c              0x00000000   Number         0  llsshr.o ABSOLUTE
    ../clib/microlib/printf/printf.c         0x00000000   Number         0  printf1.o ABSOLUTE
    ../clib/microlib/printf/printf.c         0x00000000   Number         0  printf0.o ABSOLUTE
    ../clib/microlib/printf/printf.c         0x00000000   Number         0  printfb.o ABSOLUTE
    ../clib/microlib/printf/printf.c         0x00000000   Number         0  printf7.o ABSOLUTE
    ../clib/microlib/printf/printf.c         0x00000000   Number         0  printfa.o ABSOLUTE
    ../clib/microlib/printf/printf.c         0x00000000   Number         0  printf3.o ABSOLUTE
    ../clib/microlib/printf/printf.c         0x00000000   Number         0  printf8.o ABSOLUTE
    ../clib/microlib/printf/printf.c         0x00000000   Number         0  printf6.o ABSOLUTE
    ../clib/microlib/printf/printf.c         0x00000000   Number         0  printf5.o ABSOLUTE
    ../clib/microlib/printf/printf.c         0x00000000   Number         0  printf4.o ABSOLUTE
    ../clib/microlib/printf/printf.c         0x00000000   Number         0  printf2.o ABSOLUTE
    ../clib/microlib/printf/stubs.s          0x00000000   Number         0  stubs.o ABSOLUTE
    ../clib/microlib/string/memset.c         0x00000000   Number         0  memseta.o ABSOLUTE
    ../clib/microlib/string/strcmp.c         0x00000000   Number         0  strcmp.o ABSOLUTE
    ../clib/microlib/stubs.s                 0x00000000   Number         0  iusefp.o ABSOLUTE
    ../clib/microlib/stubs.s                 0x00000000   Number         0  useno.o ABSOLUTE
    ../fplib/microlib/d2f.c                  0x00000000   Number         0  d2f.o ABSOLUTE
    ../fplib/microlib/f2d.c                  0x00000000   Number         0  f2d.o ABSOLUTE
    ../fplib/microlib/fpadd.c                0x00000000   Number         0  dadd.o ABSOLUTE
    ../fplib/microlib/fpdiv.c                0x00000000   Number         0  ddiv.o ABSOLUTE
    ../fplib/microlib/fpepilogue.c           0x00000000   Number         0  fepilogue.o ABSOLUTE
    ../fplib/microlib/fpepilogue.c           0x00000000   Number         0  depilogue.o ABSOLUTE
    ../fplib/microlib/fpfix.c                0x00000000   Number         0  dfixi.o ABSOLUTE
    ../fplib/microlib/fpfix.c                0x00000000   Number         0  dfixui.o ABSOLUTE
    ../fplib/microlib/fpfix.c                0x00000000   Number         0  dfixul.o ABSOLUTE
    ../fplib/microlib/fpflt.c                0x00000000   Number         0  dflti.o ABSOLUTE
    ../fplib/microlib/fpflt.c                0x00000000   Number         0  dfltui.o ABSOLUTE
    ../fplib/microlib/fpmul.c                0x00000000   Number         0  dmul.o ABSOLUTE
    ../fplib/microlib/fpsqrt.c               0x00000000   Number         0  dsqrt.o ABSOLUTE
    ../mathlib/sqrt.c                        0x00000000   Number         0  sqrt_x.o ABSOLUTE
    ../mathlib/sqrt.c                        0x00000000   Number         0  sqrt.o ABSOLUTE
    ..\\app\\src\\delay.c                    0x00000000   Number         0  delay.o ABSOLUTE
    ..\\app\\src\\iic.c                      0x00000000   Number         0  iic.o ABSOLUTE
    ..\\app\\src\\rtc.c                      0x00000000   Number         0  rtc.o ABSOLUTE
    ..\\app\\src\\spi.c                      0x00000000   Number         0  spi.o ABSOLUTE
    ..\\app\\src\\usart.c                    0x00000000   Number         0  usart.o ABSOLUTE
    ..\\cmsis\\src\\system_stm32f4xx.c       0x00000000   Number         0  system_stm32f4xx.o ABSOLUTE
    ..\\driver\\src\\bluetooth.c             0x00000000   Number         0  bluetooth.o ABSOLUTE
    ..\\driver\\src\\gpio.c                  0x00000000   Number         0  gpio.o ABSOLUTE
    ..\\driver\\src\\hp6.c                   0x00000000   Number         0  hp6.o ABSOLUTE
    ..\\driver\\src\\hp6_IIC.c               0x00000000   Number         0  hp6_iic.o ABSOLUTE
    ..\\driver\\src\\key.c                   0x00000000   Number         0  key.o ABSOLUTE
    ..\\driver\\src\\led.c                   0x00000000   Number         0  led.o ABSOLUTE
    ..\\driver\\src\\motor.c                 0x00000000   Number         0  motor.o ABSOLUTE
    ..\\driver\\src\\mpu6050.c               0x00000000   Number         0  mpu6050.o ABSOLUTE
    ..\\driver\\src\\oled_screen.c           0x00000000   Number         0  oled_screen.o ABSOLUTE
    ..\\driver\\src\\sht20.c                 0x00000000   Number         0  sht20.o ABSOLUTE
    ..\\driver\\src\\stepAlgorithm.c         0x00000000   Number         0  stepalgorithm.o ABSOLUTE
    ..\\driver\\src\\watchInfo.c             0x00000000   Number         0  watchinfo.o ABSOLUTE
    ..\\user\\src\\main.c                    0x00000000   Number         0  main.o ABSOLUTE
    ..\\user\\src\\menu.c                    0x00000000   Number         0  menu.o ABSOLUTE
    ..\app\src\delay.c                       0x00000000   Number         0  delay.o ABSOLUTE
    ..\app\src\iic.c                         0x00000000   Number         0  iic.o ABSOLUTE
    ..\app\src\rtc.c                         0x00000000   Number         0  rtc.o ABSOLUTE
    ..\app\src\spi.c                         0x00000000   Number         0  spi.o ABSOLUTE
    ..\app\src\usart.c                       0x00000000   Number         0  usart.o ABSOLUTE
    ..\cmsis\src\system_stm32f4xx.c          0x00000000   Number         0  system_stm32f4xx.o ABSOLUTE
    ..\driver\src\bluetooth.c                0x00000000   Number         0  bluetooth.o ABSOLUTE
    ..\driver\src\gpio.c                     0x00000000   Number         0  gpio.o ABSOLUTE
    ..\driver\src\hp6.c                      0x00000000   Number         0  hp6.o ABSOLUTE
    ..\driver\src\hp6_IIC.c                  0x00000000   Number         0  hp6_iic.o ABSOLUTE
    ..\driver\src\key.c                      0x00000000   Number         0  key.o ABSOLUTE
    ..\driver\src\led.c                      0x00000000   Number         0  led.o ABSOLUTE
    ..\driver\src\motor.c                    0x00000000   Number         0  motor.o ABSOLUTE
    ..\driver\src\mpu6050.c                  0x00000000   Number         0  mpu6050.o ABSOLUTE
    ..\driver\src\oled_screen.c              0x00000000   Number         0  oled_screen.o ABSOLUTE
    ..\driver\src\sht20.c                    0x00000000   Number         0  sht20.o ABSOLUTE
    ..\driver\src\stepAlgorithm.c            0x00000000   Number         0  stepalgorithm.o ABSOLUTE
    ..\driver\src\watchInfo.c                0x00000000   Number         0  watchinfo.o ABSOLUTE
    ..\startup\startup_stm32f411xe.s         0x00000000   Number         0  startup_stm32f411xe.o ABSOLUTE
    ..\user\src\main.c                       0x00000000   Number         0  main.o ABSOLUTE
    ..\user\src\menu.c                       0x00000000   Number         0  menu.o ABSOLUTE
    cdcmple.s                                0x00000000   Number         0  cdcmple.o ABSOLUTE
    cdrcmple.s                               0x00000000   Number         0  cdrcmple.o ABSOLUTE
    dc.s                                     0x00000000   Number         0  dc.o ABSOLUTE
    handlers.s                               0x00000000   Number         0  handlers.o ABSOLUTE
    init.s                                   0x00000000   Number         0  init.o ABSOLUTE
    RESET                                    0x08000000   Section      408  startup_stm32f411xe.o(RESET)
    .ARM.Collect$$$$00000000                 0x08000198   Section        0  entry.o(.ARM.Collect$$$$00000000)
    .ARM.Collect$$$$00000001                 0x08000198   Section        4  entry2.o(.ARM.Collect$$$$00000001)
    .ARM.Collect$$$$00000004                 0x0800019c   Section        4  entry5.o(.ARM.Collect$$$$00000004)
    .ARM.Collect$$$$00000008                 0x080001a0   Section        0  entry7b.o(.ARM.Collect$$$$00000008)
    .ARM.Collect$$$$0000000A                 0x080001a0   Section        0  entry8b.o(.ARM.Collect$$$$0000000A)
    .ARM.Collect$$$$0000000B                 0x080001a0   Section        8  entry9a.o(.ARM.Collect$$$$0000000B)
    .ARM.Collect$$$$0000000D                 0x080001a8   Section        0  entry10a.o(.ARM.Collect$$$$0000000D)
    .ARM.Collect$$$$0000000F                 0x080001a8   Section        0  entry11a.o(.ARM.Collect$$$$0000000F)
    .ARM.Collect$$$$00002712                 0x080001a8   Section        4  entry2.o(.ARM.Collect$$$$00002712)
    __lit__00000000                          0x080001a8   Data           4  entry2.o(.ARM.Collect$$$$00002712)
    .text                                    0x080001ac   Section       36  startup_stm32f411xe.o(.text)
    $v0                                      0x080001ac   Number         0  startup_stm32f411xe.o(.text)
    .text                                    0x080001d0   Section        0  memseta.o(.text)
    .text                                    0x080001f4   Section        0  dadd.o(.text)
    .text                                    0x08000342   Section        0  dmul.o(.text)
    .text                                    0x08000426   Section        0  ddiv.o(.text)
    .text                                    0x08000504   Section        0  dflti.o(.text)
    .text                                    0x08000526   Section        0  dfltui.o(.text)
    .text                                    0x08000540   Section        0  dfixi.o(.text)
    .text                                    0x0800057e   Section        0  dfixui.o(.text)
    .text                                    0x080005b0   Section        0  f2d.o(.text)
    .text                                    0x080005d8   Section       48  cdcmple.o(.text)
    .text                                    0x08000608   Section        0  d2f.o(.text)
    .text                                    0x08000640   Section        0  uidiv.o(.text)
    .text                                    0x0800066c   Section        0  uldiv.o(.text)
    .text                                    0x080006ce   Section        0  llshl.o(.text)
    .text                                    0x080006ec   Section        0  llushr.o(.text)
    .text                                    0x0800070c   Section        0  llsshr.o(.text)
    .text                                    0x08000730   Section        0  fepilogue.o(.text)
    .text                                    0x08000730   Section        0  iusefp.o(.text)
    .text                                    0x0800079e   Section        0  depilogue.o(.text)
    .text                                    0x08000858   Section        0  dsqrt.o(.text)
    .text                                    0x080008fa   Section        0  dfixul.o(.text)
    .text                                    0x0800092c   Section       48  cdrcmple.o(.text)
    .text                                    0x0800095c   Section       36  init.o(.text)
    .text                                    0x08000980   Section        0  __dczerorl2.o(.text)
    i.ADC1_InitCh3                           0x080009d8   Section        0  key.o(i.ADC1_InitCh3)
    ADC1_InitCh3                             0x080009d9   Thumb Code   166  key.o(i.ADC1_InitCh3)
    i.ADC_IRQHandler                         0x08000a90   Section        0  key.o(i.ADC_IRQHandler)
    i.BCD_encode                             0x08000b60   Section        0  rtc.o(i.BCD_encode)
    i.BT_enable                              0x08000b94   Section        0  bluetooth.o(i.BT_enable)
    i.BT_getStatus                           0x08000ba8   Section        0  bluetooth.o(i.BT_getStatus)
    i.BT_init                                0x08000bc0   Section        0  bluetooth.o(i.BT_init)
    i.Bluetooth_Show                         0x08000c14   Section        0  bluetooth.o(i.Bluetooth_Show)
    i.Crc16                                  0x08000c50   Section        0  hp6.o(i.Crc16)
    i.DetectorNewStep                        0x08000c80   Section        0  stepalgorithm.o(i.DetectorNewStep)
    i.DetectorPeak                           0x08000f30   Section        0  stepalgorithm.o(i.DetectorPeak)
    i.GPIO_set                               0x08000fc4   Section        0  gpio.o(i.GPIO_set)
    i.HP6IIC_Init                            0x080010a4   Section        0  hp6_iic.o(i.HP6IIC_Init)
    i.HP6IIC_ReadByte                        0x080010ec   Section        0  hp6_iic.o(i.HP6IIC_ReadByte)
    i.HP6IIC_Start                           0x08001164   Section        0  hp6_iic.o(i.HP6IIC_Start)
    i.HP6IIC_Stop                            0x08001194   Section        0  hp6_iic.o(i.HP6IIC_Stop)
    i.HP6IIC_WriteByte                       0x080011c0   Section        0  hp6_iic.o(i.HP6IIC_WriteByte)
    i.HP_6_CloseBp                           0x0800123c   Section        0  hp6.o(i.HP_6_CloseBp)
    i.HP_6_CloseRate                         0x0800127c   Section        0  hp6.o(i.HP_6_CloseRate)
    i.HP_6_GetBpResult                       0x080012bc   Section        0  hp6.o(i.HP_6_GetBpResult)
    i.HP_6_GetRateResult                     0x080012e8   Section        0  hp6.o(i.HP_6_GetRateResult)
    i.HP_6_GetResultData                     0x08001314   Section        0  hp6.o(i.HP_6_GetResultData)
    i.HP_6_Measurement_bp                    0x08001338   Section        0  hp6.o(i.HP_6_Measurement_bp)
    i.HP_6_Measurement_rate                  0x0800142c   Section        0  hp6.o(i.HP_6_Measurement_rate)
    i.HP_6_OpenBp                            0x08001500   Section        0  hp6.o(i.HP_6_OpenBp)
    i.HP_6_OpenRate                          0x0800153c   Section        0  hp6.o(i.HP_6_OpenRate)
    i.HP_6_SendCmd                           0x08001578   Section        0  hp6.o(i.HP_6_SendCmd)
    i.Hp_6_I2CRead                           0x080015be   Section        0  hp6.o(i.Hp_6_I2CRead)
    i.Hp_6_I2CWrite                          0x080015fe   Section        0  hp6.o(i.Hp_6_I2CWrite)
    i.Hp_6_init                              0x08001630   Section        0  hp6.o(i.Hp_6_init)
    i.IIC_IO_Init                            0x08001694   Section        0  iic.o(i.IIC_IO_Init)
    i.IIC_ReadByte                           0x08001704   Section        0  iic.o(i.IIC_ReadByte)
    i.IIC_Start                              0x08001788   Section        0  iic.o(i.IIC_Start)
    i.IIC_Stop                               0x080017c4   Section        0  iic.o(i.IIC_Stop)
    i.IIC_WriteByte                          0x080017f8   Section        0  iic.o(i.IIC_WriteByte)
    i.Key_Init                               0x0800187c   Section        0  key.o(i.Key_Init)
    i.Key_Scan                               0x080018b4   Section        0  key.o(i.Key_Scan)
    i.Led_Io_Init                            0x080018f0   Section        0  led.o(i.Led_Io_Init)
    i.MPU_Get_Accelerometer                  0x0800193c   Section        0  mpu6050.o(i.MPU_Get_Accelerometer)
    i.MPU_Init                               0x0800198c   Section        0  mpu6050.o(i.MPU_Init)
    i.MPU_Read_Byte                          0x080019fc   Section        0  mpu6050.o(i.MPU_Read_Byte)
    i.MPU_Read_Len                           0x08001a2a   Section        0  mpu6050.o(i.MPU_Read_Len)
    i.MPU_Set_Accel_Fsr                      0x08001a88   Section        0  mpu6050.o(i.MPU_Set_Accel_Fsr)
    i.MPU_Set_LPF                            0x08001a98   Section        0  mpu6050.o(i.MPU_Set_LPF)
    i.MPU_Set_Rate                           0x08001ad2   Section        0  mpu6050.o(i.MPU_Set_Rate)
    i.MPU_Show                               0x08001b0c   Section        0  mpu6050.o(i.MPU_Show)
    i.MPU_Write_Byte                         0x08001d48   Section        0  mpu6050.o(i.MPU_Write_Byte)
    i.NVIC_EnableIRQ                         0x08001d6c   Section        0  usart.o(i.NVIC_EnableIRQ)
    NVIC_EnableIRQ                           0x08001d6d   Thumb Code    22  usart.o(i.NVIC_EnableIRQ)
    i.NVIC_EnableIRQ                         0x08001d82   Section        0  key.o(i.NVIC_EnableIRQ)
    NVIC_EnableIRQ                           0x08001d83   Thumb Code    22  key.o(i.NVIC_EnableIRQ)
    i.NVIC_EncodePriority                    0x08001d98   Section        0  usart.o(i.NVIC_EncodePriority)
    NVIC_EncodePriority                      0x08001d99   Thumb Code    64  usart.o(i.NVIC_EncodePriority)
    i.NVIC_SetPriority                       0x08001dd8   Section        0  usart.o(i.NVIC_SetPriority)
    NVIC_SetPriority                         0x08001dd9   Thumb Code    32  usart.o(i.NVIC_SetPriority)
    i.NVIC_SetPriorityGrouping               0x08001e00   Section        0  usart.o(i.NVIC_SetPriorityGrouping)
    NVIC_SetPriorityGrouping                 0x08001e01   Thumb Code    30  usart.o(i.NVIC_SetPriorityGrouping)
    i.Number2String                          0x08001e28   Section        0  oled_screen.o(i.Number2String)
    i.OLED_Clear                             0x08001ea0   Section        0  oled_screen.o(i.OLED_Clear)
    i.OLED_Init                              0x08001ee0   Section        0  oled_screen.o(i.OLED_Init)
    i.OLED_Io_Init                           0x08001ff0   Section        0  oled_screen.o(i.OLED_Io_Init)
    i.OLED_Reset                             0x080020b0   Section        0  oled_screen.o(i.OLED_Reset)
    i.OLED_Set_PC                            0x080020e0   Section        0  oled_screen.o(i.OLED_Set_PC)
    i.OLED_Show_Char                         0x08002114   Section        0  oled_screen.o(i.OLED_Show_Char)
    i.OLED_Show_Chinese                      0x080022d0   Section        0  oled_screen.o(i.OLED_Show_Chinese)
    i.OLED_Show_Multi_Chinese                0x0800235c   Section        0  oled_screen.o(i.OLED_Show_Multi_Chinese)
    i.OLED_Show_Pic                          0x0800238e   Section        0  oled_screen.o(i.OLED_Show_Pic)
    i.OLED_Show_String                       0x08002426   Section        0  oled_screen.o(i.OLED_Show_String)
    i.OLED_Write_Byte                        0x080024a8   Section        0  oled_screen.o(i.OLED_Write_Byte)
    i.Peak_Valley_Thread                     0x080024d4   Section        0  stepalgorithm.o(i.Peak_Valley_Thread)
    i.RTC_Init                               0x08002550   Section        0  rtc.o(i.RTC_Init)
    i.RTC_Setting                            0x08002638   Section        0  rtc.o(i.RTC_Setting)
    i.Read_DT                                0x08002778   Section        0  rtc.o(i.Read_DT)
    i.SHT20_Calculation                      0x080027fc   Section        0  sht20.o(i.SHT20_Calculation)
    i.SHT20_Init                             0x080028c8   Section        0  sht20.o(i.SHT20_Init)
    i.SHT20_Show                             0x080028ec   Section        0  sht20.o(i.SHT20_Show)
    i.SHT20_Write_CMD                        0x080029b8   Section        0  sht20.o(i.SHT20_Write_CMD)
    i.SetSysClock                            0x08002a5c   Section        0  system_stm32f4xx.o(i.SetSysClock)
    SetSysClock                              0x08002a5d   Thumb Code   138  system_stm32f4xx.o(i.SetSysClock)
    i.Show_Main_Interface                    0x08002af8   Section        0  menu.o(i.Show_Main_Interface)
    i.Show_Time                              0x08002dfc   Section        0  rtc.o(i.Show_Time)
    i.Spi_Io_Init                            0x08002f0c   Section        0  spi.o(i.Spi_Io_Init)
    i.Spi_Write_Byte                         0x08002f7c   Section        0  spi.o(i.Spi_Write_Byte)
    i.SystemInit                             0x08002fcc   Section        0  system_stm32f4xx.o(i.SystemInit)
    i.TIM1_BRK_TIM9_IRQHandler               0x08003034   Section        0  usart.o(i.TIM1_BRK_TIM9_IRQHandler)
    i.TIM2_IRQHandler                        0x08003074   Section        0  motor.o(i.TIM2_IRQHandler)
    i.TIM3_IRQHandler                        0x08003094   Section        0  key.o(i.TIM3_IRQHandler)
    i.TIM3_Init                              0x080030f4   Section        0  key.o(i.TIM3_Init)
    i.Time10_Configuration                   0x08003158   Section        0  delay.o(i.Time10_Configuration)
    i.Time9_Configuration                    0x080031e8   Section        0  usart.o(i.Time9_Configuration)
    i.USART1_IRQHandler                      0x080032dc   Section        0  usart.o(i.USART1_IRQHandler)
    i.Usart1_Init                            0x08003380   Section        0  usart.o(i.Usart1_Init)
    i.WatchInfo_getUserInfo                  0x0800355c   Section        0  watchinfo.o(i.WatchInfo_getUserInfo)
    i.WatchInfo_init                         0x08003570   Section        0  watchinfo.o(i.WatchInfo_init)
    i.WatchInfo_setUserInfo                  0x08003580   Section        0  watchinfo.o(i.WatchInfo_setUserInfo)
    i.__0printf                              0x080035b8   Section        0  printfa.o(i.__0printf)
    i.__0sprintf                             0x080035d8   Section        0  printfa.o(i.__0sprintf)
    i.__hardfp_sqrt                          0x08003600   Section        0  sqrt.o(i.__hardfp_sqrt)
    i.__scatterload_copy                     0x0800367a   Section       14  handlers.o(i.__scatterload_copy)
    i.__scatterload_null                     0x08003688   Section        2  handlers.o(i.__scatterload_null)
    i.__scatterload_zeroinit                 0x0800368a   Section       14  handlers.o(i.__scatterload_zeroinit)
    i.__set_errno                            0x08003698   Section        0  errno.o(i.__set_errno)
    i._fp_digits                             0x080036a4   Section        0  printfa.o(i._fp_digits)
    _fp_digits                               0x080036a5   Thumb Code   334  printfa.o(i._fp_digits)
    i._printf_core                           0x08003808   Section        0  printfa.o(i._printf_core)
    _printf_core                             0x08003809   Thumb Code  1744  printfa.o(i._printf_core)
    i._printf_post_padding                   0x08003ee4   Section        0  printfa.o(i._printf_post_padding)
    _printf_post_padding                     0x08003ee5   Thumb Code    36  printfa.o(i._printf_post_padding)
    i._printf_pre_padding                    0x08003f08   Section        0  printfa.o(i._printf_pre_padding)
    _printf_pre_padding                      0x08003f09   Thumb Code    46  printfa.o(i._printf_pre_padding)
    i._sputc                                 0x08003f36   Section        0  printfa.o(i._sputc)
    _sputc                                   0x08003f37   Thumb Code    10  printfa.o(i._sputc)
    i.averageValue                           0x08003f40   Section        0  stepalgorithm.o(i.averageValue)
    i.delay_ms                               0x0800401c   Section        0  delay.o(i.delay_ms)
    i.delay_nms                              0x080040a4   Section        0  delay.o(i.delay_nms)
    i.delay_us                               0x080040b8   Section        0  delay.o(i.delay_us)
    i.fputc                                  0x08004130   Section        0  usart.o(i.fputc)
    i.main                                   0x08004148   Section        0  main.o(i.main)
    i.onSensorChanged                        0x08004278   Section        0  stepalgorithm.o(i.onSensorChanged)
    .constdata                               0x08004314   Section        8  main.o(.constdata)
    .constdata                               0x0800431c   Section      664  menu.o(.constdata)
    .constdata                               0x080045b4   Section     6632  oled_screen.o(.constdata)
    .constdata                               0x08005f9c   Section       10  sht20.o(.constdata)
    .constdata                               0x08005fa6   Section     3012  hp6.o(.constdata)
    .constdata                               0x08006b6a   Section     2048  bluetooth.o(.constdata)
    .data                                    0x20000000   Section       12  menu.o(.data)
    Cursor                                   0x20000000   Data           6  menu.o(.data)
    .data                                    0x2000000c   Section       12  usart.o(.data)
    .data                                    0x20000018   Section       17  rtc.o(.data)
    last_second                              0x20000027   Data           1  rtc.o(.data)
    last_second                              0x20000028   Data           1  rtc.o(.data)
    .data                                    0x20000029   Section       16  key.o(.data)
    KeyStatus                                0x2000002a   Data           5  key.o(.data)
    key_buf                                  0x2000002f   Data           1  key.o(.data)
    AdcKeyBuf                                0x20000030   Data           4  key.o(.data)
    KeyLastSta                               0x20000034   Data           5  key.o(.data)
    .data                                    0x20000039   Section     1600  oled_screen.o(.data)
    .data                                    0x2000067a   Section        2  sht20.o(.data)
    .data                                    0x2000067c   Section        2  hp6.o(.data)
    heart_rate_open_flag                     0x2000067c   Data           1  hp6.o(.data)
    flag                                     0x2000067d   Data           1  hp6.o(.data)
    .data                                    0x2000067e   Section        7  mpu6050.o(.data)
    time_cnt                                 0x2000067e   Data           1  mpu6050.o(.data)
    timeStamp                                0x2000067f   Data           4  mpu6050.o(.data)
    tempSecond                               0x20000683   Data           1  mpu6050.o(.data)
    flag                                     0x20000684   Data           1  mpu6050.o(.data)
    .data                                    0x20000688   Section       68  stepalgorithm.o(.data)
    stepTempCount                            0x200006c0   Data           1  stepalgorithm.o(.data)
    time_old                                 0x200006c4   Data           4  stepalgorithm.o(.data)
    step_per_2_second                        0x200006c8   Data           4  stepalgorithm.o(.data)
    .data                                    0x200006cc   Section        8  watchinfo.o(.data)
    .data                                    0x200006d4   Section        4  errno.o(.data)
    _errno                                   0x200006d4   Data           4  errno.o(.data)
    .bss                                     0x200006d8   Section      256  usart.o(.bss)
    .bss                                     0x200007d8   Section       48  hp6.o(.bss)
    tx_buf                                   0x200007d8   Data          24  hp6.o(.bss)
    rx_buf                                   0x200007f0   Data          24  hp6.o(.bss)
    .bss                                     0x20000808   Section       12  mpu6050.o(.bss)
    userSportsInfo                           0x20000808   Data          12  mpu6050.o(.bss)
    .bss                                     0x20000814   Section       52  stepalgorithm.o(.bss)
    sportsInfo                               0x2000083c   Data          12  stepalgorithm.o(.bss)
    STACK                                    0x20000848   Section     1024  startup_stm32f411xe.o(STACK)

    Global Symbols

    Symbol Name                              Value     Ov Type        Size  Object(Section)

    BuildAttributes$$THM_ISAv4$E$P$D$K$B$S$7EM$VFPi3$EXTD16$VFPS$VFMA$PE$A:L22UL41UL21$X:L11$S22US41US21$IEEE1$IW$USESV6$~STKCKD$USESV7$~SHL$OTIME$ROPI$IEEEJ$EBA8$MICROLIB$REQ8$PRES8$EABIv2 0x00000000   Number         0  anon$$obj.o ABSOLUTE
    __ARM_use_no_argv                        0x00000000   Number         0  main.o ABSOLUTE
    __use_no_errno                           0x00000000   Number         0  useno.o ABSOLUTE
    __use_no_exception_handling              0x00000000   Number         0  useno.o ABSOLUTE
    __use_no_fp                              0x00000000   Number         0  useno.o ABSOLUTE
    __use_no_heap                            0x00000000   Number         0  useno.o ABSOLUTE
    __use_no_heap_region                     0x00000000   Number         0  useno.o ABSOLUTE
    __use_no_semihosting                     0x00000000   Number         0  useno.o ABSOLUTE
    __use_no_semihosting_swi                 0x00000000   Number         0  useno.o ABSOLUTE
    __use_no_signal_handling                 0x00000000   Number         0  useno.o ABSOLUTE
    _printf_a                                0x00000000   Number         0  stubs.o ABSOLUTE
    _printf_c                                0x00000000   Number         0  stubs.o ABSOLUTE
    _printf_charcount                        0x00000000   Number         0  stubs.o ABSOLUTE
    _printf_d                                0x00000000   Number         0  stubs.o ABSOLUTE
    _printf_e                                0x00000000   Number         0  stubs.o ABSOLUTE
    _printf_f                                0x00000000   Number         0  stubs.o ABSOLUTE
    _printf_flags                            0x00000000   Number         0  stubs.o ABSOLUTE
    _printf_fp_dec                           0x00000000   Number         0  stubs.o ABSOLUTE
    _printf_fp_hex                           0x00000000   Number         0  stubs.o ABSOLUTE
    _printf_g                                0x00000000   Number         0  stubs.o ABSOLUTE
    _printf_i                                0x00000000   Number         0  stubs.o ABSOLUTE
    _printf_int_dec                          0x00000000   Number         0  stubs.o ABSOLUTE
    _printf_l                                0x00000000   Number         0  stubs.o ABSOLUTE
    _printf_lc                               0x00000000   Number         0  stubs.o ABSOLUTE
    _printf_ll                               0x00000000   Number         0  stubs.o ABSOLUTE
    _printf_lld                              0x00000000   Number         0  stubs.o ABSOLUTE
    _printf_lli                              0x00000000   Number         0  stubs.o ABSOLUTE
    _printf_llo                              0x00000000   Number         0  stubs.o ABSOLUTE
    _printf_llu                              0x00000000   Number         0  stubs.o ABSOLUTE
    _printf_llx                              0x00000000   Number         0  stubs.o ABSOLUTE
    _printf_longlong_dec                     0x00000000   Number         0  stubs.o ABSOLUTE
    _printf_longlong_hex                     0x00000000   Number         0  stubs.o ABSOLUTE
    _printf_longlong_oct                     0x00000000   Number         0  stubs.o ABSOLUTE
    _printf_ls                               0x00000000   Number         0  stubs.o ABSOLUTE
    _printf_mbtowc                           0x00000000   Number         0  stubs.o ABSOLUTE
    _printf_n                                0x00000000   Number         0  stubs.o ABSOLUTE
    _printf_o                                0x00000000   Number         0  stubs.o ABSOLUTE
    _printf_p                                0x00000000   Number         0  stubs.o ABSOLUTE
    _printf_percent                          0x00000000   Number         0  stubs.o ABSOLUTE
    _printf_pre_padding                      0x00000000   Number         0  stubs.o ABSOLUTE
    _printf_return_value                     0x00000000   Number         0  stubs.o ABSOLUTE
    _printf_s                                0x00000000   Number         0  stubs.o ABSOLUTE
    _printf_sizespec                         0x00000000   Number         0  stubs.o ABSOLUTE
    _printf_str                              0x00000000   Number         0  stubs.o ABSOLUTE
    _printf_truncate_signed                  0x00000000   Number         0  stubs.o ABSOLUTE
    _printf_truncate_unsigned                0x00000000   Number         0  stubs.o ABSOLUTE
    _printf_u                                0x00000000   Number         0  stubs.o ABSOLUTE
    _printf_wc                               0x00000000   Number         0  stubs.o ABSOLUTE
    _printf_wctomb                           0x00000000   Number         0  stubs.o ABSOLUTE
    _printf_widthprec                        0x00000000   Number         0  stubs.o ABSOLUTE
    _printf_x                                0x00000000   Number         0  stubs.o ABSOLUTE
    __cpp_initialize__aeabi_                  - Undefined Weak Reference
    __cxa_finalize                            - Undefined Weak Reference
    _clock_init                               - Undefined Weak Reference
    _microlib_exit                            - Undefined Weak Reference
    __Vectors_Size                           0x00000198   Number         0  startup_stm32f411xe.o ABSOLUTE
    __Vectors                                0x08000000   Data           4  startup_stm32f411xe.o(RESET)
    __Vectors_End                            0x08000198   Data           0  startup_stm32f411xe.o(RESET)
    __main                                   0x08000199   Thumb Code     0  entry.o(.ARM.Collect$$$$00000000)
    _main_stk                                0x08000199   Thumb Code     0  entry2.o(.ARM.Collect$$$$00000001)
    _main_scatterload                        0x0800019d   Thumb Code     0  entry5.o(.ARM.Collect$$$$00000004)
    __main_after_scatterload                 0x080001a1   Thumb Code     0  entry5.o(.ARM.Collect$$$$00000004)
    _main_clock                              0x080001a1   Thumb Code     0  entry7b.o(.ARM.Collect$$$$00000008)
    _main_cpp_init                           0x080001a1   Thumb Code     0  entry8b.o(.ARM.Collect$$$$0000000A)
    _main_init                               0x080001a1   Thumb Code     0  entry9a.o(.ARM.Collect$$$$0000000B)
    __rt_final_cpp                           0x080001a9   Thumb Code     0  entry10a.o(.ARM.Collect$$$$0000000D)
    __rt_final_exit                          0x080001a9   Thumb Code     0  entry11a.o(.ARM.Collect$$$$0000000F)
    Reset_Handler                            0x080001ad   Thumb Code     8  startup_stm32f411xe.o(.text)
    NMI_Handler                              0x080001b5   Thumb Code     2  startup_stm32f411xe.o(.text)
    HardFault_Handler                        0x080001b7   Thumb Code     2  startup_stm32f411xe.o(.text)
    MemManage_Handler                        0x080001b9   Thumb Code     2  startup_stm32f411xe.o(.text)
    BusFault_Handler                         0x080001bb   Thumb Code     2  startup_stm32f411xe.o(.text)
    UsageFault_Handler                       0x080001bd   Thumb Code     2  startup_stm32f411xe.o(.text)
    SVC_Handler                              0x080001bf   Thumb Code     2  startup_stm32f411xe.o(.text)
    DebugMon_Handler                         0x080001c1   Thumb Code     2  startup_stm32f411xe.o(.text)
    PendSV_Handler                           0x080001c3   Thumb Code     2  startup_stm32f411xe.o(.text)
    SysTick_Handler                          0x080001c5   Thumb Code     2  startup_stm32f411xe.o(.text)
    DMA1_Stream0_IRQHandler                  0x080001c7   Thumb Code     0  startup_stm32f411xe.o(.text)
    DMA1_Stream1_IRQHandler                  0x080001c7   Thumb Code     0  startup_stm32f411xe.o(.text)
    DMA1_Stream2_IRQHandler                  0x080001c7   Thumb Code     0  startup_stm32f411xe.o(.text)
    DMA1_Stream3_IRQHandler                  0x080001c7   Thumb Code     0  startup_stm32f411xe.o(.text)
    DMA1_Stream4_IRQHandler                  0x080001c7   Thumb Code     0  startup_stm32f411xe.o(.text)
    DMA1_Stream5_IRQHandler                  0x080001c7   Thumb Code     0  startup_stm32f411xe.o(.text)
    DMA1_Stream6_IRQHandler                  0x080001c7   Thumb Code     0  startup_stm32f411xe.o(.text)
    DMA1_Stream7_IRQHandler                  0x080001c7   Thumb Code     0  startup_stm32f411xe.o(.text)
    DMA2_Stream0_IRQHandler                  0x080001c7   Thumb Code     0  startup_stm32f411xe.o(.text)
    DMA2_Stream1_IRQHandler                  0x080001c7   Thumb Code     0  startup_stm32f411xe.o(.text)
    DMA2_Stream2_IRQHandler                  0x080001c7   Thumb Code     0  startup_stm32f411xe.o(.text)
    DMA2_Stream3_IRQHandler                  0x080001c7   Thumb Code     0  startup_stm32f411xe.o(.text)
    DMA2_Stream4_IRQHandler                  0x080001c7   Thumb Code     0  startup_stm32f411xe.o(.text)
    DMA2_Stream5_IRQHandler                  0x080001c7   Thumb Code     0  startup_stm32f411xe.o(.text)
    DMA2_Stream6_IRQHandler                  0x080001c7   Thumb Code     0  startup_stm32f411xe.o(.text)
    DMA2_Stream7_IRQHandler                  0x080001c7   Thumb Code     0  startup_stm32f411xe.o(.text)
    EXTI0_IRQHandler                         0x080001c7   Thumb Code     0  startup_stm32f411xe.o(.text)
    EXTI15_10_IRQHandler                     0x080001c7   Thumb Code     0  startup_stm32f411xe.o(.text)
    EXTI1_IRQHandler                         0x080001c7   Thumb Code     0  startup_stm32f411xe.o(.text)
    EXTI2_IRQHandler                         0x080001c7   Thumb Code     0  startup_stm32f411xe.o(.text)
    EXTI3_IRQHandler                         0x080001c7   Thumb Code     0  startup_stm32f411xe.o(.text)
    EXTI4_IRQHandler                         0x080001c7   Thumb Code     0  startup_stm32f411xe.o(.text)
    EXTI9_5_IRQHandler                       0x080001c7   Thumb Code     0  startup_stm32f411xe.o(.text)
    FLASH_IRQHandler                         0x080001c7   Thumb Code     0  startup_stm32f411xe.o(.text)
    FPU_IRQHandler                           0x080001c7   Thumb Code     0  startup_stm32f411xe.o(.text)
    I2C1_ER_IRQHandler                       0x080001c7   Thumb Code     0  startup_stm32f411xe.o(.text)
    I2C1_EV_IRQHandler                       0x080001c7   Thumb Code     0  startup_stm32f411xe.o(.text)
    I2C2_ER_IRQHandler                       0x080001c7   Thumb Code     0  startup_stm32f411xe.o(.text)
    I2C2_EV_IRQHandler                       0x080001c7   Thumb Code     0  startup_stm32f411xe.o(.text)
    I2C3_ER_IRQHandler                       0x080001c7   Thumb Code     0  startup_stm32f411xe.o(.text)
    I2C3_EV_IRQHandler                       0x080001c7   Thumb Code     0  startup_stm32f411xe.o(.text)
    OTG_FS_IRQHandler                        0x080001c7   Thumb Code     0  startup_stm32f411xe.o(.text)
    OTG_FS_WKUP_IRQHandler                   0x080001c7   Thumb Code     0  startup_stm32f411xe.o(.text)
    PVD_IRQHandler                           0x080001c7   Thumb Code     0  startup_stm32f411xe.o(.text)
    RCC_IRQHandler                           0x080001c7   Thumb Code     0  startup_stm32f411xe.o(.text)
    RTC_Alarm_IRQHandler                     0x080001c7   Thumb Code     0  startup_stm32f411xe.o(.text)
    RTC_WKUP_IRQHandler                      0x080001c7   Thumb Code     0  startup_stm32f411xe.o(.text)
    SDIO_IRQHandler                          0x080001c7   Thumb Code     0  startup_stm32f411xe.o(.text)
    SPI1_IRQHandler                          0x080001c7   Thumb Code     0  startup_stm32f411xe.o(.text)
    SPI2_IRQHandler                          0x080001c7   Thumb Code     0  startup_stm32f411xe.o(.text)
    SPI3_IRQHandler                          0x080001c7   Thumb Code     0  startup_stm32f411xe.o(.text)
    SPI4_IRQHandler                          0x080001c7   Thumb Code     0  startup_stm32f411xe.o(.text)
    SPI5_IRQHandler                          0x080001c7   Thumb Code     0  startup_stm32f411xe.o(.text)
    TAMP_STAMP_IRQHandler                    0x080001c7   Thumb Code     0  startup_stm32f411xe.o(.text)
    TIM1_CC_IRQHandler                       0x080001c7   Thumb Code     0  startup_stm32f411xe.o(.text)
    TIM1_TRG_COM_TIM11_IRQHandler            0x080001c7   Thumb Code     0  startup_stm32f411xe.o(.text)
    TIM1_UP_TIM10_IRQHandler                 0x080001c7   Thumb Code     0  startup_stm32f411xe.o(.text)
    TIM4_IRQHandler                          0x080001c7   Thumb Code     0  startup_stm32f411xe.o(.text)
    TIM5_IRQHandler                          0x080001c7   Thumb Code     0  startup_stm32f411xe.o(.text)
    USART2_IRQHandler                        0x080001c7   Thumb Code     0  startup_stm32f411xe.o(.text)
    USART6_IRQHandler                        0x080001c7   Thumb Code     0  startup_stm32f411xe.o(.text)
    WWDG_IRQHandler                          0x080001c7   Thumb Code     0  startup_stm32f411xe.o(.text)
    __aeabi_memset                           0x080001d1   Thumb Code    14  memseta.o(.text)
    __aeabi_memset4                          0x080001d1   Thumb Code     0  memseta.o(.text)
    __aeabi_memset8                          0x080001d1   Thumb Code     0  memseta.o(.text)
    __aeabi_memclr                           0x080001df   Thumb Code     4  memseta.o(.text)
    __aeabi_memclr4                          0x080001df   Thumb Code     0  memseta.o(.text)
    __aeabi_memclr8                          0x080001df   Thumb Code     0  memseta.o(.text)
    _memset$wrapper                          0x080001e3   Thumb Code    18  memseta.o(.text)
    __aeabi_dadd                             0x080001f5   Thumb Code   322  dadd.o(.text)
    __aeabi_dsub                             0x08000337   Thumb Code     6  dadd.o(.text)
    __aeabi_drsub                            0x0800033d   Thumb Code     6  dadd.o(.text)
    __aeabi_dmul                             0x08000343   Thumb Code   228  dmul.o(.text)
    __aeabi_ddiv                             0x08000427   Thumb Code   222  ddiv.o(.text)
    __aeabi_i2d                              0x08000505   Thumb Code    34  dflti.o(.text)
    __aeabi_ui2d                             0x08000527   Thumb Code    26  dfltui.o(.text)
    __aeabi_d2iz                             0x08000541   Thumb Code    62  dfixi.o(.text)
    __aeabi_d2uiz                            0x0800057f   Thumb Code    50  dfixui.o(.text)
    __aeabi_f2d                              0x080005b1   Thumb Code    38  f2d.o(.text)
    __aeabi_cdcmpeq                          0x080005d9   Thumb Code     0  cdcmple.o(.text)
    __aeabi_cdcmple                          0x080005d9   Thumb Code    48  cdcmple.o(.text)
    __aeabi_d2f                              0x08000609   Thumb Code    56  d2f.o(.text)
    __aeabi_uidiv                            0x08000641   Thumb Code     0  uidiv.o(.text)
    __aeabi_uidivmod                         0x08000641   Thumb Code    44  uidiv.o(.text)
    __aeabi_uldivmod                         0x0800066d   Thumb Code    98  uldiv.o(.text)
    __aeabi_llsl                             0x080006cf   Thumb Code    30  llshl.o(.text)
    _ll_shift_l                              0x080006cf   Thumb Code     0  llshl.o(.text)
    __aeabi_llsr                             0x080006ed   Thumb Code    32  llushr.o(.text)
    _ll_ushift_r                             0x080006ed   Thumb Code     0  llushr.o(.text)
    __aeabi_lasr                             0x0800070d   Thumb Code    36  llsshr.o(.text)
    _ll_sshift_r                             0x0800070d   Thumb Code     0  llsshr.o(.text)
    __I$use$fp                               0x08000731   Thumb Code     0  iusefp.o(.text)
    _float_round                             0x08000731   Thumb Code    18  fepilogue.o(.text)
    _float_epilogue                          0x08000743   Thumb Code    92  fepilogue.o(.text)
    _double_round                            0x0800079f   Thumb Code    30  depilogue.o(.text)
    _double_epilogue                         0x080007bd   Thumb Code   156  depilogue.o(.text)
    _dsqrt                                   0x08000859   Thumb Code   162  dsqrt.o(.text)
    __aeabi_d2ulz                            0x080008fb   Thumb Code    48  dfixul.o(.text)
    __aeabi_cdrcmple                         0x0800092d   Thumb Code    48  cdrcmple.o(.text)
    __scatterload                            0x0800095d   Thumb Code    28  init.o(.text)
    __scatterload_rt2                        0x0800095d   Thumb Code     0  init.o(.text)
    __decompress                             0x08000981   Thumb Code     0  __dczerorl2.o(.text)
    __decompress1                            0x08000981   Thumb Code    86  __dczerorl2.o(.text)
    ADC_IRQHandler                           0x08000a91   Thumb Code   196  key.o(i.ADC_IRQHandler)
    BCD_encode                               0x08000b61   Thumb Code    50  rtc.o(i.BCD_encode)
    BT_enable                                0x08000b95   Thumb Code    16  bluetooth.o(i.BT_enable)
    BT_getStatus                             0x08000ba9   Thumb Code    18  bluetooth.o(i.BT_getStatus)
    BT_init                                  0x08000bc1   Thumb Code    72  bluetooth.o(i.BT_init)
    Bluetooth_Show                           0x08000c15   Thumb Code    50  bluetooth.o(i.Bluetooth_Show)
    Crc16                                    0x08000c51   Thumb Code    42  hp6.o(i.Crc16)
    DetectorNewStep                          0x08000c81   Thumb Code   626  stepalgorithm.o(i.DetectorNewStep)
    DetectorPeak                             0x08000f31   Thumb Code   124  stepalgorithm.o(i.DetectorPeak)
    GPIO_set                                 0x08000fc5   Thumb Code   222  gpio.o(i.GPIO_set)
    HP6IIC_Init                              0x080010a5   Thumb Code    64  hp6_iic.o(i.HP6IIC_Init)
    HP6IIC_ReadByte                          0x080010ed   Thumb Code   116  hp6_iic.o(i.HP6IIC_ReadByte)
    HP6IIC_Start                             0x08001165   Thumb Code    44  hp6_iic.o(i.HP6IIC_Start)
    HP6IIC_Stop                              0x08001195   Thumb Code    40  hp6_iic.o(i.HP6IIC_Stop)
    HP6IIC_WriteByte                         0x080011c1   Thumb Code   118  hp6_iic.o(i.HP6IIC_WriteByte)
    HP_6_CloseBp                             0x0800123d   Thumb Code    48  hp6.o(i.HP_6_CloseBp)
    HP_6_CloseRate                           0x0800127d   Thumb Code    48  hp6.o(i.HP_6_CloseRate)
    HP_6_GetBpResult                         0x080012bd   Thumb Code    30  hp6.o(i.HP_6_GetBpResult)
    HP_6_GetRateResult                       0x080012e9   Thumb Code    30  hp6.o(i.HP_6_GetRateResult)
    HP_6_GetResultData                       0x08001315   Thumb Code    32  hp6.o(i.HP_6_GetResultData)
    HP_6_Measurement_bp                      0x08001339   Thumb Code   188  hp6.o(i.HP_6_Measurement_bp)
    HP_6_Measurement_rate                    0x0800142d   Thumb Code   192  hp6.o(i.HP_6_Measurement_rate)
    HP_6_OpenBp                              0x08001501   Thumb Code    42  hp6.o(i.HP_6_OpenBp)
    HP_6_OpenRate                            0x0800153d   Thumb Code    42  hp6.o(i.HP_6_OpenRate)
    HP_6_SendCmd                             0x08001579   Thumb Code    70  hp6.o(i.HP_6_SendCmd)
    Hp_6_I2CRead                             0x080015bf   Thumb Code    64  hp6.o(i.Hp_6_I2CRead)
    Hp_6_I2CWrite                            0x080015ff   Thumb Code    50  hp6.o(i.Hp_6_I2CWrite)
    Hp_6_init                                0x08001631   Thumb Code    88  hp6.o(i.Hp_6_init)
    IIC_IO_Init                              0x08001695   Thumb Code    94  iic.o(i.IIC_IO_Init)
    IIC_ReadByte                             0x08001705   Thumb Code   122  iic.o(i.IIC_ReadByte)
    IIC_Start                                0x08001789   Thumb Code    50  iic.o(i.IIC_Start)
    IIC_Stop                                 0x080017c5   Thumb Code    42  iic.o(i.IIC_Stop)
    IIC_WriteByte                            0x080017f9   Thumb Code   124  iic.o(i.IIC_WriteByte)
    Key_Init                                 0x0800187d   Thumb Code    46  key.o(i.Key_Init)
    Key_Scan                                 0x080018b5   Thumb Code    50  key.o(i.Key_Scan)
    Led_Io_Init                              0x080018f1   Thumb Code    62  led.o(i.Led_Io_Init)
    MPU_Get_Accelerometer                    0x0800193d   Thumb Code    80  mpu6050.o(i.MPU_Get_Accelerometer)
    MPU_Init                                 0x0800198d   Thumb Code   112  mpu6050.o(i.MPU_Init)
    MPU_Read_Byte                            0x080019fd   Thumb Code    46  mpu6050.o(i.MPU_Read_Byte)
    MPU_Read_Len                             0x08001a2b   Thumb Code    94  mpu6050.o(i.MPU_Read_Len)
    MPU_Set_Accel_Fsr                        0x08001a89   Thumb Code    16  mpu6050.o(i.MPU_Set_Accel_Fsr)
    MPU_Set_LPF                              0x08001a99   Thumb Code    58  mpu6050.o(i.MPU_Set_LPF)
    MPU_Set_Rate                             0x08001ad3   Thumb Code    58  mpu6050.o(i.MPU_Set_Rate)
    MPU_Show                                 0x08001b0d   Thumb Code   488  mpu6050.o(i.MPU_Show)
    MPU_Write_Byte                           0x08001d49   Thumb Code    36  mpu6050.o(i.MPU_Write_Byte)
    Number2String                            0x08001e29   Thumb Code   100  oled_screen.o(i.Number2String)
    OLED_Clear                               0x08001ea1   Thumb Code    64  oled_screen.o(i.OLED_Clear)
    OLED_Init                                0x08001ee1   Thumb Code   266  oled_screen.o(i.OLED_Init)
    OLED_Io_Init                             0x08001ff1   Thumb Code   178  oled_screen.o(i.OLED_Io_Init)
    OLED_Reset                               0x080020b1   Thumb Code    38  oled_screen.o(i.OLED_Reset)
    OLED_Set_PC                              0x080020e1   Thumb Code    50  oled_screen.o(i.OLED_Set_PC)
    OLED_Show_Char                           0x08002115   Thumb Code   430  oled_screen.o(i.OLED_Show_Char)
    OLED_Show_Chinese                        0x080022d1   Thumb Code   134  oled_screen.o(i.OLED_Show_Chinese)
    OLED_Show_Multi_Chinese                  0x0800235d   Thumb Code    50  oled_screen.o(i.OLED_Show_Multi_Chinese)
    OLED_Show_Pic                            0x0800238f   Thumb Code   152  oled_screen.o(i.OLED_Show_Pic)
    OLED_Show_String                         0x08002427   Thumb Code   128  oled_screen.o(i.OLED_Show_String)
    OLED_Write_Byte                          0x080024a9   Thumb Code    32  oled_screen.o(i.OLED_Write_Byte)
    Peak_Valley_Thread                       0x080024d5   Thumb Code   110  stepalgorithm.o(i.Peak_Valley_Thread)
    RTC_Init                                 0x08002551   Thumb Code   208  rtc.o(i.RTC_Init)
    RTC_Setting                              0x08002639   Thumb Code   310  rtc.o(i.RTC_Setting)
    Read_DT                                  0x08002779   Thumb Code   128  rtc.o(i.Read_DT)
    SHT20_Calculation                        0x080027fd   Thumb Code   160  sht20.o(i.SHT20_Calculation)
    SHT20_Init                               0x080028c9   Thumb Code    34  sht20.o(i.SHT20_Init)
    SHT20_Show                               0x080028ed   Thumb Code   198  sht20.o(i.SHT20_Show)
    SHT20_Write_CMD                          0x080029b9   Thumb Code   136  sht20.o(i.SHT20_Write_CMD)
    Show_Main_Interface                      0x08002af9   Thumb Code   760  menu.o(i.Show_Main_Interface)
    Show_Time                                0x08002dfd   Thumb Code   252  rtc.o(i.Show_Time)
    Spi_Io_Init                              0x08002f0d   Thumb Code    94  spi.o(i.Spi_Io_Init)
    Spi_Write_Byte                           0x08002f7d   Thumb Code    74  spi.o(i.Spi_Write_Byte)
    SystemInit                               0x08002fcd   Thumb Code    88  system_stm32f4xx.o(i.SystemInit)
    TIM1_BRK_TIM9_IRQHandler                 0x08003035   Thumb Code    50  usart.o(i.TIM1_BRK_TIM9_IRQHandler)
    TIM2_IRQHandler                          0x08003075   Thumb Code    30  motor.o(i.TIM2_IRQHandler)
    TIM3_IRQHandler                          0x08003095   Thumb Code    80  key.o(i.TIM3_IRQHandler)
    TIM3_Init                                0x080030f5   Thumb Code    90  key.o(i.TIM3_Init)
    Time10_Configuration                     0x08003159   Thumb Code   136  delay.o(i.Time10_Configuration)
    Time9_Configuration                      0x080031e9   Thumb Code   216  usart.o(i.Time9_Configuration)
    USART1_IRQHandler                        0x080032dd   Thumb Code   146  usart.o(i.USART1_IRQHandler)
    Usart1_Init                              0x08003381   Thumb Code   426  usart.o(i.Usart1_Init)
    WatchInfo_getUserInfo                    0x0800355d   Thumb Code    14  watchinfo.o(i.WatchInfo_getUserInfo)
    WatchInfo_init                           0x08003571   Thumb Code    14  watchinfo.o(i.WatchInfo_init)
    WatchInfo_setUserInfo                    0x08003581   Thumb Code    48  watchinfo.o(i.WatchInfo_setUserInfo)
    __0printf                                0x080035b9   Thumb Code    22  printfa.o(i.__0printf)
    __1printf                                0x080035b9   Thumb Code     0  printfa.o(i.__0printf)
    __2printf                                0x080035b9   Thumb Code     0  printfa.o(i.__0printf)
    __c89printf                              0x080035b9   Thumb Code     0  printfa.o(i.__0printf)
    printf                                   0x080035b9   Thumb Code     0  printfa.o(i.__0printf)
    __0sprintf                               0x080035d9   Thumb Code    34  printfa.o(i.__0sprintf)
    __1sprintf                               0x080035d9   Thumb Code     0  printfa.o(i.__0sprintf)
    __2sprintf                               0x080035d9   Thumb Code     0  printfa.o(i.__0sprintf)
    __c89sprintf                             0x080035d9   Thumb Code     0  printfa.o(i.__0sprintf)
    sprintf                                  0x080035d9   Thumb Code     0  printfa.o(i.__0sprintf)
    __hardfp_sqrt                            0x08003601   Thumb Code   122  sqrt.o(i.__hardfp_sqrt)
    __scatterload_copy                       0x0800367b   Thumb Code    14  handlers.o(i.__scatterload_copy)
    __scatterload_null                       0x08003689   Thumb Code     2  handlers.o(i.__scatterload_null)
    __scatterload_zeroinit                   0x0800368b   Thumb Code    14  handlers.o(i.__scatterload_zeroinit)
    __set_errno                              0x08003699   Thumb Code     6  errno.o(i.__set_errno)
    averageValue                             0x08003f41   Thumb Code   200  stepalgorithm.o(i.averageValue)
    delay_ms                                 0x0800401d   Thumb Code   130  delay.o(i.delay_ms)
    delay_nms                                0x080040a5   Thumb Code    20  delay.o(i.delay_nms)
    delay_us                                 0x080040b9   Thumb Code   116  delay.o(i.delay_us)
    fputc                                    0x08004131   Thumb Code    20  usart.o(i.fputc)
    main                                     0x08004149   Thumb Code   258  main.o(i.main)
    onSensorChanged                          0x08004279   Thumb Code   146  stepalgorithm.o(i.onSensorChanged)
    BT_connect                               0x0800431c   Data          40  menu.o(.constdata)
    ui                                       0x08004344   Data         624  menu.o(.constdata)
    F8X16                                    0x080045b4   Data        1520  oled_screen.o(.constdata)
    F6X8                                     0x08004ba4   Data         552  oled_screen.o(.constdata)
    F16X24                                   0x08004dcc   Data        4560  oled_screen.o(.constdata)
    BMP1                                     0x08005fa6   Data         350  hp6.o(.constdata)
    Pulse_bmp                                0x08006104   Data         378  hp6.o(.constdata)
    BP_bmp                                   0x0800627e   Data         378  hp6.o(.constdata)
    step_bmp                                 0x080063f8   Data         378  hp6.o(.constdata)
    CalDist                                  0x08006572   Data         512  hp6.o(.constdata)
    Battery100                               0x08006772   Data          48  hp6.o(.constdata)
    Battery75                                0x080067a2   Data          48  hp6.o(.constdata)
    Battery50                                0x080067d2   Data          48  hp6.o(.constdata)
    Battery25                                0x08006802   Data          48  hp6.o(.constdata)
    BatteryLOW                               0x08006832   Data          48  hp6.o(.constdata)
    BatteryCharge                            0x08006862   Data          48  hp6.o(.constdata)
    crc16_tab                                0x08006892   Data         512  hp6.o(.constdata)
    cmd_bp_open                              0x08006a92   Data          24  hp6.o(.constdata)
    cmd_bp_close                             0x08006aaa   Data          24  hp6.o(.constdata)
    cmd_bp_result                            0x08006ac2   Data          24  hp6.o(.constdata)
    cmd_rate_open                            0x08006ada   Data          24  hp6.o(.constdata)
    cmd_rate_close                           0x08006af2   Data          24  hp6.o(.constdata)
    cmd_rate_result                          0x08006b0a   Data          24  hp6.o(.constdata)
    cmd_get_adc                              0x08006b22   Data          24  hp6.o(.constdata)
    cmd_set_powersaving                      0x08006b3a   Data          24  hp6.o(.constdata)
    cmd_get_version                          0x08006b52   Data          24  hp6.o(.constdata)
    bluetooth_c                              0x08006b6a   Data        1024  bluetooth.o(.constdata)
    bluetooth_nc                             0x08006f6a   Data        1024  bluetooth.o(.constdata)
    Region$$Table$$Base                      0x0800736c   Number         0  anon$$obj.o(Region$$Table)
    Region$$Table$$Limit                     0x0800738c   Number         0  anon$$obj.o(Region$$Table)
    pCursor                                  0x20000008   Data           4  menu.o(.data)
    Receive_Flag                             0x2000000c   Data           1  usart.o(.data)
    Time_Out                                 0x2000000d   Data           1  usart.o(.data)
    LEN                                      0x2000000e   Data           2  usart.o(.data)
    Bluetooth_Control_Flag                   0x20000010   Data           1  usart.o(.data)
    __stdout                                 0x20000014   Data           4  usart.o(.data)
    Week                                     0x20000018   Data          15  rtc.o(.data)
    Key_Value                                0x20000029   Data           1  key.o(.data)
    Hzk                                      0x20000039   Data         512  oled_screen.o(.data)
    HZ16X16                                  0x20000239   Data        1088  oled_screen.o(.data)
    Digital_Value                            0x2000067a   Data           2  sht20.o(.data)
    tempCount                                0x20000688   Data           4  stepalgorithm.o(.data)
    isDirectionUp                            0x2000068c   Data           1  stepalgorithm.o(.data)
    continueUpCount                          0x20000690   Data           4  stepalgorithm.o(.data)
    continueUpFormerCount                    0x20000694   Data           4  stepalgorithm.o(.data)
    lastStatus                               0x20000698   Data           1  stepalgorithm.o(.data)
    peakOfWave                               0x2000069c   Data           4  stepalgorithm.o(.data)
    valleyOfWave                             0x200006a0   Data           4  stepalgorithm.o(.data)
    timeOfThisPeak                           0x200006a4   Data           4  stepalgorithm.o(.data)
    timeOfLastPeak                           0x200006a8   Data           4  stepalgorithm.o(.data)
    timeOfNow                                0x200006ac   Data           4  stepalgorithm.o(.data)
    gravityNew                               0x200006b0   Data           4  stepalgorithm.o(.data)
    gravityOld                               0x200006b4   Data           4  stepalgorithm.o(.data)
    initialValue                             0x200006b8   Data           4  stepalgorithm.o(.data)
    ThreadValue                              0x200006bc   Data           4  stepalgorithm.o(.data)
    user_info                                0x200006cc   Data           8  watchinfo.o(.data)
    Buffer                                   0x200006d8   Data         256  usart.o(.bss)
    oriValues                                0x20000814   Data          12  stepalgorithm.o(.bss)
    tempValue                                0x20000820   Data          16  stepalgorithm.o(.bss)
    accValue                                 0x20000830   Data          12  stepalgorithm.o(.bss)
    __initial_sp                             0x20000c48   Data           0  startup_stm32f411xe.o(STACK)



==============================================================================

Memory Map of the image

  Image Entry point : 0x08000199

  Load Region LR_IROM1 (Base: 0x08000000, Size: 0x00007a64, Max: 0x00080000, ABSOLUTE, COMPRESSED[0x0000771c])

    Execution Region ER_IROM1 (Base: 0x08000000, Size: 0x0000738c, Max: 0x00080000, ABSOLUTE)

    Base Addr    Size         Type   Attr      Idx    E Section Name        Object

    0x08000000   0x00000198   Data   RO          153    RESET               startup_stm32f411xe.o
    0x08000198   0x00000000   Code   RO         1317  * .ARM.Collect$$$$00000000  mc_w.l(entry.o)
    0x08000198   0x00000004   Code   RO         1605    .ARM.Collect$$$$00000001  mc_w.l(entry2.o)
    0x0800019c   0x00000004   Code   RO         1608    .ARM.Collect$$$$00000004  mc_w.l(entry5.o)
    0x080001a0   0x00000000   Code   RO         1610    .ARM.Collect$$$$00000008  mc_w.l(entry7b.o)
    0x080001a0   0x00000000   Code   RO         1612    .ARM.Collect$$$$0000000A  mc_w.l(entry8b.o)
    0x080001a0   0x00000008   Code   RO         1613    .ARM.Collect$$$$0000000B  mc_w.l(entry9a.o)
    0x080001a8   0x00000000   Code   RO         1615    .ARM.Collect$$$$0000000D  mc_w.l(entry10a.o)
    0x080001a8   0x00000000   Code   RO         1617    .ARM.Collect$$$$0000000F  mc_w.l(entry11a.o)
    0x080001a8   0x00000004   Code   RO         1606    .ARM.Collect$$$$00002712  mc_w.l(entry2.o)
    0x080001ac   0x00000024   Code   RO          154    .text               startup_stm32f411xe.o
    0x080001d0   0x00000024   Code   RO         1320    .text               mc_w.l(memseta.o)
    0x080001f4   0x0000014e   Code   RO         1585    .text               mf_w.l(dadd.o)
    0x08000342   0x000000e4   Code   RO         1587    .text               mf_w.l(dmul.o)
    0x08000426   0x000000de   Code   RO         1589    .text               mf_w.l(ddiv.o)
    0x08000504   0x00000022   Code   RO         1591    .text               mf_w.l(dflti.o)
    0x08000526   0x0000001a   Code   RO         1593    .text               mf_w.l(dfltui.o)
    0x08000540   0x0000003e   Code   RO         1595    .text               mf_w.l(dfixi.o)
    0x0800057e   0x00000032   Code   RO         1597    .text               mf_w.l(dfixui.o)
    0x080005b0   0x00000026   Code   RO         1599    .text               mf_w.l(f2d.o)
    0x080005d6   0x00000002   PAD
    0x080005d8   0x00000030   Code   RO         1601    .text               mf_w.l(cdcmple.o)
    0x08000608   0x00000038   Code   RO         1603    .text               mf_w.l(d2f.o)
    0x08000640   0x0000002c   Code   RO         1619    .text               mc_w.l(uidiv.o)
    0x0800066c   0x00000062   Code   RO         1621    .text               mc_w.l(uldiv.o)
    0x080006ce   0x0000001e   Code   RO         1623    .text               mc_w.l(llshl.o)
    0x080006ec   0x00000020   Code   RO         1625    .text               mc_w.l(llushr.o)
    0x0800070c   0x00000024   Code   RO         1627    .text               mc_w.l(llsshr.o)
    0x08000730   0x00000000   Code   RO         1636    .text               mc_w.l(iusefp.o)
    0x08000730   0x0000006e   Code   RO         1637    .text               mf_w.l(fepilogue.o)
    0x0800079e   0x000000ba   Code   RO         1639    .text               mf_w.l(depilogue.o)
    0x08000858   0x000000a2   Code   RO         1641    .text               mf_w.l(dsqrt.o)
    0x080008fa   0x00000030   Code   RO         1643    .text               mf_w.l(dfixul.o)
    0x0800092a   0x00000002   PAD
    0x0800092c   0x00000030   Code   RO         1645    .text               mf_w.l(cdrcmple.o)
    0x0800095c   0x00000024   Code   RO         1647    .text               mc_w.l(init.o)
    0x08000980   0x00000056   Code   RO         1657    .text               mc_w.l(__dczerorl2.o)
    0x080009d6   0x00000002   PAD
    0x080009d8   0x000000b8   Code   RO          517    i.ADC1_InitCh3      key.o
    0x08000a90   0x000000d0   Code   RO          518    i.ADC_IRQHandler    key.o
    0x08000b60   0x00000032   Code   RO          412    i.BCD_encode        rtc.o
    0x08000b92   0x00000002   PAD
    0x08000b94   0x00000014   Code   RO         1184    i.BT_enable         bluetooth.o
    0x08000ba8   0x00000018   Code   RO         1185    i.BT_getStatus      bluetooth.o
    0x08000bc0   0x00000054   Code   RO         1186    i.BT_init           bluetooth.o
    0x08000c14   0x0000003c   Code   RO         1187    i.Bluetooth_Show    bluetooth.o
    0x08000c50   0x00000030   Code   RO          802    i.Crc16             hp6.o
    0x08000c80   0x000002b0   Code   RO         1088    i.DetectorNewStep   stepalgorithm.o
    0x08000f30   0x00000094   Code   RO         1089    i.DetectorPeak      stepalgorithm.o
    0x08000fc4   0x000000de   Code   RO         1238    i.GPIO_set          gpio.o
    0x080010a2   0x00000002   PAD
    0x080010a4   0x00000048   Code   RO          942    i.HP6IIC_Init       hp6_iic.o
    0x080010ec   0x00000078   Code   RO          943    i.HP6IIC_ReadByte   hp6_iic.o
    0x08001164   0x00000030   Code   RO          944    i.HP6IIC_Start      hp6_iic.o
    0x08001194   0x0000002c   Code   RO          945    i.HP6IIC_Stop       hp6_iic.o
    0x080011c0   0x0000007c   Code   RO          946    i.HP6IIC_WriteByte  hp6_iic.o
    0x0800123c   0x00000040   Code   RO          803    i.HP_6_CloseBp      hp6.o
    0x0800127c   0x00000040   Code   RO          804    i.HP_6_CloseRate    hp6.o
    0x080012bc   0x0000002c   Code   RO          807    i.HP_6_GetBpResult  hp6.o
    0x080012e8   0x0000002c   Code   RO          808    i.HP_6_GetRateResult  hp6.o
    0x08001314   0x00000024   Code   RO          809    i.HP_6_GetResultData  hp6.o
    0x08001338   0x000000f4   Code   RO          810    i.HP_6_Measurement_bp  hp6.o
    0x0800142c   0x000000d4   Code   RO          811    i.HP_6_Measurement_rate  hp6.o
    0x08001500   0x0000003c   Code   RO          812    i.HP_6_OpenBp       hp6.o
    0x0800153c   0x0000003c   Code   RO          813    i.HP_6_OpenRate     hp6.o
    0x08001578   0x00000046   Code   RO          815    i.HP_6_SendCmd      hp6.o
    0x080015be   0x00000040   Code   RO          817    i.Hp_6_I2CRead      hp6.o
    0x080015fe   0x00000032   Code   RO          818    i.Hp_6_I2CWrite     hp6.o
    0x08001630   0x00000064   Code   RO          819    i.Hp_6_init         hp6.o
    0x08001694   0x00000070   Code   RO          364    i.IIC_IO_Init       iic.o
    0x08001704   0x00000084   Code   RO          365    i.IIC_ReadByte      iic.o
    0x08001788   0x0000003c   Code   RO          366    i.IIC_Start         iic.o
    0x080017c4   0x00000034   Code   RO          367    i.IIC_Stop          iic.o
    0x080017f8   0x00000084   Code   RO          368    i.IIC_WriteByte     iic.o
    0x0800187c   0x00000038   Code   RO          519    i.Key_Init          key.o
    0x080018b4   0x0000003c   Code   RO          520    i.Key_Scan          key.o
    0x080018f0   0x0000004c   Code   RO          493    i.Led_Io_Init       led.o
    0x0800193c   0x00000050   Code   RO          990    i.MPU_Get_Accelerometer  mpu6050.o
    0x0800198c   0x00000070   Code   RO          993    i.MPU_Init          mpu6050.o
    0x080019fc   0x0000002e   Code   RO          994    i.MPU_Read_Byte     mpu6050.o
    0x08001a2a   0x0000005e   Code   RO          995    i.MPU_Read_Len      mpu6050.o
    0x08001a88   0x00000010   Code   RO          996    i.MPU_Set_Accel_Fsr  mpu6050.o
    0x08001a98   0x0000003a   Code   RO          998    i.MPU_Set_LPF       mpu6050.o
    0x08001ad2   0x0000003a   Code   RO          999    i.MPU_Set_Rate      mpu6050.o
    0x08001b0c   0x0000023c   Code   RO         1000    i.MPU_Show          mpu6050.o
    0x08001d48   0x00000024   Code   RO         1001    i.MPU_Write_Byte    mpu6050.o
    0x08001d6c   0x00000016   Code   RO          165    i.NVIC_EnableIRQ    usart.o
    0x08001d82   0x00000016   Code   RO          521    i.NVIC_EnableIRQ    key.o
    0x08001d98   0x00000040   Code   RO          166    i.NVIC_EncodePriority  usart.o
    0x08001dd8   0x00000028   Code   RO          167    i.NVIC_SetPriority  usart.o
    0x08001e00   0x00000028   Code   RO          168    i.NVIC_SetPriorityGrouping  usart.o
    0x08001e28   0x00000078   Code   RO          585    i.Number2String     oled_screen.o
    0x08001ea0   0x00000040   Code   RO          586    i.OLED_Clear        oled_screen.o
    0x08001ee0   0x00000110   Code   RO          587    i.OLED_Init         oled_screen.o
    0x08001ff0   0x000000c0   Code   RO          588    i.OLED_Io_Init      oled_screen.o
    0x080020b0   0x00000030   Code   RO          591    i.OLED_Reset        oled_screen.o
    0x080020e0   0x00000032   Code   RO          593    i.OLED_Set_PC       oled_screen.o
    0x08002112   0x00000002   PAD
    0x08002114   0x000001bc   Code   RO          595    i.OLED_Show_Char    oled_screen.o
    0x080022d0   0x0000008c   Code   RO          596    i.OLED_Show_Chinese  oled_screen.o
    0x0800235c   0x00000032   Code   RO          597    i.OLED_Show_Multi_Chinese  oled_screen.o
    0x0800238e   0x00000098   Code   RO          598    i.OLED_Show_Pic     oled_screen.o
    0x08002426   0x00000080   Code   RO          600    i.OLED_Show_String  oled_screen.o
    0x080024a6   0x00000002   PAD
    0x080024a8   0x0000002c   Code   RO          601    i.OLED_Write_Byte   oled_screen.o
    0x080024d4   0x0000007c   Code   RO         1090    i.Peak_Valley_Thread  stepalgorithm.o
    0x08002550   0x000000e8   Code   RO          414    i.RTC_Init          rtc.o
    0x08002638   0x00000140   Code   RO          415    i.RTC_Setting       rtc.o
    0x08002778   0x00000084   Code   RO          417    i.Read_DT           rtc.o
    0x080027fc   0x000000cc   Code   RO          710    i.SHT20_Calculation  sht20.o
    0x080028c8   0x00000022   Code   RO          711    i.SHT20_Init        sht20.o
    0x080028ea   0x00000002   PAD
    0x080028ec   0x000000cc   Code   RO          713    i.SHT20_Show        sht20.o
    0x080029b8   0x000000a4   Code   RO          714    i.SHT20_Write_CMD   sht20.o
    0x08002a5c   0x0000009c   Code   RO         1267    i.SetSysClock       system_stm32f4xx.o
    0x08002af8   0x00000304   Code   RO          120    i.Show_Main_Interface  menu.o
    0x08002dfc   0x00000110   Code   RO          418    i.Show_Time         rtc.o
    0x08002f0c   0x00000070   Code   RO          334    i.Spi_Io_Init       spi.o
    0x08002f7c   0x00000050   Code   RO          335    i.Spi_Write_Byte    spi.o
    0x08002fcc   0x00000068   Code   RO         1269    i.SystemInit        system_stm32f4xx.o
    0x08003034   0x00000040   Code   RO          170    i.TIM1_BRK_TIM9_IRQHandler  usart.o
    0x08003074   0x0000001e   Code   RO          764    i.TIM2_IRQHandler   motor.o
    0x08003092   0x00000002   PAD
    0x08003094   0x00000060   Code   RO          522    i.TIM3_IRQHandler   key.o
    0x080030f4   0x00000064   Code   RO          523    i.TIM3_Init         key.o
    0x08003158   0x00000090   Code   RO          292    i.Time10_Configuration  delay.o
    0x080031e8   0x000000f4   Code   RO          171    i.Time9_Configuration  usart.o
    0x080032dc   0x000000a4   Code   RO          172    i.USART1_IRQHandler  usart.o
    0x08003380   0x000001dc   Code   RO          173    i.Usart1_Init       usart.o
    0x0800355c   0x00000014   Code   RO         1144    i.WatchInfo_getUserInfo  watchinfo.o
    0x08003570   0x0000000e   Code   RO         1145    i.WatchInfo_init    watchinfo.o
    0x0800357e   0x00000002   PAD
    0x08003580   0x00000038   Code   RO         1146    i.WatchInfo_setUserInfo  watchinfo.o
    0x080035b8   0x00000020   Code   RO         1557    i.__0printf         mc_w.l(printfa.o)
    0x080035d8   0x00000028   Code   RO         1559    i.__0sprintf        mc_w.l(printfa.o)
    0x08003600   0x0000007a   Code   RO         1305    i.__hardfp_sqrt     m_wm.l(sqrt.o)
    0x0800367a   0x0000000e   Code   RO         1651    i.__scatterload_copy  mc_w.l(handlers.o)
    0x08003688   0x00000002   Code   RO         1652    i.__scatterload_null  mc_w.l(handlers.o)
    0x0800368a   0x0000000e   Code   RO         1653    i.__scatterload_zeroinit  mc_w.l(handlers.o)
    0x08003698   0x0000000c   Code   RO         1631    i.__set_errno       mc_w.l(errno.o)
    0x080036a4   0x00000164   Code   RO         1564    i._fp_digits        mc_w.l(printfa.o)
    0x08003808   0x000006dc   Code   RO         1565    i._printf_core      mc_w.l(printfa.o)
    0x08003ee4   0x00000024   Code   RO         1566    i._printf_post_padding  mc_w.l(printfa.o)
    0x08003f08   0x0000002e   Code   RO         1567    i._printf_pre_padding  mc_w.l(printfa.o)
    0x08003f36   0x0000000a   Code   RO         1569    i._sputc            mc_w.l(printfa.o)
    0x08003f40   0x000000dc   Code   RO         1091    i.averageValue      stepalgorithm.o
    0x0800401c   0x00000088   Code   RO          293    i.delay_ms          delay.o
    0x080040a4   0x00000014   Code   RO          294    i.delay_nms         delay.o
    0x080040b8   0x00000078   Code   RO          295    i.delay_us          delay.o
    0x08004130   0x00000018   Code   RO          177    i.fputc             usart.o
    0x08004148   0x00000130   Code   RO            4    i.main              main.o
    0x08004278   0x0000009c   Code   RO         1092    i.onSensorChanged   stepalgorithm.o
    0x08004314   0x00000008   Data   RO            5    .constdata          main.o
    0x0800431c   0x00000298   Data   RO          121    .constdata          menu.o
    0x080045b4   0x000019e8   Data   RO          602    .constdata          oled_screen.o
    0x08005f9c   0x0000000a   Data   RO          715    .constdata          sht20.o
    0x08005fa6   0x00000bc4   Data   RO          821    .constdata          hp6.o
    0x08006b6a   0x00000800   Data   RO         1188    .constdata          bluetooth.o
    0x0800736a   0x00000002   PAD
    0x0800736c   0x00000020   Data   RO         1649    Region$$Table       anon$$obj.o


    Execution Region RW_IRAM1 (Base: 0x20000000, Size: 0x00000c48, Max: 0x00020000, ABSOLUTE, COMPRESSED[0x00000390])

    Base Addr    Size         Type   Attr      Idx    E Section Name        Object

    0x20000000   0x0000000c   Data   RW          122    .data               menu.o
    0x2000000c   0x0000000c   Data   RW          179    .data               usart.o
    0x20000018   0x00000011   Data   RW          421    .data               rtc.o
    0x20000029   0x00000010   Data   RW          524    .data               key.o
    0x20000039   0x00000640   Data   RW          603    .data               oled_screen.o
    0x20000679   0x00000001   PAD
    0x2000067a   0x00000002   Data   RW          716    .data               sht20.o
    0x2000067c   0x00000002   Data   RW          822    .data               hp6.o
    0x2000067e   0x00000007   Data   RW         1004    .data               mpu6050.o
    0x20000685   0x00000003   PAD
    0x20000688   0x00000044   Data   RW         1094    .data               stepalgorithm.o
    0x200006cc   0x00000008   Data   RW         1147    .data               watchinfo.o
    0x200006d4   0x00000004   Data   RW         1632    .data               mc_w.l(errno.o)
    0x200006d8   0x00000100   Zero   RW          178    .bss                usart.o
    0x200007d8   0x00000030   Zero   RW          820    .bss                hp6.o
    0x20000808   0x0000000c   Zero   RW         1003    .bss                mpu6050.o
    0x20000814   0x00000034   Zero   RW         1093    .bss                stepalgorithm.o
    0x20000848   0x00000400   Zero   RW          151    STACK               startup_stm32f411xe.o


==============================================================================

Image component sizes


      Code (inc. data)   RO Data    RW Data    ZI Data      Debug   Object Name

       188         32       2048          0          0       2777   bluetooth.o
       420         18          0          0          0       2137   delay.o
       222          0          0          0          0       1099   gpio.o
      1160        194       3012          2         48      10892   hp6.o
       408         26          0          0          0       2860   hp6_iic.o
       488         56          0          0          0       2768   iic.o
       726         76          0         16          0      30388   key.o
        76         14          0          0          0        474   led.o
       304         46          8          0          0     215466   main.o
       772         24        664         12          0       2430   menu.o
        30          0          0          0          0        474   motor.o
      1072         84          0          7         12       6387   mpu6050.o
      1704         82       6632       1600          0       9279   oled_screen.o
      1006         58          0         17          0       4936   rtc.o
       606         78         10          2          0       2848   sht20.o
       192         24          0          0          0       1071   spi.o
        36          8        408          0       1024        832   startup_stm32f411xe.o
      1336        130          0         68         52       5610   stepalgorithm.o
       260         34          0          0          0       1041   system_stm32f4xx.o
      1138        132          0         12        256      33264   usart.o
        90         14          0          8          0       2245   watchinfo.o

    ----------------------------------------------------------------------
     12248       1130      12816       1748       1392     339278   Object Totals
         0          0         32          0          0          0   (incl. Generated)
        14          0          2          4          0          0   (incl. Padding)

    ----------------------------------------------------------------------

      Code (inc. data)   RO Data    RW Data    ZI Data      Debug   Library Member Name

       122          0          0          0          0        148   sqrt.o
        86          0          0          0          0          0   __dczerorl2.o
         0          0          0          0          0          0   entry.o
         0          0          0          0          0          0   entry10a.o
         0          0          0          0          0          0   entry11a.o
         8          4          0          0          0          0   entry2.o
         4          0          0          0          0          0   entry5.o
         0          0          0          0          0          0   entry7b.o
         0          0          0          0          0          0   entry8b.o
         8          4          0          0          0          0   entry9a.o
        12          6          0          4          0         68   errno.o
        30          0          0          0          0          0   handlers.o
        36          8          0          0          0         68   init.o
         0          0          0          0          0          0   iusefp.o
        30          0          0          0          0         68   llshl.o
        36          0          0          0          0         68   llsshr.o
        32          0          0          0          0         68   llushr.o
        36          0          0          0          0        108   memseta.o
      2276         96          0          0          0        596   printfa.o
        44          0          0          0          0         80   uidiv.o
        98          0          0          0          0         92   uldiv.o
        48          0          0          0          0         68   cdcmple.o
        48          0          0          0          0         68   cdrcmple.o
        56          0          0          0          0         88   d2f.o
       334          0          0          0          0        148   dadd.o
       222          0          0          0          0        100   ddiv.o
       186          0          0          0          0        176   depilogue.o
        62          0          0          0          0         80   dfixi.o
        50          0          0          0          0         76   dfixui.o
        48          0          0          0          0         68   dfixul.o
        34          0          0          0          0         76   dflti.o
        26          0          0          0          0         76   dfltui.o
       228          0          0          0          0         96   dmul.o
       162          0          0          0          0        100   dsqrt.o
        38          0          0          0          0         68   f2d.o
       110          0          0          0          0        168   fepilogue.o

    ----------------------------------------------------------------------
      4516        118          0          4          0       2820   Library Totals
         6          0          0          0          0          0   (incl. Padding)

    ----------------------------------------------------------------------

      Code (inc. data)   RO Data    RW Data    ZI Data      Debug   Library Name

       122          0          0          0          0        148   m_wm.l
      2736        118          0          4          0       1216   mc_w.l
      1652          0          0          0          0       1456   mf_w.l

    ----------------------------------------------------------------------
      4516        118          0          4          0       2820   Library Totals

    ----------------------------------------------------------------------

==============================================================================


      Code (inc. data)   RO Data    RW Data    ZI Data      Debug   

     16764       1248      12816       1752       1392     332478   Grand Totals
     16764       1248      12816        912       1392     332478   ELF Image Totals (compressed)
     16764       1248      12816        912          0          0   ROM Totals

==============================================================================

    Total RO  Size (Code + RO Data)                29580 (  28.89kB)
    Total RW  Size (RW Data + ZI Data)              3144 (   3.07kB)
    Total ROM Size (Code + RO Data + RW Data)      30492 (  29.78kB)

==============================================================================

