<html>
<body>
<pre>
<h1>礦ision Build Log</h1>
<h2>Tool Versions:</h2>
IDE-Version: μVision V5.15
Copyright (C) 2015 ARM Ltd and ARM Germany GmbH. All rights reserved.
License Information: f China, Microsoft, LIC=8VRKP-MXQQU-SB3EJ-U7NKJ-Z6PJU-2KQ47
 
Tool Versions:
Toolchain:       MDK-ARM Standard  Version: 5.15.0
Toolchain Path:  E:\Program Files\Keil_v5\ARM\ARMCC\Bin
C Compiler:      Armcc.exe V5.05 update 2 (build 169)
Assembler:       Armasm.exe V5.05 update 2 (build 169)
Linker/Locator:  ArmLink.exe V5.05 update 2 (build 169)
Library Manager: ArmAr.exe V5.05 update 2 (build 169)
Hex Converter:   FromElf.exe V5.05 update 2 (build 169)
CPU DLL:         SARMCM3.DLL V5.15.0
Dialog DLL:      DCM.DLL V1.13.2.0
Target DLL:      STLink\ST-LINKIII-KEIL_SWO.dll V2.0.15.0_KEIL
Dialog DLL:      TCM.DLL V1.14.5.0
 
<h2>Project:</h2>
E:\友讯达\keilwokplace\hw13\iic总线\Project\test.uvprojx
Project File Date:  07/27/2018

<h2>Output:</h2>
*** Using Compiler 'V5.05 update 2 (build 169)', folder: 'E:\Program Files\Keil_v5\ARM\ARMCC\Bin'
Build target 'test'
compiling main.c...
..\USER\src\main.c(26): warning:  #177-D: variable "kj" was declared but never referenced
        uint16 i,j,kj = 0;
..\USER\src\main.c(31): warning:  #177-D: variable "msg" was declared but never referenced
        }msg={175.4,60.1,20};
..\USER\src\main.c: 2 warnings, 0 errors
linking...
Program Size: Code=7984 RO-data=736 RW-data=56 ZI-data=4608  
FromELF: creating hex file...
".\Objects\test.axf" - 0 Error(s), 2 Warning(s).

<h2>Collection of Component include folders:</h2>
  E:\友讯达\keilwokplace\hw13\iic总线\Project\RTE
  E:\Program Files\Keil_v5\ARM\PACK\Keil\STM32F4xx_DFP\1.0.8\Device\Include

<h2>Collection of Component Files used:</h2>
</pre>
</body>
</html>
