Component: ARM Compiler 5.05 update 2 (build 169) Tool: armlink [4d0f33]

==============================================================================

Section Cross References

    usart.o(.rev16_text) refers (Special) to use_no_semi.o(.text) for __use_no_semihosting_swi
    usart.o(.revsh_text) refers (Special) to use_no_semi.o(.text) for __use_no_semihosting_swi
    usart.o(i.NVIC_EncodePriority) refers (Special) to use_no_semi.o(.text) for __use_no_semihosting_swi
    usart.o(i.P_R_data) refers (Special) to use_no_semi.o(.text) for __use_no_semihosting_swi
    usart.o(i.P_R_data) refers to usart.o(i.send_String) for send_String
    usart.o(i.P_R_data) refers to strcmpv7m.o(.text) for strcmp
    usart.o(i.P_R_data) refers to led.o(i.Led_state_control) for Led_state_control
    usart.o(i.P_R_data) refers to rt_memclr.o(.text) for __aeabi_memclr
    usart.o(i.P_R_data) refers to usart.o(.data) for flag
    usart.o(i.P_R_data) refers to usart.o(.bss) for RX_data
    usart.o(i.USART1_IRQHandler) refers (Special) to use_no_semi.o(.text) for __use_no_semihosting_swi
    usart.o(i.USART1_IRQHandler) refers to usart.o(.data) for Timeout_flag
    usart.o(i.USART1_IRQHandler) refers to usart.o(.bss) for RX_data
    usart.o(i.USART1_SET) refers (Special) to use_no_semi.o(.text) for __use_no_semihosting_swi
    usart.o(i.USART1_SET) refers to usart.o(i.NVIC_EncodePriority) for NVIC_EncodePriority
    usart.o(i._sys_exit) refers (Special) to use_no_semi.o(.text) for __use_no_semihosting_swi
    usart.o(i._ttywrch) refers (Special) to use_no_semi.o(.text) for __use_no_semihosting_swi
    usart.o(i.ferror) refers (Special) to use_no_semi.o(.text) for __use_no_semihosting_swi
    usart.o(i.fputc) refers (Special) to use_no_semi.o(.text) for __use_no_semihosting_swi
    usart.o(i.send_String) refers (Special) to use_no_semi.o(.text) for __use_no_semihosting_swi
    usart.o(i.send_String) refers to usart.o(i.send_data) for send_data
    usart.o(i.send_data) refers (Special) to use_no_semi.o(.text) for __use_no_semihosting_swi
    usart.o(i.usart_Io_Init) refers (Special) to use_no_semi.o(.text) for __use_no_semihosting_swi
    usart.o(.bss) refers (Special) to use_no_semi.o(.text) for __use_no_semihosting_swi
    usart.o(.data) refers (Special) to use_no_semi.o(.text) for __use_no_semihosting_swi
    system_stm32f4xx.o(i.SystemCoreClockUpdate) refers to system_stm32f4xx.o(.data) for SystemCoreClock
    system_stm32f4xx.o(i.SystemInit) refers to system_stm32f4xx.o(i.SetSysClock) for SetSysClock
    main.o(i.SysTick_Handler) refers to os_core.o(i.OSIntEnter) for OSIntEnter
    main.o(i.SysTick_Handler) refers to os_core.o(i.OSTimeTick) for OSTimeTick
    main.o(i.SysTick_Handler) refers to os_core.o(i.OSIntExit) for OSIntExit
    main.o(i.main) refers to _printf_percent.o(.ARM.Collect$$_printf_percent$$00000000) for _printf_percent
    main.o(i.main) refers to _printf_d.o(.ARM.Collect$$_printf_percent$$00000009) for _printf_d
    main.o(i.main) refers to _printf_dec.o(.text) for _printf_int_dec
    main.o(i.main) refers to os_core.o(i.OSInit) for OSInit
    main.o(i.main) refers to led.o(i.Led_Io_Init) for Led_Io_Init
    main.o(i.main) refers to usart.o(i.usart_Io_Init) for usart_Io_Init
    main.o(i.main) refers to usart.o(i.USART1_SET) for USART1_SET
    main.o(i.main) refers to main.o(i.OS_SysTick_init) for OS_SysTick_init
    main.o(i.main) refers to os_cpu_a.o(.text) for OS_CPU_SR_Save
    main.o(i.main) refers to os_task.o(i.OSTaskCreate) for OSTaskCreate
    main.o(i.main) refers to noretval__2printf.o(.text) for __2printf
    main.o(i.main) refers to os_core.o(i.OSStart) for OSStart
    main.o(i.main) refers to start_task.o(.bss) for Start_Task_STK
    main.o(i.main) refers to start_task.o(i.Start_Task) for Start_Task
    startup_stm32f40_41xxx.o(STACK) refers (Special) to heapauxi.o(.text) for __use_two_region_memory
    startup_stm32f40_41xxx.o(HEAP) refers (Special) to heapauxi.o(.text) for __use_two_region_memory
    startup_stm32f40_41xxx.o(RESET) refers (Special) to heapauxi.o(.text) for __use_two_region_memory
    startup_stm32f40_41xxx.o(RESET) refers to startup_stm32f40_41xxx.o(STACK) for __initial_sp
    startup_stm32f40_41xxx.o(RESET) refers to startup_stm32f40_41xxx.o(.text) for Reset_Handler
    startup_stm32f40_41xxx.o(RESET) refers to stm32f4xx_it.o(i.NMI_Handler) for NMI_Handler
    startup_stm32f40_41xxx.o(RESET) refers to stm32f4xx_it.o(i.HardFault_Handler) for HardFault_Handler
    startup_stm32f40_41xxx.o(RESET) refers to stm32f4xx_it.o(i.MemManage_Handler) for MemManage_Handler
    startup_stm32f40_41xxx.o(RESET) refers to stm32f4xx_it.o(i.BusFault_Handler) for BusFault_Handler
    startup_stm32f40_41xxx.o(RESET) refers to stm32f4xx_it.o(i.UsageFault_Handler) for UsageFault_Handler
    startup_stm32f40_41xxx.o(RESET) refers to stm32f4xx_it.o(i.SVC_Handler) for SVC_Handler
    startup_stm32f40_41xxx.o(RESET) refers to stm32f4xx_it.o(i.DebugMon_Handler) for DebugMon_Handler
[...]
    libinit.o(.ARM.Collect$$libinit$$00000000) refers (Special) to libinit2.o(.ARM.Collect$$libinit$$00000001) for __rt_lib_init_fp_1
    libinit.o(.ARM.Collect$$libinit$$00000000) refers (Special) to libinit2.o(.ARM.Collect$$libinit$$0000001F) for __rt_lib_init_fp_trap_1
    libinit.o(.ARM.Collect$$libinit$$00000000) refers (Special) to libinit2.o(.ARM.Collect$$libinit$$00000023) for __rt_lib_init_getenv_1
    libinit.o(.ARM.Collect$$libinit$$00000000) refers (Special) to libinit2.o(.ARM.Collect$$libinit$$0000000A) for __rt_lib_init_heap_1
    libinit.o(.ARM.Collect$$libinit$$00000000) refers (Special) to libinit2.o(.ARM.Collect$$libinit$$00000011) for __rt_lib_init_lc_collate_1
    libinit.o(.ARM.Collect$$libinit$$00000000) refers (Special) to libinit2.o(.ARM.Collect$$libinit$$00000013) for __rt_lib_init_lc_ctype_1
    libinit.o(.ARM.Collect$$libinit$$00000000) refers (Special) to libinit2.o(.ARM.Collect$$libinit$$00000015) for __rt_lib_init_lc_monetary_1
    libinit.o(.ARM.Collect$$libinit$$00000000) refers (Special) to libinit2.o(.ARM.Collect$$libinit$$00000017) for __rt_lib_init_lc_numeric_1
    libinit.o(.ARM.Collect$$libinit$$00000000) refers (Special) to libinit2.o(.ARM.Collect$$libinit$$00000019) for __rt_lib_init_lc_time_1
    libinit.o(.ARM.Collect$$libinit$$00000000) refers (Special) to libinit2.o(.ARM.Collect$$libinit$$00000004) for __rt_lib_init_preinit_1
    libinit.o(.ARM.Collect$$libinit$$00000000) refers (Special) to libinit2.o(.ARM.Collect$$libinit$$0000000E) for __rt_lib_init_rand_1
    libinit.o(.ARM.Collect$$libinit$$00000000) refers (Special) to libinit2.o(.ARM.Collect$$libinit$$00000033) for __rt_lib_init_return
    libinit.o(.ARM.Collect$$libinit$$00000000) refers (Special) to libinit2.o(.ARM.Collect$$libinit$$0000001D) for __rt_lib_init_signal_1
    libinit.o(.ARM.Collect$$libinit$$00000000) refers (Special) to libinit2.o(.ARM.Collect$$libinit$$00000025) for __rt_lib_init_stdio_1
    libinit.o(.ARM.Collect$$libinit$$00000000) refers (Special) to libinit2.o(.ARM.Collect$$libinit$$0000000C) for __rt_lib_init_user_alloc_1
    libspace.o(.text) refers to libspace.o(.bss) for __libspace_start
    rtexit.o(.ARM.Collect$$rtexit$$00000000) refers (Special) to rtexit2.o(.ARM.Collect$$rtexit$$00000004) for __rt_exit_exit
    rtexit.o(.ARM.Collect$$rtexit$$00000000) refers (Special) to rtexit2.o(.ARM.Collect$$rtexit$$00000003) for __rt_exit_ls
    rtexit.o(.ARM.Collect$$rtexit$$00000000) refers (Special) to rtexit2.o(.ARM.Collect$$rtexit$$00000002) for __rt_exit_prels_1
    rtexit.o(.ARM.exidx) refers (Special) to rtexit2.o(.ARM.Collect$$rtexit$$00000004) for __rt_exit_exit
    rtexit.o(.ARM.exidx) refers (Special) to rtexit2.o(.ARM.Collect$$rtexit$$00000003) for __rt_exit_ls
    rtexit.o(.ARM.exidx) refers (Special) to rtexit2.o(.ARM.Collect$$rtexit$$00000002) for __rt_exit_prels_1
    rtexit.o(.ARM.exidx) refers to rtexit.o(.ARM.Collect$$rtexit$$00000000) for .ARM.Collect$$rtexit$$00000000
    libinit2.o(.ARM.Collect$$libinit$$00000001) refers to fpinit.o(x$fpl$fpinit) for _fp_init
    libinit2.o(.ARM.Collect$$libinit$$00000010) refers to libinit2.o(.ARM.Collect$$libinit$$0000000F) for .ARM.Collect$$libinit$$0000000F
    libinit2.o(.ARM.Collect$$libinit$$00000012) refers to libinit2.o(.ARM.Collect$$libinit$$0000000F) for .ARM.Collect$$libinit$$0000000F
    libinit2.o(.ARM.Collect$$libinit$$00000014) refers to libinit2.o(.ARM.Collect$$libinit$$0000000F) for .ARM.Collect$$libinit$$0000000F
    libinit2.o(.ARM.Collect$$libinit$$00000016) refers to libinit2.o(.ARM.Collect$$libinit$$0000000F) for .ARM.Collect$$libinit$$0000000F
    libinit2.o(.ARM.Collect$$libinit$$00000018) refers to libinit2.o(.ARM.Collect$$libinit$$0000000F) for .ARM.Collect$$libinit$$0000000F
    libinit2.o(.ARM.Collect$$libinit$$00000026) refers to argv_veneer.o(.emb_text) for __ARM_argv_veneer
    libinit2.o(.ARM.Collect$$libinit$$00000027) refers to argv_veneer.o(.emb_text) for __ARM_argv_veneer
    rtexit2.o(.ARM.Collect$$rtexit$$00000003) refers to libshutdown.o(.ARM.Collect$$libshutdown$$00000000) for __rt_lib_shutdown
    rtexit2.o(.ARM.Collect$$rtexit$$00000004) refers to usart.o(i._sys_exit) for _sys_exit
    rtexit2.o(.ARM.exidx) refers to rtexit2.o(.ARM.Collect$$rtexit$$00000001) for .ARM.Collect$$rtexit$$00000001
    rtexit2.o(.ARM.exidx) refers to rtexit2.o(.ARM.Collect$$rtexit$$00000003) for .ARM.Collect$$rtexit$$00000003
    rtexit2.o(.ARM.exidx) refers to rtexit2.o(.ARM.Collect$$rtexit$$00000004) for .ARM.Collect$$rtexit$$00000004
    argv_veneer.o(.emb_text) refers to no_argv.o(.text) for __ARM_get_argv
    _get_argv_nomalloc.o(.text) refers (Special) to hrguard.o(.text) for __heap_region$guard
    _get_argv_nomalloc.o(.text) refers to defsig_rtmem_outer.o(.text) for __rt_SIGRTMEM
    _get_argv_nomalloc.o(.text) refers to sys_command.o(.text) for _sys_command_string
    libshutdown.o(.ARM.Collect$$libshutdown$$00000000) refers (Special) to libshutdown2.o(.ARM.Collect$$libshutdown$$00000006) for __rt_lib_shutdown_fp_trap_1
    libshutdown.o(.ARM.Collect$$libshutdown$$00000000) refers (Special) to libshutdown2.o(.ARM.Collect$$libshutdown$$0000000E) for __rt_lib_shutdown_heap_1
    libshutdown.o(.ARM.Collect$$libshutdown$$00000000) refers (Special) to libshutdown2.o(.ARM.Collect$$libshutdown$$0000000F) for __rt_lib_shutdown_return
    libshutdown.o(.ARM.Collect$$libshutdown$$00000000) refers (Special) to libshutdown2.o(.ARM.Collect$$libshutdown$$00000009) for __rt_lib_shutdown_signal_1
    libshutdown.o(.ARM.Collect$$libshutdown$$00000000) refers (Special) to libshutdown2.o(.ARM.Collect$$libshutdown$$00000003) for __rt_lib_shutdown_stdio_1
    libshutdown.o(.ARM.Collect$$libshutdown$$00000000) refers (Special) to libshutdown2.o(.ARM.Collect$$libshutdown$$0000000B) for __rt_lib_shutdown_user_alloc_1
    sys_command.o(.text) refers (Special) to use_no_semi.o(.text) for __I$use$semihosting
    sys_command.o(.text) refers (Special) to indicate_semi.o(.text) for __semihosting_library_function
    defsig_rtmem_outer.o(.text) refers to defsig_rtmem_inner.o(.text) for __rt_SIGRTMEM_inner
    defsig_rtmem_outer.o(.text) refers to defsig_exit.o(.text) for __sig_exit
    defsig_rtmem_formal.o(.text) refers to rt_raise.o(.text) for __rt_raise
    rt_raise.o(.text) refers to __raise.o(.text) for __raise
    rt_raise.o(.text) refers to usart.o(i._sys_exit) for _sys_exit
    defsig_exit.o(.text) refers to usart.o(i._sys_exit) for _sys_exit
    defsig_rtmem_inner.o(.text) refers to defsig_general.o(.text) for __default_signal_display
    __raise.o(.text) refers to defsig.o(CL$$defsig) for __default_signal_handler
    defsig_general.o(.text) refers to usart.o(i._ttywrch) for _ttywrch
    defsig.o(CL$$defsig) refers to defsig_rtmem_inner.o(.text) for __rt_SIGRTMEM_inner
    defsig_abrt_inner.o(.text) refers to defsig_general.o(.text) for __default_signal_display
    defsig_fpe_inner.o(.text) refers to defsig_general.o(.text) for __default_signal_display
    defsig_rtred_inner.o(.text) refers to defsig_general.o(.text) for __default_signal_display
    defsig_stak_inner.o(.text) refers to defsig_general.o(.text) for __default_signal_display
    defsig_pvfn_inner.o(.text) refers to defsig_general.o(.text) for __default_signal_display
    defsig_cppl_inner.o(.text) refers to defsig_general.o(.text) for __default_signal_display
    defsig_segv_inner.o(.text) refers to defsig_general.o(.text) for __default_signal_display
    defsig_other.o(.text) refers to defsig_general.o(.text) for __default_signal_display


==============================================================================

Removing Unused input sections from the image.

    Removing usart.o(.rev16_text), (4 bytes).
    Removing usart.o(.revsh_text), (4 bytes).
    Removing usart.o(i.P_R_data), (140 bytes).
    Removing usart.o(i._ttywrch), (24 bytes).
    Removing usart.o(i.send_String), (22 bytes).
    Removing usart.o(i.send_data), (24 bytes).
    Removing stm32f4xx_it.o(.rev16_text), (4 bytes).
    Removing stm32f4xx_it.o(.revsh_text), (4 bytes).
    Removing system_stm32f4xx.o(.rev16_text), (4 bytes).
    Removing system_stm32f4xx.o(.revsh_text), (4 bytes).
    Removing system_stm32f4xx.o(i.SystemCoreClockUpdate), (192 bytes).
    Removing system_stm32f4xx.o(.data), (20 bytes).
    Removing led.o(.rev16_text), (4 bytes).
    Removing led.o(.revsh_text), (4 bytes).
    Removing led.o(i.Led_state_control), (100 bytes).
    Removing main.o(.rev16_text), (4 bytes).
    Removing main.o(.revsh_text), (4 bytes).
    Removing os_core.o(.rev16_text), (4 bytes).
    Removing os_core.o(.revsh_text), (4 bytes).
    Removing os_core.o(i.OSStatInit), (76 bytes).
    Removing os_core.o(i.OSVersion), (6 bytes).
    Removing os_core.o(i.OS_MemCopy), (20 bytes).
    Removing os_core.o(i.OS_StrLen), (20 bytes).
    Removing os_flag.o(.rev16_text), (4 bytes).
    Removing os_flag.o(.revsh_text), (4 bytes).
    Removing os_flag.o(i.OSFlagAccept), (252 bytes).
    Removing os_flag.o(i.OSFlagCreate), (100 bytes).
    Removing os_flag.o(i.OSFlagDel), (228 bytes).
    Removing os_flag.o(i.OSFlagNameGet), (84 bytes).
    Removing os_flag.o(i.OSFlagNameSet), (72 bytes).
    Removing os_flag.o(i.OSFlagPend), (596 bytes).
    Removing os_flag.o(i.OSFlagPendGetFlagsRdy), (32 bytes).
    Removing os_flag.o(i.OSFlagPost), (312 bytes).
    Removing os_flag.o(i.OSFlagQuery), (48 bytes).
    Removing os_flag.o(i.OS_FlagBlock), (164 bytes).
    Removing os_flag.o(i.OS_FlagTaskRdy), (92 bytes).
    Removing os_mbox.o(.rev16_text), (4 bytes).
    Removing os_mbox.o(.revsh_text), (4 bytes).
    Removing os_mbox.o(i.OSMboxAccept), (38 bytes).
    Removing os_mbox.o(i.OSMboxCreate), (76 bytes).
    Removing os_mbox.o(i.OSMboxDel), (208 bytes).
    Removing os_mbox.o(i.OSMboxPend), (260 bytes).
    Removing os_mbox.o(i.OSMboxPendAbort), (128 bytes).
    Removing os_mbox.o(i.OSMboxPost), (80 bytes).
    Removing os_mbox.o(i.OSMboxPostOpt), (120 bytes).
    Removing os_mbox.o(i.OSMboxQuery), (76 bytes).
    Removing os_mem.o(.rev16_text), (4 bytes).
    Removing os_mem.o(.revsh_text), (4 bytes).
    Removing os_mutex.o(.rev16_text), (4 bytes).
    Removing os_mutex.o(.revsh_text), (4 bytes).
    Removing os_mutex.o(i.OSMutexAccept), (144 bytes).
    Removing os_mutex.o(i.OSMutexCreate), (148 bytes).
    Removing os_mutex.o(i.OSMutexDel), (280 bytes).
    Removing os_mutex.o(i.OSMutexPend), (568 bytes).
    Removing os_mutex.o(i.OSMutexPost), (200 bytes).
    Removing os_mutex.o(i.OSMutexQuery), (112 bytes).
    Removing os_mutex.o(i.OSMutex_RdyAtPrio), (132 bytes).
    Removing os_q.o(.rev16_text), (4 bytes).
    Removing os_q.o(.revsh_text), (4 bytes).
    Removing os_q.o(i.OSQAccept), (88 bytes).
    Removing os_q.o(i.OSQCreate), (152 bytes).
    Removing os_q.o(i.OSQDel), (248 bytes).
    Removing os_q.o(i.OSQFlush), (36 bytes).
    Removing os_q.o(i.OSQPend), (284 bytes).
    Removing os_q.o(i.OSQPendAbort), (128 bytes).
    Removing os_q.o(i.OSQPost), (114 bytes).
    Removing os_q.o(i.OSQPostFront), (116 bytes).
    Removing os_q.o(i.OSQPostOpt), (182 bytes).
    Removing os_q.o(i.OSQQuery), (98 bytes).
    Removing os_sem.o(.rev16_text), (4 bytes).
    Removing os_sem.o(.revsh_text), (4 bytes).
    Removing os_sem.o(i.OSSemAccept), (42 bytes).
    Removing os_sem.o(i.OSSemDel), (208 bytes).
    Removing os_sem.o(i.OSSemPendAbort), (128 bytes).
    Removing os_sem.o(i.OSSemQuery), (76 bytes).
    Removing os_sem.o(i.OSSemSet), (66 bytes).
    Removing os_task.o(.rev16_text), (4 bytes).
    Removing os_task.o(.revsh_text), (4 bytes).
    Removing os_task.o(i.OSTaskChangePrio), (328 bytes).
    Removing os_task.o(i.OSTaskDelReq), (108 bytes).
    Removing os_task.o(i.OSTaskNameGet), (128 bytes).
    Removing os_task.o(i.OSTaskQuery), (92 bytes).
    Removing os_task.o(i.OSTaskRegGet), (68 bytes).
    Removing os_task.o(i.OSTaskRegSet), (72 bytes).
    Removing os_task.o(i.OSTaskResume), (172 bytes).
    Removing os_time.o(.rev16_text), (4 bytes).
    Removing os_time.o(.revsh_text), (4 bytes).
    Removing os_time.o(i.OSTimeDlyHMSM), (96 bytes).
    Removing os_time.o(i.OSTimeDlyResume), (180 bytes).
    Removing os_time.o(i.OSTimeGet), (28 bytes).
    Removing os_time.o(i.OSTimeSet), (28 bytes).
    Removing os_tmr.o(.rev16_text), (4 bytes).
    Removing os_tmr.o(.revsh_text), (4 bytes).
    Removing os_tmr.o(i.OSTmrCreate), (100 bytes).
    Removing os_tmr.o(i.OSTmrDel), (128 bytes).
    Removing os_tmr.o(i.OSTmrNameGet), (120 bytes).
    Removing os_tmr.o(i.OSTmrRemainGet), (172 bytes).
    Removing os_tmr.o(i.OSTmrStart), (132 bytes).
    Removing os_tmr.o(i.OSTmrStateGet), (92 bytes).
    Removing os_tmr.o(i.OSTmrStop), (184 bytes).
    Removing os_tmr.o(i.OSTmr_Alloc), (64 bytes).
    Removing os_tmr.o(i.OSTmr_Free), (76 bytes).
    Removing os_cpu_c.o(.rev16_text), (4 bytes).
    Removing os_cpu_c.o(.revsh_text), (4 bytes).
    Removing start_task.o(.rev16_text), (4 bytes).
    Removing start_task.o(.revsh_text), (4 bytes).

106 unused section(s) (total 9664 bytes) removed from the image.

==============================================================================

Image Symbol Table

    Local Symbols

    Symbol Name                              Value     Ov Type        Size  Object(Section)

    ../clib/angel/boardlib.s                 0x00000000   Number         0  boardshut.o ABSOLUTE
    ../clib/angel/boardlib.s                 0x00000000   Number         0  boardinit3.o ABSOLUTE
    ../clib/angel/boardlib.s                 0x00000000   Number         0  boardinit2.o ABSOLUTE
    ../clib/angel/boardlib.s                 0x00000000   Number         0  boardinit1.o ABSOLUTE
    ../clib/angel/handlers.s                 0x00000000   Number         0  __scatter_copy.o ABSOLUTE
    ../clib/angel/handlers.s                 0x00000000   Number         0  __scatter_zi.o ABSOLUTE
    ../clib/angel/kernel.s                   0x00000000   Number         0  rtexit2.o ABSOLUTE
    ../clib/angel/kernel.s                   0x00000000   Number         0  __rtentry.o ABSOLUTE
    ../clib/angel/kernel.s                   0x00000000   Number         0  rtexit.o ABSOLUTE
    ../clib/angel/kernel.s                   0x00000000   Number         0  __rtentry4.o ABSOLUTE
    ../clib/angel/kernel.s                   0x00000000   Number         0  __rtentry2.o ABSOLUTE
    ../clib/angel/rt.s                       0x00000000   Number         0  rt_raise.o ABSOLUTE
    ../clib/angel/scatter.s                  0x00000000   Number         0  __scatter.o ABSOLUTE
    ../clib/angel/startup.s                  0x00000000   Number         0  __main.o ABSOLUTE
    ../clib/angel/sys.s                      0x00000000   Number         0  libspace.o ABSOLUTE
    ../clib/angel/sys.s                      0x00000000   Number         0  use_no_semi.o ABSOLUTE
    ../clib/angel/sys.s                      0x00000000   Number         0  indicate_semi.o ABSOLUTE
    ../clib/angel/sys.s                      0x00000000   Number         0  sys_stackheap_outer.o ABSOLUTE
    ../clib/angel/sysapp.c                   0x00000000   Number         0  sys_command.o ABSOLUTE
    ../clib/armsys.c                         0x00000000   Number         0  argv_veneer.o ABSOLUTE
    ../clib/armsys.c                         0x00000000   Number         0  argv_veneer.o ABSOLUTE
    ../clib/armsys.c                         0x00000000   Number         0  no_argv.o ABSOLUTE
    ../clib/armsys.c                         0x00000000   Number         0  _get_argv_nomalloc.o ABSOLUTE
    ../clib/heapalloc.c                      0x00000000   Number         0  hrguard.o ABSOLUTE
    ../clib/heapaux.c                        0x00000000   Number         0  heapauxi.o ABSOLUTE
    ../clib/libinit.s                        0x00000000   Number         0  libinit2.o ABSOLUTE
    ../clib/libinit.s                        0x00000000   Number         0  libshutdown.o ABSOLUTE
    ../clib/libinit.s                        0x00000000   Number         0  libshutdown2.o ABSOLUTE
    ../clib/libinit.s                        0x00000000   Number         0  libinit.o ABSOLUTE
    ../clib/memcpset.s                       0x00000000   Number         0  strcmpv7m.o ABSOLUTE
    ../clib/memcpset.s                       0x00000000   Number         0  rt_memclr.o ABSOLUTE
    ../clib/memcpset.s                       0x00000000   Number         0  rt_memclr_w.o ABSOLUTE
    ../clib/printf.c                         0x00000000   Number         0  _printf_dec.o ABSOLUTE
    ../clib/printf.c                         0x00000000   Number         0  __printf.o ABSOLUTE
    ../clib/printf.c                         0x00000000   Number         0  noretval__2printf.o ABSOLUTE
    ../clib/printf.c                         0x00000000   Number         0  _printf_char_file.o ABSOLUTE
    ../clib/printf.c                         0x00000000   Number         0  __printf_ss_wp.o ABSOLUTE
    ../clib/printf.c                         0x00000000   Number         0  _printf_intcommon.o ABSOLUTE
    ../clib/printf.c                         0x00000000   Number         0  __printf_flags_ss_wp.o ABSOLUTE
    ../clib/printf.c                         0x00000000   Number         0  __printf_flags_wp.o ABSOLUTE
    ../clib/printf.c                         0x00000000   Number         0  __printf_wp.o ABSOLUTE
    ../clib/printf.c                         0x00000000   Number         0  __printf_nopercent.o ABSOLUTE
    ../clib/printf.c                         0x00000000   Number         0  __printf_flags_ss.o ABSOLUTE
    ../clib/printf.c                         0x00000000   Number         0  _printf_char_common.o ABSOLUTE
    ../clib/printf.c                         0x00000000   Number         0  __printf_ss.o ABSOLUTE
    ../clib/printf.c                         0x00000000   Number         0  __2printf.o ABSOLUTE
    ../clib/printf.c                         0x00000000   Number         0  __printf_flags.o ABSOLUTE
    ../clib/printf_percent.s                 0x00000000   Number         0  _printf_d.o ABSOLUTE
    ../clib/printf_percent.s                 0x00000000   Number         0  _printf_percent.o ABSOLUTE
    ../clib/printf_percent.s                 0x00000000   Number         0  _printf_percent_end.o ABSOLUTE
    ../clib/signal.c                         0x00000000   Number         0  defsig_other.o ABSOLUTE
    ../clib/signal.c                         0x00000000   Number         0  defsig_segv_inner.o ABSOLUTE
    ../clib/signal.c                         0x00000000   Number         0  defsig_cppl_inner.o ABSOLUTE
    ../clib/signal.c                         0x00000000   Number         0  defsig_pvfn_inner.o ABSOLUTE
    ../clib/signal.c                         0x00000000   Number         0  defsig_stak_inner.o ABSOLUTE
    ../clib/signal.c                         0x00000000   Number         0  defsig_rtred_inner.o ABSOLUTE
    ../clib/signal.c                         0x00000000   Number         0  defsig_rtmem_formal.o ABSOLUTE
    ../clib/signal.c                         0x00000000   Number         0  defsig_rtmem_outer.o ABSOLUTE
    ../clib/signal.c                         0x00000000   Number         0  defsig_fpe_inner.o ABSOLUTE
    ../clib/signal.c                         0x00000000   Number         0  defsig_exit.o ABSOLUTE
    ../clib/signal.c                         0x00000000   Number         0  defsig_rtmem_inner.o ABSOLUTE
    ../clib/signal.c                         0x00000000   Number         0  defsig_general.o ABSOLUTE
    ../clib/signal.c                         0x00000000   Number         0  __raise.o ABSOLUTE
    ../clib/signal.c                         0x00000000   Number         0  defsig_abrt_inner.o ABSOLUTE
    ../clib/signal.s                         0x00000000   Number         0  defsig.o ABSOLUTE
    ../clib/stdlib.c                         0x00000000   Number         0  exit.o ABSOLUTE
    ../fplib/fpinit.s                        0x00000000   Number         0  fpinit.o ABSOLUTE
    ..\App\src\USART.c                       0x00000000   Number         0  usart.o ABSOLUTE
    ..\CMSIS\src\stm32f4xx_it.c              0x00000000   Number         0  stm32f4xx_it.o ABSOLUTE
    ..\CMSIS\src\system_stm32f4xx.c          0x00000000   Number         0  system_stm32f4xx.o ABSOLUTE
    ..\Driver\src\led.c                      0x00000000   Number         0  led.o ABSOLUTE
    ..\Startup\startup_stm32f40_41xxx.s      0x00000000   Number         0  startup_stm32f40_41xxx.o ABSOLUTE
    ..\USER\src\main.c                       0x00000000   Number         0  main.o ABSOLUTE
    ..\UcosII\CORE\os_core.c                 0x00000000   Number         0  os_core.o ABSOLUTE
    ..\UcosII\CORE\os_flag.c                 0x00000000   Number         0  os_flag.o ABSOLUTE
    ..\UcosII\CORE\os_mbox.c                 0x00000000   Number         0  os_mbox.o ABSOLUTE
    ..\UcosII\CORE\os_mem.c                  0x00000000   Number         0  os_mem.o ABSOLUTE
    ..\UcosII\CORE\os_mutex.c                0x00000000   Number         0  os_mutex.o ABSOLUTE
    ..\UcosII\CORE\os_q.c                    0x00000000   Number         0  os_q.o ABSOLUTE
    ..\UcosII\CORE\os_sem.c                  0x00000000   Number         0  os_sem.o ABSOLUTE
    ..\UcosII\CORE\os_task.c                 0x00000000   Number         0  os_task.o ABSOLUTE
    ..\UcosII\CORE\os_time.c                 0x00000000   Number         0  os_time.o ABSOLUTE
    ..\UcosII\CORE\os_tmr.c                  0x00000000   Number         0  os_tmr.o ABSOLUTE
    ..\UcosII\PORT\os_cpu_a.asm              0x00000000   Number         0  os_cpu_a.o ABSOLUTE
    ..\UcosII\PORT\os_cpu_c.c                0x00000000   Number         0  os_cpu_c.o ABSOLUTE
    ..\Ucos_Task\src\Start_Task.c            0x00000000   Number         0  start_task.o ABSOLUTE
    ..\\App\\src\\USART.c                    0x00000000   Number         0  usart.o ABSOLUTE
    ..\\CMSIS\\src\\stm32f4xx_it.c           0x00000000   Number         0  stm32f4xx_it.o ABSOLUTE
    ..\\CMSIS\\src\\system_stm32f4xx.c       0x00000000   Number         0  system_stm32f4xx.o ABSOLUTE
    ..\\Driver\\src\\led.c                   0x00000000   Number         0  led.o ABSOLUTE
    ..\\USER\\src\\main.c                    0x00000000   Number         0  main.o ABSOLUTE
    ..\\UcosII\\CORE\\os_core.c              0x00000000   Number         0  os_core.o ABSOLUTE
    ..\\UcosII\\CORE\\os_flag.c              0x00000000   Number         0  os_flag.o ABSOLUTE
    ..\\UcosII\\CORE\\os_mbox.c              0x00000000   Number         0  os_mbox.o ABSOLUTE
    ..\\UcosII\\CORE\\os_mem.c               0x00000000   Number         0  os_mem.o ABSOLUTE
    ..\\UcosII\\CORE\\os_mutex.c             0x00000000   Number         0  os_mutex.o ABSOLUTE
    ..\\UcosII\\CORE\\os_q.c                 0x00000000   Number         0  os_q.o ABSOLUTE
    ..\\UcosII\\CORE\\os_sem.c               0x00000000   Number         0  os_sem.o ABSOLUTE
    ..\\UcosII\\CORE\\os_task.c              0x00000000   Number         0  os_task.o ABSOLUTE
    ..\\UcosII\\CORE\\os_time.c              0x00000000   Number         0  os_time.o ABSOLUTE
    ..\\UcosII\\CORE\\os_tmr.c               0x00000000   Number         0  os_tmr.o ABSOLUTE
    ..\\UcosII\\PORT\\os_cpu_c.c             0x00000000   Number         0  os_cpu_c.o ABSOLUTE
    ..\\Ucos_Task\\src\\Start_Task.c         0x00000000   Number         0  start_task.o ABSOLUTE
    dc.s                                     0x00000000   Number         0  dc.o ABSOLUTE
    RESET                                    0x08000000   Section      392  startup_stm32f40_41xxx.o(RESET)
    !!!main                                  0x08000188   Section        8  __main.o(!!!main)
    !!!scatter                               0x08000190   Section       52  __scatter.o(!!!scatter)
    !!handler_copy                           0x080001c4   Section       26  __scatter_copy.o(!!handler_copy)
    !!handler_zi                             0x080001e0   Section       28  __scatter_zi.o(!!handler_zi)
    .ARM.Collect$$_printf_percent$$00000000  0x080001fc   Section        0  _printf_percent.o(.ARM.Collect$$_printf_percent$$00000000)
    .ARM.Collect$$_printf_percent$$00000009  0x080001fc   Section        6  _printf_d.o(.ARM.Collect$$_printf_percent$$00000009)
    .ARM.Collect$$_printf_percent$$00000017  0x08000202   Section        4  _printf_percent_end.o(.ARM.Collect$$_printf_percent$$00000017)
    .ARM.Collect$$libinit$$00000000          0x08000206   Section        2  libinit.o(.ARM.Collect$$libinit$$00000000)
    .ARM.Collect$$libinit$$00000001          0x08000208   Section        4  libinit2.o(.ARM.Collect$$libinit$$00000001)
    .ARM.Collect$$libinit$$00000004          0x0800020c   Section        0  libinit2.o(.ARM.Collect$$libinit$$00000004)
    .ARM.Collect$$libinit$$0000000A          0x0800020c   Section        0  libinit2.o(.ARM.Collect$$libinit$$0000000A)
    .ARM.Collect$$libinit$$0000000C          0x0800020c   Section        0  libinit2.o(.ARM.Collect$$libinit$$0000000C)
    .ARM.Collect$$libinit$$0000000E          0x0800020c   Section        0  libinit2.o(.ARM.Collect$$libinit$$0000000E)
    .ARM.Collect$$libinit$$00000011          0x0800020c   Section        0  libinit2.o(.ARM.Collect$$libinit$$00000011)
    .ARM.Collect$$libinit$$00000013          0x0800020c   Section        0  libinit2.o(.ARM.Collect$$libinit$$00000013)
    .ARM.Collect$$libinit$$00000015          0x0800020c   Section        0  libinit2.o(.ARM.Collect$$libinit$$00000015)
    .ARM.Collect$$libinit$$00000017          0x0800020c   Section        0  libinit2.o(.ARM.Collect$$libinit$$00000017)
    .ARM.Collect$$libinit$$00000019          0x0800020c   Section        0  libinit2.o(.ARM.Collect$$libinit$$00000019)
    .ARM.Collect$$libinit$$0000001B          0x0800020c   Section        0  libinit2.o(.ARM.Collect$$libinit$$0000001B)
    .ARM.Collect$$libinit$$0000001D          0x0800020c   Section        0  libinit2.o(.ARM.Collect$$libinit$$0000001D)
    .ARM.Collect$$libinit$$0000001F          0x0800020c   Section        0  libinit2.o(.ARM.Collect$$libinit$$0000001F)
    .ARM.Collect$$libinit$$00000021          0x0800020c   Section        0  libinit2.o(.ARM.Collect$$libinit$$00000021)
    .ARM.Collect$$libinit$$00000023          0x0800020c   Section        0  libinit2.o(.ARM.Collect$$libinit$$00000023)
    .ARM.Collect$$libinit$$00000025          0x0800020c   Section        0  libinit2.o(.ARM.Collect$$libinit$$00000025)
    .ARM.Collect$$libinit$$0000002C          0x0800020c   Section        0  libinit2.o(.ARM.Collect$$libinit$$0000002C)
    .ARM.Collect$$libinit$$0000002E          0x0800020c   Section        0  libinit2.o(.ARM.Collect$$libinit$$0000002E)
    .ARM.Collect$$libinit$$00000030          0x0800020c   Section        0  libinit2.o(.ARM.Collect$$libinit$$00000030)
    .ARM.Collect$$libinit$$00000032          0x0800020c   Section        0  libinit2.o(.ARM.Collect$$libinit$$00000032)
    .ARM.Collect$$libinit$$00000033          0x0800020c   Section        2  libinit2.o(.ARM.Collect$$libinit$$00000033)
    .ARM.Collect$$libshutdown$$00000000      0x0800020e   Section        2  libshutdown.o(.ARM.Collect$$libshutdown$$00000000)
    .ARM.Collect$$libshutdown$$00000003      0x08000210   Section        0  libshutdown2.o(.ARM.Collect$$libshutdown$$00000003)
    .ARM.Collect$$libshutdown$$00000006      0x08000210   Section        0  libshutdown2.o(.ARM.Collect$$libshutdown$$00000006)
    .ARM.Collect$$libshutdown$$00000009      0x08000210   Section        0  libshutdown2.o(.ARM.Collect$$libshutdown$$00000009)
    .ARM.Collect$$libshutdown$$0000000B      0x08000210   Section        0  libshutdown2.o(.ARM.Collect$$libshutdown$$0000000B)
    .ARM.Collect$$libshutdown$$0000000E      0x08000210   Section        0  libshutdown2.o(.ARM.Collect$$libshutdown$$0000000E)
    .ARM.Collect$$libshutdown$$0000000F      0x08000210   Section        2  libshutdown2.o(.ARM.Collect$$libshutdown$$0000000F)
    .ARM.Collect$$rtentry$$00000000          0x08000212   Section        0  __rtentry.o(.ARM.Collect$$rtentry$$00000000)
    .ARM.Collect$$rtentry$$00000002          0x08000212   Section        0  __rtentry2.o(.ARM.Collect$$rtentry$$00000002)
    .ARM.Collect$$rtentry$$00000004          0x08000212   Section        6  __rtentry4.o(.ARM.Collect$$rtentry$$00000004)
    .ARM.Collect$$rtentry$$00000009          0x08000218   Section        0  __rtentry2.o(.ARM.Collect$$rtentry$$00000009)
    .ARM.Collect$$rtentry$$0000000A          0x08000218   Section        4  __rtentry2.o(.ARM.Collect$$rtentry$$0000000A)
    .ARM.Collect$$rtentry$$0000000C          0x0800021c   Section        0  __rtentry2.o(.ARM.Collect$$rtentry$$0000000C)
    .ARM.Collect$$rtentry$$0000000D          0x0800021c   Section        8  __rtentry2.o(.ARM.Collect$$rtentry$$0000000D)
    .ARM.Collect$$rtexit$$00000000           0x08000224   Section        2  rtexit.o(.ARM.Collect$$rtexit$$00000000)
    .ARM.Collect$$rtexit$$00000002           0x08000226   Section        0  rtexit2.o(.ARM.Collect$$rtexit$$00000002)
    .ARM.Collect$$rtexit$$00000003           0x08000226   Section        4  rtexit2.o(.ARM.Collect$$rtexit$$00000003)
    .ARM.Collect$$rtexit$$00000004           0x0800022a   Section        6  rtexit2.o(.ARM.Collect$$rtexit$$00000004)
    .text                                    0x08000230   Section       64  startup_stm32f40_41xxx.o(.text)
    $v0                                      0x08000230   Number         0  startup_stm32f40_41xxx.o(.text)
    .text                                    0x08000270   Section      200  os_cpu_a.o(.text)
    $v0                                      0x08000270   Number         0  os_cpu_a.o(.text)
    .text                                    0x08000338   Section        2  use_no_semi.o(.text)
    .text                                    0x0800033c   Section        0  noretval__2printf.o(.text)
    .text                                    0x08000354   Section        0  __printf.o(.text)
    .text                                    0x080003bc   Section        0  _printf_dec.o(.text)
    .text                                    0x08000434   Section        0  heapauxi.o(.text)
    .text                                    0x0800043a   Section        0  _printf_intcommon.o(.text)
    .text                                    0x080004ec   Section        0  _printf_char_file.o(.text)
    .text                                    0x08000510   Section        0  _printf_char_common.o(.text)
    _printf_input_char                       0x08000511   Thumb Code    10  _printf_char_common.o(.text)
    .text                                    0x08000540   Section       74  sys_stackheap_outer.o(.text)
    .text                                    0x0800058a   Section        0  exit.o(.text)
    .text                                    0x08000598   Section        8  libspace.o(.text)
    i.BusFault_Handler                       0x080005a0   Section        0  stm32f4xx_it.o(i.BusFault_Handler)
    i.DebugMon_Handler                       0x080005a4   Section        0  stm32f4xx_it.o(i.DebugMon_Handler)
    i.HardFault_Handler                      0x080005a6   Section        0  stm32f4xx_it.o(i.HardFault_Handler)
    i.Led_Io_Init                            0x080005ac   Section        0  led.o(i.Led_Io_Init)
    i.MemManage_Handler                      0x08000668   Section        0  stm32f4xx_it.o(i.MemManage_Handler)
    i.NMI_Handler                            0x0800066c   Section        0  stm32f4xx_it.o(i.NMI_Handler)
    i.NVIC_EncodePriority                    0x0800066e   Section        0  usart.o(i.NVIC_EncodePriority)
    NVIC_EncodePriority                      0x0800066f   Thumb Code    64  usart.o(i.NVIC_EncodePriority)
    i.OSInit                                 0x080006ae   Section        0  os_core.o(i.OSInit)
    i.OSInitHookBegin                        0x080006e0   Section        0  os_cpu_c.o(i.OSInitHookBegin)
    i.OSInitHookEnd                          0x080006ec   Section        0  os_cpu_c.o(i.OSInitHookEnd)
    i.OSIntEnter                             0x080006f0   Section        0  os_core.o(i.OSIntEnter)
    i.OSIntExit                              0x08000714   Section        0  os_core.o(i.OSIntExit)
    i.OSSchedLock                            0x080007a4   Section        0  os_core.o(i.OSSchedLock)
    i.OSSchedUnlock                          0x080007e4   Section        0  os_core.o(i.OSSchedUnlock)
    i.OSSemCreate                            0x08000844   Section        0  os_sem.o(i.OSSemCreate)
    i.OSSemPend                              0x08000890   Section        0  os_sem.o(i.OSSemPend)
    i.OSSemPost                              0x0800097c   Section        0  os_sem.o(i.OSSemPost)
    i.OSStart                                0x080009d4   Section        0  os_core.o(i.OSStart)
    i.OSTCBInitHook                          0x08000a1c   Section        0  os_cpu_c.o(i.OSTCBInitHook)
    i.OSTaskCreate                           0x08000a20   Section        0  os_task.o(i.OSTaskCreate)
    i.OSTaskCreateExt                        0x08000ac0   Section        0  os_task.o(i.OSTaskCreateExt)
    i.OSTaskCreateHook                       0x08000b78   Section        0  os_cpu_c.o(i.OSTaskCreateHook)
    i.OSTaskDel                              0x08000b7c   Section        0  os_task.o(i.OSTaskDel)
    i.OSTaskDelHook                          0x08000cd0   Section        0  os_cpu_c.o(i.OSTaskDelHook)
    i.OSTaskIdleHook                         0x08000cd2   Section        0  os_cpu_c.o(i.OSTaskIdleHook)
    i.OSTaskNameSet                          0x08000cd4   Section        0  os_task.o(i.OSTaskNameSet)
    i.OSTaskReturnHook                       0x08000d44   Section        0  os_cpu_c.o(i.OSTaskReturnHook)
    i.OSTaskStatHook                         0x08000d46   Section        0  os_cpu_c.o(i.OSTaskStatHook)
    i.OSTaskStkChk                           0x08000d48   Section        0  os_task.o(i.OSTaskStkChk)
    i.OSTaskStkInit                          0x08000dd4   Section        0  os_cpu_c.o(i.OSTaskStkInit)
    i.OSTaskSuspend                          0x08000f84   Section        0  os_task.o(i.OSTaskSuspend)
    i.OSTaskSwHook                           0x0800102c   Section        0  os_cpu_c.o(i.OSTaskSwHook)
    i.OSTimeDly                              0x08001030   Section        0  os_time.o(i.OSTimeDly)
    i.OSTimeTick                             0x080010a8   Section        0  os_core.o(i.OSTimeTick)
    i.OSTimeTickHook                         0x08001194   Section        0  os_cpu_c.o(i.OSTimeTickHook)
    i.OSTmrSignal                            0x080011b8   Section        0  os_tmr.o(i.OSTmrSignal)
    i.OSTmr_Init                             0x080011cc   Section        0  os_tmr.o(i.OSTmr_Init)
    i.OSTmr_InitTask                         0x08001284   Section        0  os_tmr.o(i.OSTmr_InitTask)
    OSTmr_InitTask                           0x08001285   Thumb Code    50  os_tmr.o(i.OSTmr_InitTask)
    i.OSTmr_Link                             0x080012d4   Section        0  os_tmr.o(i.OSTmr_Link)
    OSTmr_Link                               0x080012d5   Thumb Code   100  os_tmr.o(i.OSTmr_Link)
    i.OSTmr_Task                             0x08001340   Section        0  os_tmr.o(i.OSTmr_Task)
    OSTmr_Task                               0x08001341   Thumb Code   114  os_tmr.o(i.OSTmr_Task)
    i.OSTmr_Unlink                           0x080013c0   Section        0  os_tmr.o(i.OSTmr_Unlink)
    OSTmr_Unlink                             0x080013c1   Thumb Code    62  os_tmr.o(i.OSTmr_Unlink)
    i.OS_Dummy                               0x08001404   Section        0  os_core.o(i.OS_Dummy)
    i.OS_EventTaskRdy                        0x08001408   Section        0  os_core.o(i.OS_EventTaskRdy)
    i.OS_EventTaskRemove                     0x0800148c   Section        0  os_core.o(i.OS_EventTaskRemove)
    i.OS_EventTaskWait                       0x080014b8   Section        0  os_core.o(i.OS_EventTaskWait)
    i.OS_EventWaitListInit                   0x08001534   Section        0  os_core.o(i.OS_EventWaitListInit)
    i.OS_FlagInit                            0x08001550   Section        0  os_flag.o(i.OS_FlagInit)
    i.OS_FlagUnlink                          0x080015a8   Section        0  os_flag.o(i.OS_FlagUnlink)
    i.OS_InitEventList                       0x080015cc   Section        0  os_core.o(i.OS_InitEventList)
    OS_InitEventList                         0x080015cd   Thumb Code    74  os_core.o(i.OS_InitEventList)
    i.OS_InitMisc                            0x08001620   Section        0  os_core.o(i.OS_InitMisc)
    OS_InitMisc                              0x08001621   Thumb Code    44  os_core.o(i.OS_InitMisc)
    i.OS_InitRdyList                         0x08001674   Section        0  os_core.o(i.OS_InitRdyList)
    OS_InitRdyList                           0x08001675   Thumb Code    44  os_core.o(i.OS_InitRdyList)
    i.OS_InitTCBList                         0x080016b8   Section        0  os_core.o(i.OS_InitTCBList)
    OS_InitTCBList                           0x080016b9   Thumb Code   106  os_core.o(i.OS_InitTCBList)
    i.OS_InitTaskIdle                        0x08001738   Section        0  os_core.o(i.OS_InitTaskIdle)
    OS_InitTaskIdle                          0x08001739   Thumb Code    50  os_core.o(i.OS_InitTaskIdle)
    i.OS_InitTaskStat                        0x08001788   Section        0  os_core.o(i.OS_InitTaskStat)
    OS_InitTaskStat                          0x08001789   Thumb Code    50  os_core.o(i.OS_InitTaskStat)
    i.OS_MemClr                              0x080017d8   Section        0  os_core.o(i.OS_MemClr)
    i.OS_QInit                               0x080017ec   Section        0  os_q.o(i.OS_QInit)
    i.OS_Sched                               0x0800183c   Section        0  os_core.o(i.OS_Sched)
    i.OS_SchedNew                            0x080018b0   Section        0  os_core.o(i.OS_SchedNew)
    OS_SchedNew                              0x080018b1   Thumb Code    26  os_core.o(i.OS_SchedNew)
    i.OS_SysTick_init                        0x080018dc   Section        0  main.o(i.OS_SysTick_init)
    i.OS_TCBInit                             0x080019a4   Section        0  os_core.o(i.OS_TCBInit)
    i.OS_TaskIdle                            0x08001ad8   Section        0  os_core.o(i.OS_TaskIdle)
    i.OS_TaskReturn                          0x08001b00   Section        0  os_task.o(i.OS_TaskReturn)
    i.OS_TaskStat                            0x08001b18   Section        0  os_core.o(i.OS_TaskStat)
    i.OS_TaskStatStkChk                      0x08001ba0   Section        0  os_core.o(i.OS_TaskStatStkChk)
    i.OS_TaskStkClr                          0x08001bdc   Section        0  os_task.o(i.OS_TaskStkClr)
    i.SVC_Handler                            0x08001bf6   Section        0  stm32f4xx_it.o(i.SVC_Handler)
    i.SetSysClock                            0x08001bf8   Section        0  system_stm32f4xx.o(i.SetSysClock)
    SetSysClock                              0x08001bf9   Thumb Code   220  system_stm32f4xx.o(i.SetSysClock)
    i.Start_Task                             0x08001ce4   Section        0  start_task.o(i.Start_Task)
    i.SysTick_Handler                        0x08001d0c   Section        0  main.o(i.SysTick_Handler)
    i.SystemInit                             0x08001d1c   Section        0  system_stm32f4xx.o(i.SystemInit)
    i.USART1_IRQHandler                      0x08001d84   Section        0  usart.o(i.USART1_IRQHandler)
    i.USART1_SET                             0x08001dd0   Section        0  usart.o(i.USART1_SET)
    i.UsageFault_Handler                     0x08001f08   Section        0  stm32f4xx_it.o(i.UsageFault_Handler)
    i._sys_exit                              0x08001f0c   Section        0  usart.o(i._sys_exit)
    i.ferror                                 0x08001f10   Section        0  usart.o(i.ferror)
    i.fputc                                  0x08001f18   Section        0  usart.o(i.fputc)
    i.main                                   0x08001f30   Section        0  main.o(i.main)
    i.usart_Io_Init                          0x08001f88   Section        0  usart.o(i.usart_Io_Init)
    x$fpl$fpinit                             0x08001ffc   Section       10  fpinit.o(x$fpl$fpinit)
    $v0                                      0x08001ffc   Number         0  fpinit.o(x$fpl$fpinit)
    .constdata                               0x08002006   Section      256  os_core.o(.constdata)
    .data                                    0x20000000   Section        8  usart.o(.data)
    .data                                    0x20000008   Section       92  os_core.o(.data)
    .data                                    0x20000064   Section        6  os_cpu_c.o(.data)
    OSTmrCtr                                 0x20000068   Data           2  os_cpu_c.o(.data)
    .bss                                     0x2000006c   Section      512  usart.o(.bss)
    .bss                                     0x2000026c   Section     3904  os_core.o(.bss)
    .bss                                     0x200011ac   Section      512  start_task.o(.bss)
    .bss                                     0x200013ac   Section       96  libspace.o(.bss)
    HEAP                                     0x20001410   Section     8192  startup_stm32f40_41xxx.o(HEAP)
    Heap_Mem                                 0x20001410   Data        8192  startup_stm32f40_41xxx.o(HEAP)
    STACK                                    0x20003410   Section     4096  startup_stm32f40_41xxx.o(STACK)
    Stack_Mem                                0x20003410   Data        4096  startup_stm32f40_41xxx.o(STACK)
    __initial_sp                             0x20004410   Data           0  startup_stm32f40_41xxx.o(STACK)

    Global Symbols

    Symbol Name                              Value     Ov Type        Size  Object(Section)

    BuildAttributes$$THM_ISAv4$E$P$D$K$B$S$7EM$VFPi3$EXTD16$VFPS$VFMA$PE$A:L22UL41UL21$X:L11$S22US41US21$IEEE1$IW$USESV6$~STKCKD$USESV7$~SHL$OSPACE$ROPI$EBA8$UX$STANDARDLIB$REQ8$PRES8$EABIv2 0x00000000   Number         0  anon$$obj.o ABSOLUTE
    __ARM_use_no_argv                        0x00000000   Number         0  main.o ABSOLUTE
    __ARM_exceptions_init                     - Undefined Weak Reference
    __alloca_initialize                       - Undefined Weak Reference
    __arm_preinit_                            - Undefined Weak Reference
    __cpp_initialize__aeabi_                  - Undefined Weak Reference
    __cxa_finalize                            - Undefined Weak Reference
    __rt_locale                               - Undefined Weak Reference
    __sigvec_lookup                           - Undefined Weak Reference
    _atexit_init                              - Undefined Weak Reference
    _call_atexit_fns                          - Undefined Weak Reference
    _clock_init                               - Undefined Weak Reference
    _fp_trap_init                             - Undefined Weak Reference
    _fp_trap_shutdown                         - Undefined Weak Reference
    _get_lc_collate                           - Undefined Weak Reference
    _get_lc_ctype                             - Undefined Weak Reference
    _get_lc_monetary                          - Undefined Weak Reference
    _get_lc_numeric                           - Undefined Weak Reference
    _get_lc_time                              - Undefined Weak Reference
    _getenv_init                              - Undefined Weak Reference
    _handle_redirection                       - Undefined Weak Reference
    _init_alloc                               - Undefined Weak Reference
    _init_user_alloc                          - Undefined Weak Reference
    _initio                                   - Undefined Weak Reference
    _printf_post_padding                      - Undefined Weak Reference
    _printf_pre_padding                       - Undefined Weak Reference
    _printf_truncate_signed                   - Undefined Weak Reference
    _printf_truncate_unsigned                 - Undefined Weak Reference
    _rand_init                                - Undefined Weak Reference
    _signal_finish                            - Undefined Weak Reference
    _signal_init                              - Undefined Weak Reference
    _terminate_alloc                          - Undefined Weak Reference
    _terminate_user_alloc                     - Undefined Weak Reference
    _terminateio                              - Undefined Weak Reference
    __Vectors_Size                           0x00000188   Number         0  startup_stm32f40_41xxx.o ABSOLUTE
    __Vectors                                0x08000000   Data           4  startup_stm32f40_41xxx.o(RESET)
    __Vectors_End                            0x08000188   Data           0  startup_stm32f40_41xxx.o(RESET)
    __main                                   0x08000189   Thumb Code     8  __main.o(!!!main)
    __scatterload                            0x08000191   Thumb Code     0  __scatter.o(!!!scatter)
    __scatterload_rt2                        0x08000191   Thumb Code    44  __scatter.o(!!!scatter)
    __scatterload_rt2_thumb_only             0x08000191   Thumb Code     0  __scatter.o(!!!scatter)
    __scatterload_null                       0x0800019f   Thumb Code     0  __scatter.o(!!!scatter)
    __scatterload_copy                       0x080001c5   Thumb Code    26  __scatter_copy.o(!!handler_copy)
    __scatterload_zeroinit                   0x080001e1   Thumb Code    28  __scatter_zi.o(!!handler_zi)
    _printf_d                                0x080001fd   Thumb Code     0  _printf_d.o(.ARM.Collect$$_printf_percent$$00000009)
    _printf_percent                          0x080001fd   Thumb Code     0  _printf_percent.o(.ARM.Collect$$_printf_percent$$00000000)
    _printf_percent_end                      0x08000203   Thumb Code     0  _printf_percent_end.o(.ARM.Collect$$_printf_percent$$00000017)
    __rt_lib_init                            0x08000207   Thumb Code     0  libinit.o(.ARM.Collect$$libinit$$00000000)
    __rt_lib_init_fp_1                       0x08000209   Thumb Code     0  libinit2.o(.ARM.Collect$$libinit$$00000001)
    __rt_lib_init_alloca_1                   0x0800020d   Thumb Code     0  libinit2.o(.ARM.Collect$$libinit$$0000002E)
    __rt_lib_init_argv_1                     0x0800020d   Thumb Code     0  libinit2.o(.ARM.Collect$$libinit$$0000002C)
    __rt_lib_init_atexit_1                   0x0800020d   Thumb Code     0  libinit2.o(.ARM.Collect$$libinit$$0000001B)
    __rt_lib_init_clock_1                    0x0800020d   Thumb Code     0  libinit2.o(.ARM.Collect$$libinit$$00000021)
    __rt_lib_init_cpp_1                      0x0800020d   Thumb Code     0  libinit2.o(.ARM.Collect$$libinit$$00000032)
    __rt_lib_init_exceptions_1               0x0800020d   Thumb Code     0  libinit2.o(.ARM.Collect$$libinit$$00000030)
    __rt_lib_init_fp_trap_1                  0x0800020d   Thumb Code     0  libinit2.o(.ARM.Collect$$libinit$$0000001F)
    __rt_lib_init_getenv_1                   0x0800020d   Thumb Code     0  libinit2.o(.ARM.Collect$$libinit$$00000023)
    __rt_lib_init_heap_1                     0x0800020d   Thumb Code     0  libinit2.o(.ARM.Collect$$libinit$$0000000A)
    __rt_lib_init_lc_collate_1               0x0800020d   Thumb Code     0  libinit2.o(.ARM.Collect$$libinit$$00000011)
    __rt_lib_init_lc_ctype_1                 0x0800020d   Thumb Code     0  libinit2.o(.ARM.Collect$$libinit$$00000013)
    __rt_lib_init_lc_monetary_1              0x0800020d   Thumb Code     0  libinit2.o(.ARM.Collect$$libinit$$00000015)
    __rt_lib_init_lc_numeric_1               0x0800020d   Thumb Code     0  libinit2.o(.ARM.Collect$$libinit$$00000017)
    __rt_lib_init_lc_time_1                  0x0800020d   Thumb Code     0  libinit2.o(.ARM.Collect$$libinit$$00000019)
    __rt_lib_init_preinit_1                  0x0800020d   Thumb Code     0  libinit2.o(.ARM.Collect$$libinit$$00000004)
    __rt_lib_init_rand_1                     0x0800020d   Thumb Code     0  libinit2.o(.ARM.Collect$$libinit$$0000000E)
    __rt_lib_init_return                     0x0800020d   Thumb Code     0  libinit2.o(.ARM.Collect$$libinit$$00000033)
    __rt_lib_init_signal_1                   0x0800020d   Thumb Code     0  libinit2.o(.ARM.Collect$$libinit$$0000001D)
    __rt_lib_init_stdio_1                    0x0800020d   Thumb Code     0  libinit2.o(.ARM.Collect$$libinit$$00000025)
    __rt_lib_init_user_alloc_1               0x0800020d   Thumb Code     0  libinit2.o(.ARM.Collect$$libinit$$0000000C)
    __rt_lib_shutdown                        0x0800020f   Thumb Code     0  libshutdown.o(.ARM.Collect$$libshutdown$$00000000)
    __rt_lib_shutdown_fp_trap_1              0x08000211   Thumb Code     0  libshutdown2.o(.ARM.Collect$$libshutdown$$00000006)
    __rt_lib_shutdown_heap_1                 0x08000211   Thumb Code     0  libshutdown2.o(.ARM.Collect$$libshutdown$$0000000E)
    __rt_lib_shutdown_return                 0x08000211   Thumb Code     0  libshutdown2.o(.ARM.Collect$$libshutdown$$0000000F)
    __rt_lib_shutdown_signal_1               0x08000211   Thumb Code     0  libshutdown2.o(.ARM.Collect$$libshutdown$$00000009)
    __rt_lib_shutdown_stdio_1                0x08000211   Thumb Code     0  libshutdown2.o(.ARM.Collect$$libshutdown$$00000003)
    __rt_lib_shutdown_user_alloc_1           0x08000211   Thumb Code     0  libshutdown2.o(.ARM.Collect$$libshutdown$$0000000B)
    __rt_entry                               0x08000213   Thumb Code     0  __rtentry.o(.ARM.Collect$$rtentry$$00000000)
    __rt_entry_presh_1                       0x08000213   Thumb Code     0  __rtentry2.o(.ARM.Collect$$rtentry$$00000002)
    __rt_entry_sh                            0x08000213   Thumb Code     0  __rtentry4.o(.ARM.Collect$$rtentry$$00000004)
    __rt_entry_li                            0x08000219   Thumb Code     0  __rtentry2.o(.ARM.Collect$$rtentry$$0000000A)
    __rt_entry_postsh_1                      0x08000219   Thumb Code     0  __rtentry2.o(.ARM.Collect$$rtentry$$00000009)
    __rt_entry_main                          0x0800021d   Thumb Code     0  __rtentry2.o(.ARM.Collect$$rtentry$$0000000D)
    __rt_entry_postli_1                      0x0800021d   Thumb Code     0  __rtentry2.o(.ARM.Collect$$rtentry$$0000000C)
    __rt_exit                                0x08000225   Thumb Code     0  rtexit.o(.ARM.Collect$$rtexit$$00000000)
    __rt_exit_ls                             0x08000227   Thumb Code     0  rtexit2.o(.ARM.Collect$$rtexit$$00000003)
    __rt_exit_prels_1                        0x08000227   Thumb Code     0  rtexit2.o(.ARM.Collect$$rtexit$$00000002)
    __rt_exit_exit                           0x0800022b   Thumb Code     0  rtexit2.o(.ARM.Collect$$rtexit$$00000004)
    Reset_Handler                            0x08000231   Thumb Code     8  startup_stm32f40_41xxx.o(.text)
    ADC_IRQHandler                           0x0800024b   Thumb Code     0  startup_stm32f40_41xxx.o(.text)
    CAN1_RX0_IRQHandler                      0x0800024b   Thumb Code     0  startup_stm32f40_41xxx.o(.text)
    CAN1_RX1_IRQHandler                      0x0800024b   Thumb Code     0  startup_stm32f40_41xxx.o(.text)
    CAN1_SCE_IRQHandler                      0x0800024b   Thumb Code     0  startup_stm32f40_41xxx.o(.text)
    CAN1_TX_IRQHandler                       0x0800024b   Thumb Code     0  startup_stm32f40_41xxx.o(.text)
    CAN2_RX0_IRQHandler                      0x0800024b   Thumb Code     0  startup_stm32f40_41xxx.o(.text)
    CAN2_RX1_IRQHandler                      0x0800024b   Thumb Code     0  startup_stm32f40_41xxx.o(.text)
    CAN2_SCE_IRQHandler                      0x0800024b   Thumb Code     0  startup_stm32f40_41xxx.o(.text)
    CAN2_TX_IRQHandler                       0x0800024b   Thumb Code     0  startup_stm32f40_41xxx.o(.text)
    CRYP_IRQHandler                          0x0800024b   Thumb Code     0  startup_stm32f40_41xxx.o(.text)
    DCMI_IRQHandler                          0x0800024b   Thumb Code     0  startup_stm32f40_41xxx.o(.text)
    DMA1_Stream0_IRQHandler                  0x0800024b   Thumb Code     0  startup_stm32f40_41xxx.o(.text)
    DMA1_Stream1_IRQHandler                  0x0800024b   Thumb Code     0  startup_stm32f40_41xxx.o(.text)
    DMA1_Stream2_IRQHandler                  0x0800024b   Thumb Code     0  startup_stm32f40_41xxx.o(.text)
    DMA1_Stream3_IRQHandler                  0x0800024b   Thumb Code     0  startup_stm32f40_41xxx.o(.text)
    DMA1_Stream4_IRQHandler                  0x0800024b   Thumb Code     0  startup_stm32f40_41xxx.o(.text)
    DMA1_Stream5_IRQHandler                  0x0800024b   Thumb Code     0  startup_stm32f40_41xxx.o(.text)
    DMA1_Stream6_IRQHandler                  0x0800024b   Thumb Code     0  startup_stm32f40_41xxx.o(.text)
    DMA1_Stream7_IRQHandler                  0x0800024b   Thumb Code     0  startup_stm32f40_41xxx.o(.text)
    DMA2_Stream0_IRQHandler                  0x0800024b   Thumb Code     0  startup_stm32f40_41xxx.o(.text)
    DMA2_Stream1_IRQHandler                  0x0800024b   Thumb Code     0  startup_stm32f40_41xxx.o(.text)
    DMA2_Stream2_IRQHandler                  0x0800024b   Thumb Code     0  startup_stm32f40_41xxx.o(.text)
    DMA2_Stream3_IRQHandler                  0x0800024b   Thumb Code     0  startup_stm32f40_41xxx.o(.text)
    DMA2_Stream4_IRQHandler                  0x0800024b   Thumb Code     0  startup_stm32f40_41xxx.o(.text)
    DMA2_Stream5_IRQHandler                  0x0800024b   Thumb Code     0  startup_stm32f40_41xxx.o(.text)
    DMA2_Stream6_IRQHandler                  0x0800024b   Thumb Code     0  startup_stm32f40_41xxx.o(.text)
    DMA2_Stream7_IRQHandler                  0x0800024b   Thumb Code     0  startup_stm32f40_41xxx.o(.text)
    ETH_IRQHandler                           0x0800024b   Thumb Code     0  startup_stm32f40_41xxx.o(.text)
    ETH_WKUP_IRQHandler                      0x0800024b   Thumb Code     0  startup_stm32f40_41xxx.o(.text)
    EXTI0_IRQHandler                         0x0800024b   Thumb Code     0  startup_stm32f40_41xxx.o(.text)
    EXTI15_10_IRQHandler                     0x0800024b   Thumb Code     0  startup_stm32f40_41xxx.o(.text)
    EXTI1_IRQHandler                         0x0800024b   Thumb Code     0  startup_stm32f40_41xxx.o(.text)
    EXTI2_IRQHandler                         0x0800024b   Thumb Code     0  startup_stm32f40_41xxx.o(.text)
    EXTI3_IRQHandler                         0x0800024b   Thumb Code     0  startup_stm32f40_41xxx.o(.text)
    EXTI4_IRQHandler                         0x0800024b   Thumb Code     0  startup_stm32f40_41xxx.o(.text)
    EXTI9_5_IRQHandler                       0x0800024b   Thumb Code     0  startup_stm32f40_41xxx.o(.text)
    FLASH_IRQHandler                         0x0800024b   Thumb Code     0  startup_stm32f40_41xxx.o(.text)
    FPU_IRQHandler                           0x0800024b   Thumb Code     0  startup_stm32f40_41xxx.o(.text)
    FSMC_IRQHandler                          0x0800024b   Thumb Code     0  startup_stm32f40_41xxx.o(.text)
    HASH_RNG_IRQHandler                      0x0800024b   Thumb Code     0  startup_stm32f40_41xxx.o(.text)
    I2C1_ER_IRQHandler                       0x0800024b   Thumb Code     0  startup_stm32f40_41xxx.o(.text)
    I2C1_EV_IRQHandler                       0x0800024b   Thumb Code     0  startup_stm32f40_41xxx.o(.text)
    I2C2_ER_IRQHandler                       0x0800024b   Thumb Code     0  startup_stm32f40_41xxx.o(.text)
    I2C2_EV_IRQHandler                       0x0800024b   Thumb Code     0  startup_stm32f40_41xxx.o(.text)
    I2C3_ER_IRQHandler                       0x0800024b   Thumb Code     0  startup_stm32f40_41xxx.o(.text)
    I2C3_EV_IRQHandler                       0x0800024b   Thumb Code     0  startup_stm32f40_41xxx.o(.text)
    OTG_FS_IRQHandler                        0x0800024b   Thumb Code     0  startup_stm32f40_41xxx.o(.text)
    OTG_FS_WKUP_IRQHandler                   0x0800024b   Thumb Code     0  startup_stm32f40_41xxx.o(.text)
    OTG_HS_EP1_IN_IRQHandler                 0x0800024b   Thumb Code     0  startup_stm32f40_41xxx.o(.text)
    OTG_HS_EP1_OUT_IRQHandler                0x0800024b   Thumb Code     0  startup_stm32f40_41xxx.o(.text)
    OTG_HS_IRQHandler                        0x0800024b   Thumb Code     0  startup_stm32f40_41xxx.o(.text)
    OTG_HS_WKUP_IRQHandler                   0x0800024b   Thumb Code     0  startup_stm32f40_41xxx.o(.text)
    PVD_IRQHandler                           0x0800024b   Thumb Code     0  startup_stm32f40_41xxx.o(.text)
    RCC_IRQHandler                           0x0800024b   Thumb Code     0  startup_stm32f40_41xxx.o(.text)
    RTC_Alarm_IRQHandler                     0x0800024b   Thumb Code     0  startup_stm32f40_41xxx.o(.text)
    RTC_WKUP_IRQHandler                      0x0800024b   Thumb Code     0  startup_stm32f40_41xxx.o(.text)
    SDIO_IRQHandler                          0x0800024b   Thumb Code     0  startup_stm32f40_41xxx.o(.text)
    SPI1_IRQHandler                          0x0800024b   Thumb Code     0  startup_stm32f40_41xxx.o(.text)
    SPI2_IRQHandler                          0x0800024b   Thumb Code     0  startup_stm32f40_41xxx.o(.text)
    SPI3_IRQHandler                          0x0800024b   Thumb Code     0  startup_stm32f40_41xxx.o(.text)
    TAMP_STAMP_IRQHandler                    0x0800024b   Thumb Code     0  startup_stm32f40_41xxx.o(.text)
    TIM1_BRK_TIM9_IRQHandler                 0x0800024b   Thumb Code     0  startup_stm32f40_41xxx.o(.text)
    TIM1_CC_IRQHandler                       0x0800024b   Thumb Code     0  startup_stm32f40_41xxx.o(.text)
    TIM1_TRG_COM_TIM11_IRQHandler            0x0800024b   Thumb Code     0  startup_stm32f40_41xxx.o(.text)
    TIM1_UP_TIM10_IRQHandler                 0x0800024b   Thumb Code     0  startup_stm32f40_41xxx.o(.text)
    TIM2_IRQHandler                          0x0800024b   Thumb Code     0  startup_stm32f40_41xxx.o(.text)
    TIM3_IRQHandler                          0x0800024b   Thumb Code     0  startup_stm32f40_41xxx.o(.text)
    TIM4_IRQHandler                          0x0800024b   Thumb Code     0  startup_stm32f40_41xxx.o(.text)
    TIM5_IRQHandler                          0x0800024b   Thumb Code     0  startup_stm32f40_41xxx.o(.text)
    TIM6_DAC_IRQHandler                      0x0800024b   Thumb Code     0  startup_stm32f40_41xxx.o(.text)
    TIM7_IRQHandler                          0x0800024b   Thumb Code     0  startup_stm32f40_41xxx.o(.text)
    TIM8_BRK_TIM12_IRQHandler                0x0800024b   Thumb Code     0  startup_stm32f40_41xxx.o(.text)
    TIM8_CC_IRQHandler                       0x0800024b   Thumb Code     0  startup_stm32f40_41xxx.o(.text)
    TIM8_TRG_COM_TIM14_IRQHandler            0x0800024b   Thumb Code     0  startup_stm32f40_41xxx.o(.text)
    TIM8_UP_TIM13_IRQHandler                 0x0800024b   Thumb Code     0  startup_stm32f40_41xxx.o(.text)
    UART4_IRQHandler                         0x0800024b   Thumb Code     0  startup_stm32f40_41xxx.o(.text)
    UART5_IRQHandler                         0x0800024b   Thumb Code     0  startup_stm32f40_41xxx.o(.text)
    USART2_IRQHandler                        0x0800024b   Thumb Code     0  startup_stm32f40_41xxx.o(.text)
    USART3_IRQHandler                        0x0800024b   Thumb Code     0  startup_stm32f40_41xxx.o(.text)
    USART6_IRQHandler                        0x0800024b   Thumb Code     0  startup_stm32f40_41xxx.o(.text)
    WWDG_IRQHandler                          0x0800024b   Thumb Code     0  startup_stm32f40_41xxx.o(.text)
    __user_initial_stackheap                 0x0800024d   Thumb Code     0  startup_stm32f40_41xxx.o(.text)
    OS_CPU_SR_Save                           0x08000271   Thumb Code     0  os_cpu_a.o(.text)
    OS_CPU_SR_Restore                        0x08000279   Thumb Code     0  os_cpu_a.o(.text)
    OSStartHighRdy                           0x0800027f   Thumb Code     0  os_cpu_a.o(.text)
    OSCtxSw                                  0x080002a3   Thumb Code     0  os_cpu_a.o(.text)
    OSIntCtxSw                               0x080002b1   Thumb Code     0  os_cpu_a.o(.text)
    PendSV_Handler                           0x080002c1   Thumb Code     0  os_cpu_a.o(.text)
    __I$use$semihosting                      0x08000339   Thumb Code     0  use_no_semi.o(.text)
    __use_no_semihosting_swi                 0x08000339   Thumb Code     2  use_no_semi.o(.text)
    __2printf                                0x0800033d   Thumb Code    20  noretval__2printf.o(.text)
    __printf                                 0x08000355   Thumb Code   104  __printf.o(.text)
    _printf_int_dec                          0x080003bd   Thumb Code   104  _printf_dec.o(.text)
    __use_two_region_memory                  0x08000435   Thumb Code     2  heapauxi.o(.text)
    __rt_heap_escrow$2region                 0x08000437   Thumb Code     2  heapauxi.o(.text)
    __rt_heap_expand$2region                 0x08000439   Thumb Code     2  heapauxi.o(.text)
    _printf_int_common                       0x0800043b   Thumb Code   178  _printf_intcommon.o(.text)
    _printf_char_file                        0x080004ed   Thumb Code    32  _printf_char_file.o(.text)
    _printf_char_common                      0x0800051b   Thumb Code    32  _printf_char_common.o(.text)
    __user_setup_stackheap                   0x08000541   Thumb Code    74  sys_stackheap_outer.o(.text)
    exit                                     0x0800058b   Thumb Code    12  exit.o(.text)
    __user_libspace                          0x08000599   Thumb Code     8  libspace.o(.text)
    __user_perproc_libspace                  0x08000599   Thumb Code     0  libspace.o(.text)
    __user_perthread_libspace                0x08000599   Thumb Code     0  libspace.o(.text)
    BusFault_Handler                         0x080005a1   Thumb Code     4  stm32f4xx_it.o(i.BusFault_Handler)
    DebugMon_Handler                         0x080005a5   Thumb Code     2  stm32f4xx_it.o(i.DebugMon_Handler)
    HardFault_Handler                        0x080005a7   Thumb Code     4  stm32f4xx_it.o(i.HardFault_Handler)
    Led_Io_Init                              0x080005ad   Thumb Code   168  led.o(i.Led_Io_Init)
    MemManage_Handler                        0x08000669   Thumb Code     4  stm32f4xx_it.o(i.MemManage_Handler)
    NMI_Handler                              0x0800066d   Thumb Code     2  stm32f4xx_it.o(i.NMI_Handler)
    OSInit                                   0x080006af   Thumb Code    48  os_core.o(i.OSInit)
    OSInitHookBegin                          0x080006e1   Thumb Code     8  os_cpu_c.o(i.OSInitHookBegin)
    OSInitHookEnd                            0x080006ed   Thumb Code     2  os_cpu_c.o(i.OSInitHookEnd)
    OSIntEnter                               0x080006f1   Thumb Code    28  os_core.o(i.OSIntEnter)
    OSIntExit                                0x08000715   Thumb Code   112  os_core.o(i.OSIntExit)
    OSSchedLock                              0x080007a5   Thumb Code    50  os_core.o(i.OSSchedLock)
    OSSchedUnlock                            0x080007e5   Thumb Code    82  os_core.o(i.OSSchedUnlock)
    OSSemCreate                              0x08000845   Thumb Code    68  os_sem.o(i.OSSemCreate)
    OSSemPend                                0x08000891   Thumb Code   222  os_sem.o(i.OSSemPend)
    OSSemPost                                0x0800097d   Thumb Code    88  os_sem.o(i.OSSemPost)
    OSStart                                  0x080009d5   Thumb Code    48  os_core.o(i.OSStart)
    OSTCBInitHook                            0x08000a1d   Thumb Code     2  os_cpu_c.o(i.OSTCBInitHook)
    OSTaskCreate                             0x08000a21   Thumb Code   148  os_task.o(i.OSTaskCreate)
    OSTaskCreateExt                          0x08000ac1   Thumb Code   170  os_task.o(i.OSTaskCreateExt)
    OSTaskCreateHook                         0x08000b79   Thumb Code     2  os_cpu_c.o(i.OSTaskCreateHook)
    OSTaskDel                                0x08000b7d   Thumb Code   294  os_task.o(i.OSTaskDel)
    OSTaskDelHook                            0x08000cd1   Thumb Code     2  os_cpu_c.o(i.OSTaskDelHook)
    OSTaskIdleHook                           0x08000cd3   Thumb Code     2  os_cpu_c.o(i.OSTaskIdleHook)
    OSTaskNameSet                            0x08000cd5   Thumb Code    98  os_task.o(i.OSTaskNameSet)
    OSTaskReturnHook                         0x08000d45   Thumb Code     2  os_cpu_c.o(i.OSTaskReturnHook)
    OSTaskStatHook                           0x08000d47   Thumb Code     2  os_cpu_c.o(i.OSTaskStatHook)
    OSTaskStkChk                             0x08000d49   Thumb Code   132  os_task.o(i.OSTaskStkChk)
    OSTaskStkInit                            0x08000dd5   Thumb Code   426  os_cpu_c.o(i.OSTaskStkInit)
    OSTaskSuspend                            0x08000f85   Thumb Code   152  os_task.o(i.OSTaskSuspend)
    OSTaskSwHook                             0x0800102d   Thumb Code     2  os_cpu_c.o(i.OSTaskSwHook)
    OSTimeDly                                0x08001031   Thumb Code   100  os_time.o(i.OSTimeDly)
    OSTimeTick                               0x080010a9   Thumb Code   210  os_core.o(i.OSTimeTick)
    OSTimeTickHook                           0x08001195   Thumb Code    30  os_cpu_c.o(i.OSTimeTickHook)
    OSTmrSignal                              0x080011b9   Thumb Code    16  os_tmr.o(i.OSTmrSignal)
    OSTmr_Init                               0x080011cd   Thumb Code   148  os_tmr.o(i.OSTmr_Init)
    OS_Dummy                                 0x08001405   Thumb Code     2  os_core.o(i.OS_Dummy)
    OS_EventTaskRdy                          0x08001409   Thumb Code   114  os_core.o(i.OS_EventTaskRdy)
    OS_EventTaskRemove                       0x0800148d   Thumb Code    42  os_core.o(i.OS_EventTaskRemove)
    OS_EventTaskWait                         0x080014b9   Thumb Code   112  os_core.o(i.OS_EventTaskWait)
    OS_EventWaitListInit                     0x08001535   Thumb Code    28  os_core.o(i.OS_EventWaitListInit)
    OS_FlagInit                              0x08001551   Thumb Code    74  os_flag.o(i.OS_FlagInit)
    OS_FlagUnlink                            0x080015a9   Thumb Code    36  os_flag.o(i.OS_FlagUnlink)
    OS_MemClr                                0x080017d9   Thumb Code    18  os_core.o(i.OS_MemClr)
    OS_QInit                                 0x080017ed   Thumb Code    72  os_q.o(i.OS_QInit)
    OS_Sched                                 0x0800183d   Thumb Code    88  os_core.o(i.OS_Sched)
    OS_SysTick_init                          0x080018dd   Thumb Code   192  main.o(i.OS_SysTick_init)
    OS_TCBInit                               0x080019a5   Thumb Code   278  os_core.o(i.OS_TCBInit)
    OS_TaskIdle                              0x08001ad9   Thumb Code    34  os_core.o(i.OS_TaskIdle)
    OS_TaskReturn                            0x08001b01   Thumb Code    18  os_task.o(i.OS_TaskReturn)
    OS_TaskStat                              0x08001b19   Thumb Code   116  os_core.o(i.OS_TaskStat)
    OS_TaskStatStkChk                        0x08001ba1   Thumb Code    54  os_core.o(i.OS_TaskStatStkChk)
    OS_TaskStkClr                            0x08001bdd   Thumb Code    26  os_task.o(i.OS_TaskStkClr)
    SVC_Handler                              0x08001bf7   Thumb Code     2  stm32f4xx_it.o(i.SVC_Handler)
    Start_Task                               0x08001ce5   Thumb Code    30  start_task.o(i.Start_Task)
    SysTick_Handler                          0x08001d0d   Thumb Code    16  main.o(i.SysTick_Handler)
    SystemInit                               0x08001d1d   Thumb Code    88  system_stm32f4xx.o(i.SystemInit)
    USART1_IRQHandler                        0x08001d85   Thumb Code    54  usart.o(i.USART1_IRQHandler)
    USART1_SET                               0x08001dd1   Thumb Code   286  usart.o(i.USART1_SET)
    UsageFault_Handler                       0x08001f09   Thumb Code     4  stm32f4xx_it.o(i.UsageFault_Handler)
    _sys_exit                                0x08001f0d   Thumb Code     4  usart.o(i._sys_exit)
    ferror                                   0x08001f11   Thumb Code     8  usart.o(i.ferror)
    fputc                                    0x08001f19   Thumb Code    20  usart.o(i.fputc)
    main                                     0x08001f31   Thumb Code    72  main.o(i.main)
    usart_Io_Init                            0x08001f89   Thumb Code   108  usart.o(i.usart_Io_Init)
    _fp_init                                 0x08001ffd   Thumb Code    10  fpinit.o(x$fpl$fpinit)
    __fplib_config_fpu_vfp                   0x08002005   Thumb Code     0  fpinit.o(x$fpl$fpinit)
    __fplib_config_pureend_doubles           0x08002005   Thumb Code     0  fpinit.o(x$fpl$fpinit)
    OSUnMapTbl                               0x08002006   Data         256  os_core.o(.constdata)
    Region$$Table$$Base                      0x08002108   Number         0  anon$$obj.o(Region$$Table)
    Region$$Table$$Limit                     0x08002128   Number         0  anon$$obj.o(Region$$Table)
    flag                                     0x20000000   Data           1  usart.o(.data)
    i                                        0x20000001   Data           1  usart.o(.data)
    Timeout_flag                             0x20000002   Data           1  usart.o(.data)
    __stdout                                 0x20000004   Data           4  usart.o(.data)
    OSCtxSwCtr                               0x20000008   Data           4  os_core.o(.data)
    OSEventFreeList                          0x2000000c   Data           4  os_core.o(.data)
    OSFlagFreeList                           0x20000010   Data           4  os_core.o(.data)
    OSCPUUsage                               0x20000014   Data           1  os_core.o(.data)
    OSIdleCtrMax                             0x20000018   Data           4  os_core.o(.data)
    OSIdleCtrRun                             0x2000001c   Data           4  os_core.o(.data)
    OSStatRdy                                0x20000020   Data           1  os_core.o(.data)
    OSIntNesting                             0x20000021   Data           1  os_core.o(.data)
    OSLockNesting                            0x20000022   Data           1  os_core.o(.data)
    OSPrioCur                                0x20000023   Data           1  os_core.o(.data)
    OSPrioHighRdy                            0x20000024   Data           1  os_core.o(.data)
    OSRdyGrp                                 0x20000025   Data           1  os_core.o(.data)
    OSRdyTbl                                 0x20000026   Data           8  os_core.o(.data)
    OSRunning                                0x2000002e   Data           1  os_core.o(.data)
    OSTaskCtr                                0x2000002f   Data           1  os_core.o(.data)
    OSIdleCtr                                0x20000030   Data           4  os_core.o(.data)
    OSTCBCur                                 0x20000034   Data           4  os_core.o(.data)
    OSTCBFreeList                            0x20000038   Data           4  os_core.o(.data)
    OSTCBHighRdy                             0x2000003c   Data           4  os_core.o(.data)
    OSTCBList                                0x20000040   Data           4  os_core.o(.data)
    OSTickStepState                          0x20000044   Data           1  os_core.o(.data)
    OSQFreeList                              0x20000048   Data           4  os_core.o(.data)
    OSTime                                   0x2000004c   Data           4  os_core.o(.data)
    OSTmrFree                                0x20000050   Data           2  os_core.o(.data)
    OSTmrUsed                                0x20000052   Data           2  os_core.o(.data)
    OSTmrTime                                0x20000054   Data           4  os_core.o(.data)
    OSTmrSem                                 0x20000058   Data           4  os_core.o(.data)
    OSTmrSemSignal                           0x2000005c   Data           4  os_core.o(.data)
    OSTmrFreeList                            0x20000060   Data           4  os_core.o(.data)
    OSInterrputSum                           0x20000064   Data           4  os_cpu_c.o(.data)
    RX_data                                  0x2000006c   Data         512  usart.o(.bss)
    OSEventTbl                               0x2000026c   Data         200  os_core.o(.bss)
    OSFlagTbl                                0x20000334   Data          80  os_core.o(.bss)
    OSTaskStatStk                            0x20000384   Data         512  os_core.o(.bss)
    OSTaskIdleStk                            0x20000584   Data         512  os_core.o(.bss)
    OSTCBPrioTbl                             0x20000784   Data         256  os_core.o(.bss)
    OSTCBTbl                                 0x20000884   Data        1008  os_core.o(.bss)
    OSQTbl                                   0x20000c74   Data         120  os_core.o(.bss)
    OSTmrTbl                                 0x20000cec   Data         640  os_core.o(.bss)
    OSTmrTaskStk                             0x20000f6c   Data         512  os_core.o(.bss)
    OSTmrWheelTbl                            0x2000116c   Data          64  os_core.o(.bss)
    Start_Task_STK                           0x200011ac   Data         512  start_task.o(.bss)
    __libspace_start                         0x200013ac   Data          96  libspace.o(.bss)
    __temporary_stack_top$libspace           0x2000140c   Data           0  libspace.o(.bss)



==============================================================================

Memory Map of the image

  Image Entry point : 0x08000189

  Load Region LR_IROM1 (Base: 0x08000000, Size: 0x00002194, Max: 0x00100000, ABSOLUTE)

    Execution Region ER_IROM1 (Base: 0x08000000, Size: 0x00002128, Max: 0x00100000, ABSOLUTE)

    Base Addr    Size         Type   Attr      Idx    E Section Name        Object

    0x08000000   0x00000188   Data   RO          333    RESET               startup_stm32f40_41xxx.o
    0x08000188   0x00000008   Code   RO         1295  * !!!main             c_w.l(__main.o)
    0x08000190   0x00000034   Code   RO         1456    !!!scatter          c_w.l(__scatter.o)
    0x080001c4   0x0000001a   Code   RO         1458    !!handler_copy      c_w.l(__scatter_copy.o)
    0x080001de   0x00000002   PAD
    0x080001e0   0x0000001c   Code   RO         1460    !!handler_zi        c_w.l(__scatter_zi.o)
    0x080001fc   0x00000000   Code   RO         1288    .ARM.Collect$$_printf_percent$$00000000  c_w.l(_printf_percent.o)
    0x080001fc   0x00000006   Code   RO         1287    .ARM.Collect$$_printf_percent$$00000009  c_w.l(_printf_d.o)
    0x08000202   0x00000004   Code   RO         1302    .ARM.Collect$$_printf_percent$$00000017  c_w.l(_printf_percent_end.o)
    0x08000206   0x00000002   Code   RO         1333    .ARM.Collect$$libinit$$00000000  c_w.l(libinit.o)
    0x08000208   0x00000004   Code   RO         1339    .ARM.Collect$$libinit$$00000001  c_w.l(libinit2.o)
    0x0800020c   0x00000000   Code   RO         1342    .ARM.Collect$$libinit$$00000004  c_w.l(libinit2.o)
    0x0800020c   0x00000000   Code   RO         1345    .ARM.Collect$$libinit$$0000000A  c_w.l(libinit2.o)
    0x0800020c   0x00000000   Code   RO         1347    .ARM.Collect$$libinit$$0000000C  c_w.l(libinit2.o)
    0x0800020c   0x00000000   Code   RO         1349    .ARM.Collect$$libinit$$0000000E  c_w.l(libinit2.o)
    0x0800020c   0x00000000   Code   RO         1352    .ARM.Collect$$libinit$$00000011  c_w.l(libinit2.o)
    0x0800020c   0x00000000   Code   RO         1354    .ARM.Collect$$libinit$$00000013  c_w.l(libinit2.o)
    0x0800020c   0x00000000   Code   RO         1356    .ARM.Collect$$libinit$$00000015  c_w.l(libinit2.o)
    0x0800020c   0x00000000   Code   RO         1358    .ARM.Collect$$libinit$$00000017  c_w.l(libinit2.o)
    0x0800020c   0x00000000   Code   RO         1360    .ARM.Collect$$libinit$$00000019  c_w.l(libinit2.o)
    0x0800020c   0x00000000   Code   RO         1362    .ARM.Collect$$libinit$$0000001B  c_w.l(libinit2.o)
    0x0800020c   0x00000000   Code   RO         1364    .ARM.Collect$$libinit$$0000001D  c_w.l(libinit2.o)
    0x0800020c   0x00000000   Code   RO         1366    .ARM.Collect$$libinit$$0000001F  c_w.l(libinit2.o)
    0x0800020c   0x00000000   Code   RO         1368    .ARM.Collect$$libinit$$00000021  c_w.l(libinit2.o)
    0x0800020c   0x00000000   Code   RO         1370    .ARM.Collect$$libinit$$00000023  c_w.l(libinit2.o)
    0x0800020c   0x00000000   Code   RO         1372    .ARM.Collect$$libinit$$00000025  c_w.l(libinit2.o)
    0x0800020c   0x00000000   Code   RO         1376    .ARM.Collect$$libinit$$0000002C  c_w.l(libinit2.o)
    0x0800020c   0x00000000   Code   RO         1378    .ARM.Collect$$libinit$$0000002E  c_w.l(libinit2.o)
    0x0800020c   0x00000000   Code   RO         1380    .ARM.Collect$$libinit$$00000030  c_w.l(libinit2.o)
    0x0800020c   0x00000000   Code   RO         1382    .ARM.Collect$$libinit$$00000032  c_w.l(libinit2.o)
    0x0800020c   0x00000002   Code   RO         1383    .ARM.Collect$$libinit$$00000033  c_w.l(libinit2.o)
    0x0800020e   0x00000002   Code   RO         1401    .ARM.Collect$$libshutdown$$00000000  c_w.l(libshutdown.o)
    0x08000210   0x00000000   Code   RO         1412    .ARM.Collect$$libshutdown$$00000003  c_w.l(libshutdown2.o)
    0x08000210   0x00000000   Code   RO         1415    .ARM.Collect$$libshutdown$$00000006  c_w.l(libshutdown2.o)
    0x08000210   0x00000000   Code   RO         1418    .ARM.Collect$$libshutdown$$00000009  c_w.l(libshutdown2.o)
    0x08000210   0x00000000   Code   RO         1420    .ARM.Collect$$libshutdown$$0000000B  c_w.l(libshutdown2.o)
    0x08000210   0x00000000   Code   RO         1423    .ARM.Collect$$libshutdown$$0000000E  c_w.l(libshutdown2.o)
    0x08000210   0x00000002   Code   RO         1424    .ARM.Collect$$libshutdown$$0000000F  c_w.l(libshutdown2.o)
    0x08000212   0x00000000   Code   RO         1297    .ARM.Collect$$rtentry$$00000000  c_w.l(__rtentry.o)
    0x08000212   0x00000000   Code   RO         1306    .ARM.Collect$$rtentry$$00000002  c_w.l(__rtentry2.o)
    0x08000212   0x00000006   Code   RO         1318    .ARM.Collect$$rtentry$$00000004  c_w.l(__rtentry4.o)
    0x08000218   0x00000000   Code   RO         1308    .ARM.Collect$$rtentry$$00000009  c_w.l(__rtentry2.o)
    0x08000218   0x00000004   Code   RO         1309    .ARM.Collect$$rtentry$$0000000A  c_w.l(__rtentry2.o)
    0x0800021c   0x00000000   Code   RO         1311    .ARM.Collect$$rtentry$$0000000C  c_w.l(__rtentry2.o)
    0x0800021c   0x00000008   Code   RO         1312    .ARM.Collect$$rtentry$$0000000D  c_w.l(__rtentry2.o)
    0x08000224   0x00000002   Code   RO         1337    .ARM.Collect$$rtexit$$00000000  c_w.l(rtexit.o)
    0x08000226   0x00000000   Code   RO         1385    .ARM.Collect$$rtexit$$00000002  c_w.l(rtexit2.o)
    0x08000226   0x00000004   Code   RO         1386    .ARM.Collect$$rtexit$$00000003  c_w.l(rtexit2.o)
    0x0800022a   0x00000006   Code   RO         1387    .ARM.Collect$$rtexit$$00000004  c_w.l(rtexit2.o)
    0x08000230   0x00000040   Code   RO          334    .text               startup_stm32f40_41xxx.o
    0x08000270   0x000000c8   Code   RO         1136    .text               os_cpu_a.o
    0x08000338   0x00000002   Code   RO         1257    .text               c_w.l(use_no_semi.o)
    0x0800033a   0x00000002   PAD
    0x0800033c   0x00000018   Code   RO         1261    .text               c_w.l(noretval__2printf.o)
    0x08000354   0x00000068   Code   RO         1263    .text               c_w.l(__printf.o)
    0x080003bc   0x00000078   Code   RO         1265    .text               c_w.l(_printf_dec.o)
    0x08000434   0x00000006   Code   RO         1293    .text               c_w.l(heapauxi.o)
    0x0800043a   0x000000b2   Code   RO         1298    .text               c_w.l(_printf_intcommon.o)
    0x080004ec   0x00000024   Code   RO         1300    .text               c_w.l(_printf_char_file.o)
    0x08000510   0x00000030   Code   RO         1320    .text               c_w.l(_printf_char_common.o)
    0x08000540   0x0000004a   Code   RO         1322    .text               c_w.l(sys_stackheap_outer.o)
    0x0800058a   0x0000000c   Code   RO         1326    .text               c_w.l(exit.o)
    0x08000596   0x00000002   PAD
    0x08000598   0x00000008   Code   RO         1334    .text               c_w.l(libspace.o)
    0x080005a0   0x00000004   Code   RO          131    i.BusFault_Handler  stm32f4xx_it.o
    0x080005a4   0x00000002   Code   RO          132    i.DebugMon_Handler  stm32f4xx_it.o
    0x080005a6   0x00000004   Code   RO          133    i.HardFault_Handler  stm32f4xx_it.o
    0x080005aa   0x00000002   PAD
    0x080005ac   0x000000bc   Code   RO          231    i.Led_Io_Init       led.o
    0x08000668   0x00000004   Code   RO          134    i.MemManage_Handler  stm32f4xx_it.o
    0x0800066c   0x00000002   Code   RO          135    i.NMI_Handler       stm32f4xx_it.o
    0x0800066e   0x00000040   Code   RO            3    i.NVIC_EncodePriority  usart.o
    0x080006ae   0x00000030   Code   RO          340    i.OSInit            os_core.o
    0x080006de   0x00000002   PAD
    0x080006e0   0x0000000c   Code   RO         1141    i.OSInitHookBegin   os_cpu_c.o
    0x080006ec   0x00000002   Code   RO         1142    i.OSInitHookEnd     os_cpu_c.o
    0x080006ee   0x00000002   PAD
    0x080006f0   0x00000024   Code   RO          341    i.OSIntEnter        os_core.o
    0x08000714   0x00000090   Code   RO          342    i.OSIntExit         os_core.o
    0x080007a4   0x00000040   Code   RO          343    i.OSSchedLock       os_core.o
    0x080007e4   0x00000060   Code   RO          344    i.OSSchedUnlock     os_core.o
    0x08000844   0x0000004c   Code   RO          831    i.OSSemCreate       os_sem.o
    0x08000890   0x000000ec   Code   RO          833    i.OSSemPend         os_sem.o
    0x0800097c   0x00000058   Code   RO          835    i.OSSemPost         os_sem.o
    0x080009d4   0x00000048   Code   RO          345    i.OSStart           os_core.o
    0x08000a1c   0x00000002   Code   RO         1143    i.OSTCBInitHook     os_cpu_c.o
    0x08000a1e   0x00000002   PAD
    0x08000a20   0x000000a0   Code   RO          893    i.OSTaskCreate      os_task.o
    0x08000ac0   0x000000b8   Code   RO          894    i.OSTaskCreateExt   os_task.o
    0x08000b78   0x00000002   Code   RO         1144    i.OSTaskCreateHook  os_cpu_c.o
    0x08000b7a   0x00000002   PAD
    0x08000b7c   0x00000154   Code   RO          895    i.OSTaskDel         os_task.o
    0x08000cd0   0x00000002   Code   RO         1145    i.OSTaskDelHook     os_cpu_c.o
    0x08000cd2   0x00000002   Code   RO         1146    i.OSTaskIdleHook    os_cpu_c.o
    0x08000cd4   0x00000070   Code   RO          898    i.OSTaskNameSet     os_task.o
    0x08000d44   0x00000002   Code   RO         1147    i.OSTaskReturnHook  os_cpu_c.o
    0x08000d46   0x00000002   Code   RO         1148    i.OSTaskStatHook    os_cpu_c.o
    0x08000d48   0x0000008c   Code   RO          903    i.OSTaskStkChk      os_task.o
    0x08000dd4   0x000001b0   Code   RO         1149    i.OSTaskStkInit     os_cpu_c.o
    0x08000f84   0x000000a8   Code   RO          904    i.OSTaskSuspend     os_task.o
    0x0800102c   0x00000002   Code   RO         1150    i.OSTaskSwHook      os_cpu_c.o
    0x0800102e   0x00000002   PAD
    0x08001030   0x00000078   Code   RO          996    i.OSTimeDly         os_time.o
    0x080010a8   0x000000ec   Code   RO          347    i.OSTimeTick        os_core.o
    0x08001194   0x00000024   Code   RO         1151    i.OSTimeTickHook    os_cpu_c.o
    0x080011b8   0x00000014   Code   RO         1044    i.OSTmrSignal       os_tmr.o
    0x080011cc   0x000000b8   Code   RO         1050    i.OSTmr_Init        os_tmr.o
    0x08001284   0x00000050   Code   RO         1051    i.OSTmr_InitTask    os_tmr.o
    0x080012d4   0x0000006c   Code   RO         1052    i.OSTmr_Link        os_tmr.o
    0x08001340   0x00000080   Code   RO         1053    i.OSTmr_Task        os_tmr.o
    0x080013c0   0x00000044   Code   RO         1054    i.OSTmr_Unlink      os_tmr.o
    0x08001404   0x00000002   Code   RO          349    i.OS_Dummy          os_core.o
    0x08001406   0x00000002   PAD
    0x08001408   0x00000084   Code   RO          350    i.OS_EventTaskRdy   os_core.o
    0x0800148c   0x0000002a   Code   RO          351    i.OS_EventTaskRemove  os_core.o
    0x080014b6   0x00000002   PAD
    0x080014b8   0x0000007c   Code   RO          352    i.OS_EventTaskWait  os_core.o
    0x08001534   0x0000001c   Code   RO          353    i.OS_EventWaitListInit  os_core.o
    0x08001550   0x00000058   Code   RO          539    i.OS_FlagInit       os_flag.o
    0x080015a8   0x00000024   Code   RO          541    i.OS_FlagUnlink     os_flag.o
    0x080015cc   0x00000054   Code   RO          354    i.OS_InitEventList  os_core.o
    0x08001620   0x00000054   Code   RO          355    i.OS_InitMisc       os_core.o
    0x08001674   0x00000044   Code   RO          356    i.OS_InitRdyList    os_core.o
    0x080016b8   0x00000080   Code   RO          357    i.OS_InitTCBList    os_core.o
    0x08001738   0x00000050   Code   RO          358    i.OS_InitTaskIdle   os_core.o
    0x08001788   0x00000050   Code   RO          359    i.OS_InitTaskStat   os_core.o
    0x080017d8   0x00000012   Code   RO          360    i.OS_MemClr         os_core.o
    0x080017ea   0x00000002   PAD
    0x080017ec   0x00000050   Code   RO          760    i.OS_QInit          os_q.o
    0x0800183c   0x00000074   Code   RO          362    i.OS_Sched          os_core.o
    0x080018b0   0x0000002c   Code   RO          363    i.OS_SchedNew       os_core.o
    0x080018dc   0x000000c8   Code   RO          261    i.OS_SysTick_init   main.o
    0x080019a4   0x00000134   Code   RO          365    i.OS_TCBInit        os_core.o
    0x08001ad8   0x00000028   Code   RO          366    i.OS_TaskIdle       os_core.o
    0x08001b00   0x00000018   Code   RO          905    i.OS_TaskReturn     os_task.o
    0x08001b18   0x00000088   Code   RO          367    i.OS_TaskStat       os_core.o
    0x08001ba0   0x0000003c   Code   RO          368    i.OS_TaskStatStkChk  os_core.o
    0x08001bdc   0x0000001a   Code   RO          906    i.OS_TaskStkClr     os_task.o
    0x08001bf6   0x00000002   Code   RO          136    i.SVC_Handler       stm32f4xx_it.o
    0x08001bf8   0x000000ec   Code   RO          194    i.SetSysClock       system_stm32f4xx.o
    0x08001ce4   0x00000028   Code   RO         1231    i.Start_Task        start_task.o
    0x08001d0c   0x00000010   Code   RO          262    i.SysTick_Handler   main.o
    0x08001d1c   0x00000068   Code   RO          196    i.SystemInit        system_stm32f4xx.o
    0x08001d84   0x0000004c   Code   RO            5    i.USART1_IRQHandler  usart.o
    0x08001dd0   0x00000138   Code   RO            6    i.USART1_SET        usart.o
    0x08001f08   0x00000004   Code   RO          137    i.UsageFault_Handler  stm32f4xx_it.o
    0x08001f0c   0x00000004   Code   RO            7    i._sys_exit         usart.o
    0x08001f10   0x00000008   Code   RO            9    i.ferror            usart.o
    0x08001f18   0x00000018   Code   RO           10    i.fputc             usart.o
    0x08001f30   0x00000058   Code   RO          263    i.main              main.o
    0x08001f88   0x00000074   Code   RO           13    i.usart_Io_Init     usart.o
    0x08001ffc   0x0000000a   Code   RO         1393    x$fpl$fpinit        fz_wm.l(fpinit.o)
    0x08002006   0x00000100   Data   RO          370    .constdata          os_core.o
    0x08002106   0x00000002   PAD
    0x08002108   0x00000020   Data   RO         1454    Region$$Table       anon$$obj.o


    Execution Region RW_IRAM1 (Base: 0x20000000, Size: 0x00004410, Max: 0x00020000, ABSOLUTE)

    Base Addr    Size         Type   Attr      Idx    E Section Name        Object

    0x20000000   0x00000008   Data   RW           15    .data               usart.o
    0x20000008   0x0000005c   Data   RW          371    .data               os_core.o
    0x20000064   0x00000006   Data   RW         1152    .data               os_cpu_c.o
    0x2000006a   0x00000002   PAD
    0x2000006c   0x00000200   Zero   RW           14    .bss                usart.o
    0x2000026c   0x00000f40   Zero   RW          369    .bss                os_core.o
    0x200011ac   0x00000200   Zero   RW         1232    .bss                start_task.o
    0x200013ac   0x00000060   Zero   RW         1335    .bss                c_w.l(libspace.o)
    0x2000140c   0x00000004   PAD
    0x20001410   0x00002000   Zero   RW          332    HEAP                startup_stm32f40_41xxx.o
    0x20003410   0x00001000   Zero   RW          331    STACK               startup_stm32f40_41xxx.o


==============================================================================

Image component sizes


      Code (inc. data)   RO Data    RW Data    ZI Data      Debug   Object Name

       188         20          0          0          0        470   led.o
       304         24          0          0          0      37163   main.o
      2270        412        256         92       3904      22695   os_core.o
       200         32          0          0          0        300   os_cpu_a.o
       496         16          0          6          0      14759   os_cpu_c.o
       124         14          0          0          0       1194   os_flag.o
        80          8          0          0          0        567   os_q.o
       400         22          0          0          0       2350   os_sem.o
      1154        116          0          0          0       6600   os_task.o
       120         20          0          0          0        624   os_time.o
       588         98          0          0          0       3795   os_tmr.o
        40         10          0          0        512       1030   start_task.o
        64         26        392          0      12288        816   startup_stm32f40_41xxx.o
        22          0          0          0          0       3115   stm32f4xx_it.o
       340         32          0          0          0       1469   system_stm32f4xx.o
       604         60          0          8        512     264627   usart.o

    ----------------------------------------------------------------------
      7012        910        682        108      17216     361574   Object Totals
         0          0         32          0          0          0   (incl. Generated)
        18          0          2          2          0          0   (incl. Padding)

    ----------------------------------------------------------------------

      Code (inc. data)   RO Data    RW Data    ZI Data      Debug   Library Member Name

         8          0          0          0          0         68   __main.o
       104          0          0          0          0         84   __printf.o
         0          0          0          0          0          0   __rtentry.o
        12          0          0          0          0          0   __rtentry2.o
         6          0          0          0          0          0   __rtentry4.o
        52          8          0          0          0          0   __scatter.o
        26          0          0          0          0          0   __scatter_copy.o
        28          0          0          0          0          0   __scatter_zi.o
        48          6          0          0          0         96   _printf_char_common.o
        36          4          0          0          0         80   _printf_char_file.o
         6          0          0          0          0          0   _printf_d.o
       120         16          0          0          0         92   _printf_dec.o
       178          0          0          0          0         88   _printf_intcommon.o
         0          0          0          0          0          0   _printf_percent.o
         4          0          0          0          0          0   _printf_percent_end.o
        12          0          0          0          0         72   exit.o
         6          0          0          0          0        152   heapauxi.o
         2          0          0          0          0          0   libinit.o
         6          0          0          0          0          0   libinit2.o
         2          0          0          0          0          0   libshutdown.o
         2          0          0          0          0          0   libshutdown2.o
         8          4          0          0         96         68   libspace.o
        24          4          0          0          0         84   noretval__2printf.o
         2          0          0          0          0          0   rtexit.o
        10          0          0          0          0          0   rtexit2.o
        74          0          0          0          0         80   sys_stackheap_outer.o
         2          0          0          0          0         68   use_no_semi.o
        10          0          0          0          0        116   fpinit.o

    ----------------------------------------------------------------------
       794         42          0          0        100       1148   Library Totals
         6          0          0          0          4          0   (incl. Padding)

    ----------------------------------------------------------------------

      Code (inc. data)   RO Data    RW Data    ZI Data      Debug   Library Name

       778         42          0          0         96       1032   c_w.l
        10          0          0          0          0        116   fz_wm.l

    ----------------------------------------------------------------------
       794         42          0          0        100       1148   Library Totals

    ----------------------------------------------------------------------

==============================================================================


      Code (inc. data)   RO Data    RW Data    ZI Data      Debug   

      7806        952        682        108      17316     355106   Grand Totals
      7806        952        682        108      17316     355106   ELF Image Totals
      7806        952        682        108          0          0   ROM Totals

==============================================================================

    Total RO  Size (Code + RO Data)                 8488 (   8.29kB)
    Total RW  Size (RW Data + ZI Data)             17424 (  17.02kB)
    Total ROM Size (Code + RO Data + RW Data)       8596 (   8.39kB)

==============================================================================

