Component: ARM Compiler 5.05 update 2 (build 169) Tool: armlink [4d0f33]

==============================================================================

Section Cross References

    usart1.o(i.Led_Switch) refers to usart1.o(i.Str_Send) for Str_Send
    usart1.o(i.Led_Switch) refers to usart1.o(i.Byte_Send) for Byte_Send
    usart1.o(i.Led_Switch) refers to strcmp.o(.text) for strcmp
    usart1.o(i.Led_Switch) refers to led.o(i.Led_State_Control) for Led_State_Control
    usart1.o(i.Led_Switch) refers to memseta.o(.text) for __aeabi_memclr
    usart1.o(i.Led_Switch) refers to usart1.o(.data) for Flag
    usart1.o(i.Led_Switch) refers to usart1.o(.bss) for Buffer
    usart1.o(i.Str_Send) refers to usart1.o(i.Byte_Send) for Byte_Send
    usart1.o(i.USART1_IRQHandler) refers to usart1.o(.data) for Time_Out
    usart1.o(i.USART1_IRQHandler) refers to usart1.o(.bss) for Buffer
    usart1.o(i.Usart1_Init) refers to dflti.o(.text) for __aeabi_i2d
    usart1.o(i.Usart1_Init) refers to dmul.o(.text) for __aeabi_dmul
    usart1.o(i.Usart1_Init) refers to ddiv.o(.text) for __aeabi_ddiv
    usart1.o(i.Usart1_Init) refers to d2f.o(.text) for __aeabi_d2f
    usart1.o(i.Usart1_Init) refers to f2d.o(.text) for __aeabi_f2d
    usart1.o(i.Usart1_Init) refers to dadd.o(.text) for __aeabi_dadd
    usart1.o(i.Usart1_Init) refers to dfixui.o(.text) for __aeabi_d2uiz
    exti.o(i.EXTI_Configration) refers to exti.o(i.NVIC_EncodePriority) for NVIC_EncodePriority
    exti.o(i.EXTI_Configration) refers to exti.o(i.NVIC_SetPriority) for NVIC_SetPriority
    exti.o(i.EXTI_Configration) refers to exti.o(i.NVIC_EnableIRQ) for NVIC_EnableIRQ
    delay.o(i.delay_nms) refers to delay.o(i.delay_ms) for delay_ms
    timer.o(i.TIM5_IRQHandler) refers to timer.o(.data) for Capture_Start_Flag
    timer.o(i.TIM6_DAC_IRQHandler) refers to usart1.o(.data) for Time_Out
    timer.o(i.TIM8_BRK_TIM12_IRQHandler) refers to timer.o(.data) for Timer12_Flag
    timer.o(i.Time12_Configuration) refers to timer.o(i.NVIC_SetPriorityGrouping) for NVIC_SetPriorityGrouping
    timer.o(i.Time12_Configuration) refers to timer.o(i.NVIC_EncodePriority) for NVIC_EncodePriority
    timer.o(i.Time12_Configuration) refers to timer.o(i.NVIC_SetPriority) for NVIC_SetPriority
    timer.o(i.Time12_Configuration) refers to timer.o(i.NVIC_EnableIRQ) for NVIC_EnableIRQ
    timer.o(i.Time5_CH1_Capture_Configuration) refers to timer.o(i.NVIC_SetPriorityGrouping) for NVIC_SetPriorityGrouping
    timer.o(i.Time5_CH1_Capture_Configuration) refers to timer.o(i.NVIC_EncodePriority) for NVIC_EncodePriority
    timer.o(i.Time5_CH1_Capture_Configuration) refers to timer.o(i.NVIC_SetPriority) for NVIC_SetPriority
    timer.o(i.Time5_CH1_Capture_Configuration) refers to timer.o(i.NVIC_EnableIRQ) for NVIC_EnableIRQ
    timer.o(i.Time6_Configuration) refers to timer.o(i.NVIC_SetPriorityGrouping) for NVIC_SetPriorityGrouping
    timer.o(i.Time6_Configuration) refers to timer.o(i.NVIC_EncodePriority) for NVIC_EncodePriority
    timer.o(i.Time6_Configuration) refers to timer.o(i.NVIC_SetPriority) for NVIC_SetPriority
    timer.o(i.Time6_Configuration) refers to timer.o(i.NVIC_EnableIRQ) for NVIC_EnableIRQ
    adc.o(i.ADC1_Temperature_Calculation) refers to dflti.o(.text) for __aeabi_i2d
    adc.o(i.ADC1_Temperature_Calculation) refers to ddiv.o(.text) for __aeabi_ddiv
    adc.o(i.ADC1_Temperature_Calculation) refers to dadd.o(.text) for __aeabi_dadd
    adc.o(i.ADC1_Temperature_Calculation) refers to d2f.o(.text) for __aeabi_d2f
    adc.o(i.ADC1_Temperature_Calculation) refers to f2d.o(.text) for __aeabi_f2d
    adc.o(i.ADC1_Temperature_Calculation) refers to printfa.o(i.__0printf) for __2printf
    adc.o(i.ADC1_Temperature_Calculation) refers to adc.o(.data) for Analog_Value
    adc.o(i.ADC_IRQHandler) refers to dfltui.o(.text) for __aeabi_ui2d
    adc.o(i.ADC_IRQHandler) refers to dmul.o(.text) for __aeabi_dmul
    adc.o(i.ADC_IRQHandler) refers to dfixui.o(.text) for __aeabi_d2uiz
    adc.o(i.ADC_IRQHandler) refers to adc.o(.data) for Digital_Value
    rtc.o(i.RTC_ALARM_A_Init) refers to delay.o(i.delay_ms) for delay_ms
    rtc.o(i.RTC_ALARM_A_Init) refers to rtc.o(i.BCD_encode) for BCD_encode
    rtc.o(i.RTC_ALARM_A_Init) refers to rtc.o(i.NVIC_SetPriorityGrouping) for NVIC_SetPriorityGrouping
    rtc.o(i.RTC_ALARM_A_Init) refers to rtc.o(i.NVIC_EncodePriority) for NVIC_EncodePriority
    rtc.o(i.RTC_ALARM_A_Init) refers to rtc.o(i.NVIC_SetPriority) for NVIC_SetPriority
    rtc.o(i.RTC_ALARM_A_Init) refers to rtc.o(i.NVIC_EnableIRQ) for NVIC_EnableIRQ
    rtc.o(i.RTC_Alarm_IRQHandler) refers to printfa.o(i.__0printf) for __2printf
    rtc.o(i.RTC_Init) refers to delay.o(i.delay_ms) for delay_ms
    rtc.o(i.RTC_Setting) refers to delay.o(i.delay_ms) for delay_ms
    rtc.o(i.RTC_Setting) refers to rtc.o(i.BCD_encode) for BCD_encode
    rtc.o(i.RTC_Setting) refers to rtc.o(.constdata) for .constdata
    rtc.o(i.RTC_Setting_DT) refers to delay.o(i.delay_ms) for delay_ms
    rtc.o(i.RTC_Setting_DT) refers to rtc.o(i.BCD_encode) for BCD_encode
    rtc.o(i.RTC_WKUP_IRQHandler) refers to printfa.o(i.__0printf) for __2printf
    rtc.o(i.RTC_WakeUp_Init) refers to delay.o(i.delay_ms) for delay_ms
    rtc.o(i.RTC_WakeUp_Init) refers to rtc.o(i.NVIC_SetPriorityGrouping) for NVIC_SetPriorityGrouping
    rtc.o(i.RTC_WakeUp_Init) refers to rtc.o(i.NVIC_EncodePriority) for NVIC_EncodePriority
    rtc.o(i.RTC_WakeUp_Init) refers to rtc.o(i.NVIC_SetPriority) for NVIC_SetPriority
    rtc.o(i.RTC_WakeUp_Init) refers to rtc.o(i.NVIC_EnableIRQ) for NVIC_EnableIRQ
    rtc.o(i.Read_DT) refers to rtc.o(i.BCD_encode) for BCD_encode
    rtc.o(i.Show_Time) refers to printfa.o(i.__0printf) for __2printf
    rtc.o(i.Show_Time) refers to rtc.o(.data) for Week
    iic.o(i.IIC_Read) refers to delay.o(i.delay_us) for delay_us
    iic.o(i.IIC_Start) refers to delay.o(i.delay_us) for delay_us
    iic.o(i.IIC_Stop) refers to delay.o(i.delay_us) for delay_us
    iic.o(i.IIC_Wait_Reply) refers to delay.o(i.delay_us) for delay_us
    iic.o(i.IIC_Wait_Reply) refers to iic.o(i.IIC_Stop) for IIC_Stop
    iic.o(i.IIC_Write) refers to delay.o(i.delay_us) for delay_us
    iic.o(i.IIC_Write_Reply) refers to delay.o(i.delay_us) for delay_us
    spi.o(i.Spi_RW) refers to delay.o(i.delay_us) for delay_us
    can.o(i.Can_Configuration) refers to delay.o(i.delay_ms) for delay_ms
    system_stm32f4xx.o(i.SystemCoreClockUpdate) refers to system_stm32f4xx.o(.data) for SystemCoreClock
    system_stm32f4xx.o(i.SystemInit) refers to system_stm32f4xx.o(i.SetSysClock) for SetSysClock
    led.o(i.Water_Light) refers to led.o(i.Led_State_Control) for Led_State_Control
    led.o(i.Water_Light) refers to led.o(i.Led_Delay) for Led_Delay
    led.o(i.Water_Light) refers to led.o(.data) for Led_Speed
    led.o(i.Water_Light_Control) refers to led.o(.data) for Led_Speed
    led.o(i.Water_Light_Keepon) refers to led.o(.data) for Led_Speed_Recording
    led.o(i.Water_Light_Pause) refers to led.o(.data) for Led_Speed
    key.o(i.Key_Scan) refers to key.o(i.Delay) for Delay
    key.o(i.Key_Scan) refers to key.o(.data) for Key_Sta
    at24cxx.o(i.AT24C02_Clear) refers to memseta.o(.text) for __aeabi_memclr4
    at24cxx.o(i.AT24C02_Clear) refers to at24cxx.o(i.AT24_Write_Continue) for AT24_Write_Continue
    at24cxx.o(i.AT24C02_Clear) refers to delay.o(i.delay_nms) for delay_nms
    at24cxx.o(i.AT24_Read_Byte) refers to iic.o(i.IIC_Start) for IIC_Start
    at24cxx.o(i.AT24_Read_Byte) refers to iic.o(i.IIC_Write) for IIC_Write
    at24cxx.o(i.AT24_Read_Byte) refers to iic.o(i.IIC_Wait_Reply) for IIC_Wait_Reply
    at24cxx.o(i.AT24_Read_Byte) refers to iic.o(i.IIC_Read) for IIC_Read
    at24cxx.o(i.AT24_Read_Byte) refers to iic.o(i.IIC_Write_Reply) for IIC_Write_Reply
    at24cxx.o(i.AT24_Read_Byte) refers to iic.o(i.IIC_Stop) for IIC_Stop
    at24cxx.o(i.AT24_Read_Continue) refers to iic.o(i.IIC_Start) for IIC_Start
    at24cxx.o(i.AT24_Read_Continue) refers to iic.o(i.IIC_Write) for IIC_Write
    at24cxx.o(i.AT24_Read_Continue) refers to iic.o(i.IIC_Wait_Reply) for IIC_Wait_Reply
    at24cxx.o(i.AT24_Read_Continue) refers to iic.o(i.IIC_Read) for IIC_Read
    at24cxx.o(i.AT24_Read_Continue) refers to iic.o(i.IIC_Write_Reply) for IIC_Write_Reply
    at24cxx.o(i.AT24_Read_Continue) refers to iic.o(i.IIC_Stop) for IIC_Stop
    at24cxx.o(i.AT24_Write_Byte) refers to iic.o(i.IIC_Start) for IIC_Start
    at24cxx.o(i.AT24_Write_Byte) refers to iic.o(i.IIC_Write) for IIC_Write
    at24cxx.o(i.AT24_Write_Byte) refers to iic.o(i.IIC_Wait_Reply) for IIC_Wait_Reply
    at24cxx.o(i.AT24_Write_Byte) refers to iic.o(i.IIC_Stop) for IIC_Stop
    at24cxx.o(i.AT24_Write_Continue) refers to iic.o(i.IIC_Start) for IIC_Start
    at24cxx.o(i.AT24_Write_Continue) refers to iic.o(i.IIC_Write) for IIC_Write
    at24cxx.o(i.AT24_Write_Continue) refers to iic.o(i.IIC_Wait_Reply) for IIC_Wait_Reply
    at24cxx.o(i.AT24_Write_Continue) refers to iic.o(i.IIC_Stop) for IIC_Stop
    at24cxx.o(i.AT24_Write_Continue) refers to delay.o(i.delay_ms) for delay_ms
    at24cxx.o(i.AT24_Write_Page) refers to iic.o(i.IIC_Start) for IIC_Start
    at24cxx.o(i.AT24_Write_Page) refers to iic.o(i.IIC_Write) for IIC_Write
    at24cxx.o(i.AT24_Write_Page) refers to iic.o(i.IIC_Wait_Reply) for IIC_Wait_Reply
    at24cxx.o(i.AT24_Write_Page) refers to iic.o(i.IIC_Stop) for IIC_Stop
    flash.o(i.Flash_CMD_Read_ID) refers to flash.o(i.Flash_RW_Byte) for Flash_RW_Byte
    flash.o(i.Flash_CMD_Read_ID) refers to flash.o(i.Flash_Write_Addr) for Flash_Write_Addr
    flash.o(i.Flash_CMD_Read_ID) refers to printfa.o(i.__0printf) for __2printf
    flash.o(i.Flash_CMD_Write_Disable) refers to flash.o(i.Flash_RW_Byte) for Flash_RW_Byte
    flash.o(i.Flash_CMD_Write_Enable) refers to flash.o(i.Flash_RW_Byte) for Flash_RW_Byte
    flash.o(i.Flash_Copy_Date) refers to flash.o(i.Flash_Read_Data) for Flash_Read_Data
    flash.o(i.Flash_Copy_Date) refers to flash.o(i.Flash_Write_Single_Page) for Flash_Write_Single_Page
    flash.o(i.Flash_Copy_Sector) refers to flash.o(i.Flash_Read_Data) for Flash_Read_Data
    flash.o(i.Flash_Copy_Sector) refers to flash.o(i.Flash_Write_Single_Page) for Flash_Write_Single_Page
    flash.o(i.Flash_Init) refers to spi.o(i.Spi_Io_Init) for Spi_Io_Init
    flash.o(i.Flash_Init) refers to flash.o(i.Flash_Io_Init) for Flash_Io_Init
    flash.o(i.Flash_NSector_Erase) refers to flash.o(i.Flash_Sector_Erase) for Flash_Sector_Erase
    flash.o(i.Flash_RW_Byte) refers to spi.o(i.Spi_RW) for Spi_RW
    flash.o(i.Flash_Read_Data) refers to flash.o(i.Flash_RW_Byte) for Flash_RW_Byte
    flash.o(i.Flash_Read_Data) refers to flash.o(i.Flash_Write_Addr) for Flash_Write_Addr
    flash.o(i.Flash_Read_Status_Reg1) refers to flash.o(i.Flash_RW_Byte) for Flash_RW_Byte
    flash.o(i.Flash_Read_Status_Reg2) refers to flash.o(i.Flash_RW_Byte) for Flash_RW_Byte
    flash.o(i.Flash_Sector_Erase) refers to flash.o(i.Flash_CMD_Write_Enable) for Flash_CMD_Write_Enable
    flash.o(i.Flash_Sector_Erase) refers to flash.o(i.Flash_RW_Byte) for Flash_RW_Byte
    flash.o(i.Flash_Sector_Erase) refers to flash.o(i.Flash_Write_Addr) for Flash_Write_Addr
    flash.o(i.Flash_Sector_Erase) refers to flash.o(i.Flash_Wait_Busy) for Flash_Wait_Busy
    flash.o(i.Flash_Wait_Busy) refers to flash.o(i.Flash_Read_Status_Reg1) for Flash_Read_Status_Reg1
    flash.o(i.Flash_Wait_Busy) refers to delay.o(i.delay_ms) for delay_ms
    flash.o(i.Flash_Write_Addr) refers to flash.o(i.Flash_RW_Byte) for Flash_RW_Byte
    flash.o(i.Flash_Write_Cross_Page) refers to flash.o(i.Flash_CMD_Write_Enable) for Flash_CMD_Write_Enable
    flash.o(i.Flash_Write_Cross_Page) refers to flash.o(i.Flash_RW_Byte) for Flash_RW_Byte
    flash.o(i.Flash_Write_Cross_Page) refers to flash.o(i.Flash_Write_Addr) for Flash_Write_Addr
    flash.o(i.Flash_Write_Cross_Page) refers to flash.o(i.Flash_Wait_Busy) for Flash_Wait_Busy
    flash.o(i.Flash_Write_Cross_Sector) refers to flash.o(i.Flash_Write_Single_Sector) for Flash_Write_Single_Sector
    flash.o(i.Flash_Write_Cross_Sector) refers to delay.o(i.delay_ms) for delay_ms
    flash.o(i.Flash_Write_Single_Page) refers to flash.o(i.Flash_CMD_Write_Enable) for Flash_CMD_Write_Enable
    flash.o(i.Flash_Write_Single_Page) refers to flash.o(i.Flash_RW_Byte) for Flash_RW_Byte
    flash.o(i.Flash_Write_Single_Page) refers to flash.o(i.Flash_Write_Addr) for Flash_Write_Addr
    flash.o(i.Flash_Write_Single_Page) refers to flash.o(i.Flash_Wait_Busy) for Flash_Wait_Busy
    flash.o(i.Flash_Write_Single_Sector) refers to flash.o(i.Flash_Sector_Erase) for Flash_Sector_Erase
    flash.o(i.Flash_Write_Single_Sector) refers to flash.o(i.Flash_Write_Cross_Page) for Flash_Write_Cross_Page
    flash.o(i.Flash_Write_Single_Sector) refers to flash.o(i.Flash_Copy_Sector) for Flash_Copy_Sector
    flash.o(i.Flash_Write_Single_Sector) refers to flash.o(i.Flash_Copy_Date) for Flash_Copy_Date
    flash.o(i.Flash_Write_Status_Reg) refers to flash.o(i.Flash_CMD_Write_Enable) for Flash_CMD_Write_Enable
    flash.o(i.Flash_Write_Status_Reg) refers to flash.o(i.Flash_RW_Byte) for Flash_RW_Byte
    flash.o(i.Flash_Write_Status_Reg) refers to flash.o(i.Flash_Wait_Busy) for Flash_Wait_Busy
    main.o(i.main) refers to led.o(i.Led_Io_Init) for Led_Io_Init
    main.o(i.main) refers to usart1.o(i.Usart1_Init) for Usart1_Init
    main.o(i.main) refers to delay.o(i.SysTick_Init) for SysTick_Init
    main.o(i.main) refers to led.o(i.Led_State_Control) for Led_State_Control
    main.o(i.main) refers to timer.o(i.Time6_Configuration) for Time6_Configuration
    startup_stm32f40_41xxx.o(RESET) refers to startup_stm32f40_41xxx.o(STACK) for __initial_sp
    startup_stm32f40_41xxx.o(RESET) refers to startup_stm32f40_41xxx.o(.text) for Reset_Handler
    startup_stm32f40_41xxx.o(RESET) refers to stm32f4xx_it.o(i.NMI_Handler) for NMI_Handler
    startup_stm32f40_41xxx.o(RESET) refers to stm32f4xx_it.o(i.HardFault_Handler) for HardFault_Handler
    startup_stm32f40_41xxx.o(RESET) refers to stm32f4xx_it.o(i.MemManage_Handler) for MemManage_Handler
    startup_stm32f40_41xxx.o(RESET) refers to stm32f4xx_it.o(i.BusFault_Handler) for BusFault_Handler
    startup_stm32f40_41xxx.o(RESET) refers to stm32f4xx_it.o(i.UsageFault_Handler) for UsageFault_Handler
    startup_stm32f40_41xxx.o(RESET) refers to stm32f4xx_it.o(i.SVC_Handler) for SVC_Handler
    startup_stm32f40_41xxx.o(RESET) refers to stm32f4xx_it.o(i.DebugMon_Handler) for DebugMon_Handler
    startup_stm32f40_41xxx.o(RESET) refers to stm32f4xx_it.o(i.PendSV_Handler) for PendSV_Handler
    startup_stm32f40_41xxx.o(RESET) refers to rtc.o(i.RTC_WKUP_IRQHandler) for RTC_WKUP_IRQHandler
    startup_stm32f40_41xxx.o(RESET) refers to exti.o(i.EXTI0_IRQHandler) for EXTI0_IRQHandler
    startup_stm32f40_41xxx.o(RESET) refers to exti.o(i.EXTI2_IRQHandler) for EXTI2_IRQHandler
    startup_stm32f40_41xxx.o(RESET) refers to exti.o(i.EXTI3_IRQHandler) for EXTI3_IRQHandler
    startup_stm32f40_41xxx.o(RESET) refers to exti.o(i.EXTI4_IRQHandler) for EXTI4_IRQHandler
    startup_stm32f40_41xxx.o(RESET) refers to adc.o(i.ADC_IRQHandler) for ADC_IRQHandler
    startup_stm32f40_41xxx.o(RESET) refers to usart1.o(i.USART1_IRQHandler) for USART1_IRQHandler
    startup_stm32f40_41xxx.o(RESET) refers to rtc.o(i.RTC_Alarm_IRQHandler) for RTC_Alarm_IRQHandler
    startup_stm32f40_41xxx.o(RESET) refers to timer.o(i.TIM8_BRK_TIM12_IRQHandler) for TIM8_BRK_TIM12_IRQHandler
    startup_stm32f40_41xxx.o(RESET) refers to timer.o(i.TIM5_IRQHandler) for TIM5_IRQHandler
    startup_stm32f40_41xxx.o(RESET) refers to timer.o(i.TIM6_DAC_IRQHandler) for TIM6_DAC_IRQHandler
    startup_stm32f40_41xxx.o(.text) refers to system_stm32f4xx.o(i.SystemInit) for SystemInit
    startup_stm32f40_41xxx.o(.text) refers to entry.o(.ARM.Collect$$$$00000000) for __main
    entry.o(.ARM.Collect$$$$00000000) refers (Special) to entry10a.o(.ARM.Collect$$$$0000000D) for __rt_final_cpp
    entry.o(.ARM.Collect$$$$00000000) refers (Special) to entry11a.o(.ARM.Collect$$$$0000000F) for __rt_final_exit
    entry.o(.ARM.Collect$$$$00000000) refers (Special) to entry7b.o(.ARM.Collect$$$$00000008) for _main_clock
    entry.o(.ARM.Collect$$$$00000000) refers (Special) to entry8b.o(.ARM.Collect$$$$0000000A) for _main_cpp_init
    entry.o(.ARM.Collect$$$$00000000) refers (Special) to entry9a.o(.ARM.Collect$$$$0000000B) for _main_init
    entry.o(.ARM.Collect$$$$00000000) refers (Special) to entry5.o(.ARM.Collect$$$$00000004) for _main_scatterload
    entry.o(.ARM.Collect$$$$00000000) refers (Special) to entry2.o(.ARM.Collect$$$$00000001) for _main_stk
    printfb.o(i.__0fprintf$bare) refers to printfb.o(i._printf_core) for _printf_core
    printfb.o(i.__0fprintf$bare) refers to usart1.o(i.fputc) for fputc
    printfb.o(i.__0printf$bare) refers to printfb.o(i._printf_core) for _printf_core
    printfb.o(i.__0printf$bare) refers to usart1.o(i.fputc) for fputc
    printfb.o(i.__0printf$bare) refers to usart1.o(.data) for __stdout
    printfb.o(i.__0snprintf$bare) refers to printfb.o(i._printf_core) for _printf_core
    printfb.o(i.__0snprintf$bare) refers to printfb.o(i._snputc) for _snputc
    printfb.o(i.__0sprintf$bare) refers to printfb.o(i._printf_core) for _printf_core
    printfb.o(i.__0sprintf$bare) refers to printfb.o(i._sputc) for _sputc
    printfb.o(i.__0vfprintf$bare) refers to printfb.o(i._printf_core) for _printf_core
    printfb.o(i.__0vfprintf$bare) refers to usart1.o(i.fputc) for fputc
    printfb.o(i.__0vprintf$bare) refers to printfb.o(i._printf_core) for _printf_core
    printfb.o(i.__0vprintf$bare) refers to usart1.o(i.fputc) for fputc
    printfb.o(i.__0vprintf$bare) refers to usart1.o(.data) for __stdout
    printfb.o(i.__0vsnprintf$bare) refers to printfb.o(i._printf_core) for _printf_core
    printfb.o(i.__0vsnprintf$bare) refers to printfb.o(i._snputc) for _snputc
    printfb.o(i.__0vsprintf$bare) refers to printfb.o(i._printf_core) for _printf_core
    printfb.o(i.__0vsprintf$bare) refers to printfb.o(i._sputc) for _sputc
    printf0.o(i.__0fprintf$0) refers to printf0.o(i._printf_core) for _printf_core
    printf0.o(i.__0fprintf$0) refers to usart1.o(i.fputc) for fputc
    printf0.o(i.__0printf$0) refers to printf0.o(i._printf_core) for _printf_core
    printf0.o(i.__0printf$0) refers to usart1.o(i.fputc) for fputc
    printf0.o(i.__0printf$0) refers to usart1.o(.data) for __stdout
    printf0.o(i.__0snprintf$0) refers to printf0.o(i._printf_core) for _printf_core
    printf0.o(i.__0snprintf$0) refers to printf0.o(i._snputc) for _snputc
    printf0.o(i.__0sprintf$0) refers to printf0.o(i._printf_core) for _printf_core
    printf0.o(i.__0sprintf$0) refers to printf0.o(i._sputc) for _sputc
    printf0.o(i.__0vfprintf$0) refers to printf0.o(i._printf_core) for _printf_core
    printf0.o(i.__0vfprintf$0) refers to usart1.o(i.fputc) for fputc
    printf0.o(i.__0vprintf$0) refers to printf0.o(i._printf_core) for _printf_core
    printf0.o(i.__0vprintf$0) refers to usart1.o(i.fputc) for fputc
    printf0.o(i.__0vprintf$0) refers to usart1.o(.data) for __stdout
    printf0.o(i.__0vsnprintf$0) refers to printf0.o(i._printf_core) for _printf_core
    printf0.o(i.__0vsnprintf$0) refers to printf0.o(i._snputc) for _snputc
    printf0.o(i.__0vsprintf$0) refers to printf0.o(i._printf_core) for _printf_core
    printf0.o(i.__0vsprintf$0) refers to printf0.o(i._sputc) for _sputc
    printf1.o(i.__0fprintf$1) refers to printf1.o(i._printf_core) for _printf_core
    printf1.o(i.__0fprintf$1) refers to usart1.o(i.fputc) for fputc
    printf1.o(i.__0printf$1) refers to printf1.o(i._printf_core) for _printf_core
    printf1.o(i.__0printf$1) refers to usart1.o(i.fputc) for fputc
    printf1.o(i.__0printf$1) refers to usart1.o(.data) for __stdout
    printf1.o(i.__0snprintf$1) refers to printf1.o(i._printf_core) for _printf_core
    printf1.o(i.__0snprintf$1) refers to printf1.o(i._snputc) for _snputc
    printf1.o(i.__0sprintf$1) refers to printf1.o(i._printf_core) for _printf_core
    printf1.o(i.__0sprintf$1) refers to printf1.o(i._sputc) for _sputc
    printf1.o(i.__0vfprintf$1) refers to printf1.o(i._printf_core) for _printf_core
    printf1.o(i.__0vfprintf$1) refers to usart1.o(i.fputc) for fputc
    printf1.o(i.__0vprintf$1) refers to printf1.o(i._printf_core) for _printf_core
    printf1.o(i.__0vprintf$1) refers to usart1.o(i.fputc) for fputc
    printf1.o(i.__0vprintf$1) refers to usart1.o(.data) for __stdout
    printf1.o(i.__0vsnprintf$1) refers to printf1.o(i._printf_core) for _printf_core
    printf1.o(i.__0vsnprintf$1) refers to printf1.o(i._snputc) for _snputc
    printf1.o(i.__0vsprintf$1) refers to printf1.o(i._printf_core) for _printf_core
    printf1.o(i.__0vsprintf$1) refers to printf1.o(i._sputc) for _sputc
    printf1.o(i._printf_core) refers to uidiv.o(.text) for __aeabi_uidivmod
    printf2.o(i.__0fprintf$2) refers to printf2.o(i._printf_core) for _printf_core
    printf2.o(i.__0fprintf$2) refers to usart1.o(i.fputc) for fputc
    printf2.o(i.__0printf$2) refers to printf2.o(i._printf_core) for _printf_core
    printf2.o(i.__0printf$2) refers to usart1.o(i.fputc) for fputc
    printf2.o(i.__0printf$2) refers to usart1.o(.data) for __stdout
    printf2.o(i.__0snprintf$2) refers to printf2.o(i._printf_core) for _printf_core
    printf2.o(i.__0snprintf$2) refers to printf2.o(i._snputc) for _snputc
    printf2.o(i.__0sprintf$2) refers to printf2.o(i._printf_core) for _printf_core
    printf2.o(i.__0sprintf$2) refers to printf2.o(i._sputc) for _sputc
    printf2.o(i.__0vfprintf$2) refers to printf2.o(i._printf_core) for _printf_core
    printf2.o(i.__0vfprintf$2) refers to usart1.o(i.fputc) for fputc
    printf2.o(i.__0vprintf$2) refers to printf2.o(i._printf_core) for _printf_core
    printf2.o(i.__0vprintf$2) refers to usart1.o(i.fputc) for fputc
    printf2.o(i.__0vprintf$2) refers to usart1.o(.data) for __stdout
    printf2.o(i.__0vsnprintf$2) refers to printf2.o(i._printf_core) for _printf_core
    printf2.o(i.__0vsnprintf$2) refers to printf2.o(i._snputc) for _snputc
    printf2.o(i.__0vsprintf$2) refers to printf2.o(i._printf_core) for _printf_core
    printf2.o(i.__0vsprintf$2) refers to printf2.o(i._sputc) for _sputc
    printf3.o(i.__0fprintf$3) refers to printf3.o(i._printf_core) for _printf_core
    printf3.o(i.__0fprintf$3) refers to usart1.o(i.fputc) for fputc
    printf3.o(i.__0printf$3) refers to printf3.o(i._printf_core) for _printf_core
    printf3.o(i.__0printf$3) refers to usart1.o(i.fputc) for fputc
    printf3.o(i.__0printf$3) refers to usart1.o(.data) for __stdout
    printf3.o(i.__0snprintf$3) refers to printf3.o(i._printf_core) for _printf_core
    printf3.o(i.__0snprintf$3) refers to printf3.o(i._snputc) for _snputc
    printf3.o(i.__0sprintf$3) refers to printf3.o(i._printf_core) for _printf_core
    printf3.o(i.__0sprintf$3) refers to printf3.o(i._sputc) for _sputc
    printf3.o(i.__0vfprintf$3) refers to printf3.o(i._printf_core) for _printf_core
    printf3.o(i.__0vfprintf$3) refers to usart1.o(i.fputc) for fputc
    printf3.o(i.__0vprintf$3) refers to printf3.o(i._printf_core) for _printf_core
    printf3.o(i.__0vprintf$3) refers to usart1.o(i.fputc) for fputc
    printf3.o(i.__0vprintf$3) refers to usart1.o(.data) for __stdout
    printf3.o(i.__0vsnprintf$3) refers to printf3.o(i._printf_core) for _printf_core
    printf3.o(i.__0vsnprintf$3) refers to printf3.o(i._snputc) for _snputc
    printf3.o(i.__0vsprintf$3) refers to printf3.o(i._printf_core) for _printf_core
    printf3.o(i.__0vsprintf$3) refers to printf3.o(i._sputc) for _sputc
    printf3.o(i._printf_core) refers to uidiv.o(.text) for __aeabi_uidivmod
    printf4.o(i.__0fprintf$4) refers to printf4.o(i._printf_core) for _printf_core
    printf4.o(i.__0fprintf$4) refers to usart1.o(i.fputc) for fputc
    printf4.o(i.__0printf$4) refers to printf4.o(i._printf_core) for _printf_core
    printf4.o(i.__0printf$4) refers to usart1.o(i.fputc) for fputc
    printf4.o(i.__0printf$4) refers to usart1.o(.data) for __stdout
    printf4.o(i.__0snprintf$4) refers to printf4.o(i._printf_core) for _printf_core
    printf4.o(i.__0snprintf$4) refers to printf4.o(i._snputc) for _snputc
    printf4.o(i.__0sprintf$4) refers to printf4.o(i._printf_core) for _printf_core
    printf4.o(i.__0sprintf$4) refers to printf4.o(i._sputc) for _sputc
    printf4.o(i.__0vfprintf$4) refers to printf4.o(i._printf_core) for _printf_core
    printf4.o(i.__0vfprintf$4) refers to usart1.o(i.fputc) for fputc
    printf4.o(i.__0vprintf$4) refers to printf4.o(i._printf_core) for _printf_core
    printf4.o(i.__0vprintf$4) refers to usart1.o(i.fputc) for fputc
    printf4.o(i.__0vprintf$4) refers to usart1.o(.data) for __stdout
    printf4.o(i.__0vsnprintf$4) refers to printf4.o(i._printf_core) for _printf_core
    printf4.o(i.__0vsnprintf$4) refers to printf4.o(i._snputc) for _snputc
    printf4.o(i.__0vsprintf$4) refers to printf4.o(i._printf_core) for _printf_core
    printf4.o(i.__0vsprintf$4) refers to printf4.o(i._sputc) for _sputc
    printf4.o(i._printf_core) refers to uldiv.o(.text) for __aeabi_uldivmod
    printf5.o(i.__0fprintf$5) refers to printf5.o(i._printf_core) for _printf_core
    printf5.o(i.__0fprintf$5) refers to usart1.o(i.fputc) for fputc
    printf5.o(i.__0printf$5) refers to printf5.o(i._printf_core) for _printf_core
    printf5.o(i.__0printf$5) refers to usart1.o(i.fputc) for fputc
    printf5.o(i.__0printf$5) refers to usart1.o(.data) for __stdout
    printf5.o(i.__0snprintf$5) refers to printf5.o(i._printf_core) for _printf_core
    printf5.o(i.__0snprintf$5) refers to printf5.o(i._snputc) for _snputc
    printf5.o(i.__0sprintf$5) refers to printf5.o(i._printf_core) for _printf_core
    printf5.o(i.__0sprintf$5) refers to printf5.o(i._sputc) for _sputc
    printf5.o(i.__0vfprintf$5) refers to printf5.o(i._printf_core) for _printf_core
    printf5.o(i.__0vfprintf$5) refers to usart1.o(i.fputc) for fputc
    printf5.o(i.__0vprintf$5) refers to printf5.o(i._printf_core) for _printf_core
    printf5.o(i.__0vprintf$5) refers to usart1.o(i.fputc) for fputc
    printf5.o(i.__0vprintf$5) refers to usart1.o(.data) for __stdout
    printf5.o(i.__0vsnprintf$5) refers to printf5.o(i._printf_core) for _printf_core
    printf5.o(i.__0vsnprintf$5) refers to printf5.o(i._snputc) for _snputc
    printf5.o(i.__0vsprintf$5) refers to printf5.o(i._printf_core) for _printf_core
    printf5.o(i.__0vsprintf$5) refers to printf5.o(i._sputc) for _sputc
    printf5.o(i._printf_core) refers to uldiv.o(.text) for __aeabi_uldivmod
    printf6.o(i.__0fprintf$6) refers to printf6.o(i._printf_core) for _printf_core
    printf6.o(i.__0fprintf$6) refers to usart1.o(i.fputc) for fputc
    printf6.o(i.__0printf$6) refers to printf6.o(i._printf_core) for _printf_core
    printf6.o(i.__0printf$6) refers to usart1.o(i.fputc) for fputc
    printf6.o(i.__0printf$6) refers to usart1.o(.data) for __stdout
    printf6.o(i.__0snprintf$6) refers to printf6.o(i._printf_core) for _printf_core
    printf6.o(i.__0snprintf$6) refers to printf6.o(i._snputc) for _snputc
    printf6.o(i.__0sprintf$6) refers to printf6.o(i._printf_core) for _printf_core
    printf6.o(i.__0sprintf$6) refers to printf6.o(i._sputc) for _sputc
    printf6.o(i.__0vfprintf$6) refers to printf6.o(i._printf_core) for _printf_core
    printf6.o(i.__0vfprintf$6) refers to usart1.o(i.fputc) for fputc
    printf6.o(i.__0vprintf$6) refers to printf6.o(i._printf_core) for _printf_core
    printf6.o(i.__0vprintf$6) refers to usart1.o(i.fputc) for fputc
    printf6.o(i.__0vprintf$6) refers to usart1.o(.data) for __stdout
    printf6.o(i.__0vsnprintf$6) refers to printf6.o(i._printf_core) for _printf_core
    printf6.o(i.__0vsnprintf$6) refers to printf6.o(i._snputc) for _snputc
    printf6.o(i.__0vsprintf$6) refers to printf6.o(i._printf_core) for _printf_core
    printf6.o(i.__0vsprintf$6) refers to printf6.o(i._sputc) for _sputc
    printf6.o(i._printf_core) refers to printf6.o(i._printf_pre_padding) for _printf_pre_padding
    printf6.o(i._printf_core) refers to uidiv.o(.text) for __aeabi_uidivmod
    printf6.o(i._printf_core) refers to printf6.o(i._printf_post_padding) for _printf_post_padding
    printf7.o(i.__0fprintf$7) refers to printf7.o(i._printf_core) for _printf_core
    printf7.o(i.__0fprintf$7) refers to usart1.o(i.fputc) for fputc
    printf7.o(i.__0printf$7) refers to printf7.o(i._printf_core) for _printf_core
    printf7.o(i.__0printf$7) refers to usart1.o(i.fputc) for fputc
    printf7.o(i.__0printf$7) refers to usart1.o(.data) for __stdout
    printf7.o(i.__0snprintf$7) refers to printf7.o(i._printf_core) for _printf_core
    printf7.o(i.__0snprintf$7) refers to printf7.o(i._snputc) for _snputc
    printf7.o(i.__0sprintf$7) refers to printf7.o(i._printf_core) for _printf_core
    printf7.o(i.__0sprintf$7) refers to printf7.o(i._sputc) for _sputc
    printf7.o(i.__0vfprintf$7) refers to printf7.o(i._printf_core) for _printf_core
    printf7.o(i.__0vfprintf$7) refers to usart1.o(i.fputc) for fputc
    printf7.o(i.__0vprintf$7) refers to printf7.o(i._printf_core) for _printf_core
    printf7.o(i.__0vprintf$7) refers to usart1.o(i.fputc) for fputc
    printf7.o(i.__0vprintf$7) refers to usart1.o(.data) for __stdout
    printf7.o(i.__0vsnprintf$7) refers to printf7.o(i._printf_core) for _printf_core
    printf7.o(i.__0vsnprintf$7) refers to printf7.o(i._snputc) for _snputc
    printf7.o(i.__0vsprintf$7) refers to printf7.o(i._printf_core) for _printf_core
    printf7.o(i.__0vsprintf$7) refers to printf7.o(i._sputc) for _sputc
    printf7.o(i._printf_core) refers to printf7.o(i._printf_pre_padding) for _printf_pre_padding
    printf7.o(i._printf_core) refers to uldiv.o(.text) for __aeabi_uldivmod
    printf7.o(i._printf_core) refers to printf7.o(i._printf_post_padding) for _printf_post_padding
    printf8.o(i.__0fprintf$8) refers to printf8.o(i._printf_core) for _printf_core
    printf8.o(i.__0fprintf$8) refers to usart1.o(i.fputc) for fputc
    printf8.o(i.__0printf$8) refers to printf8.o(i._printf_core) for _printf_core
    printf8.o(i.__0printf$8) refers to usart1.o(i.fputc) for fputc
    printf8.o(i.__0printf$8) refers to usart1.o(.data) for __stdout
    printf8.o(i.__0snprintf$8) refers to printf8.o(i._printf_core) for _printf_core
    printf8.o(i.__0snprintf$8) refers to printf8.o(i._snputc) for _snputc
    printf8.o(i.__0sprintf$8) refers to printf8.o(i._printf_core) for _printf_core
    printf8.o(i.__0sprintf$8) refers to printf8.o(i._sputc) for _sputc
    printf8.o(i.__0vfprintf$8) refers to printf8.o(i._printf_core) for _printf_core
    printf8.o(i.__0vfprintf$8) refers to usart1.o(i.fputc) for fputc
    printf8.o(i.__0vprintf$8) refers to printf8.o(i._printf_core) for _printf_core
    printf8.o(i.__0vprintf$8) refers to usart1.o(i.fputc) for fputc
    printf8.o(i.__0vprintf$8) refers to usart1.o(.data) for __stdout
    printf8.o(i.__0vsnprintf$8) refers to printf8.o(i._printf_core) for _printf_core
    printf8.o(i.__0vsnprintf$8) refers to printf8.o(i._snputc) for _snputc
    printf8.o(i.__0vsprintf$8) refers to printf8.o(i._printf_core) for _printf_core
    printf8.o(i.__0vsprintf$8) refers to printf8.o(i._sputc) for _sputc
    printf8.o(i._printf_core) refers to printf8.o(i._printf_pre_padding) for _printf_pre_padding
    printf8.o(i._printf_core) refers to uldiv.o(.text) for __aeabi_uldivmod
    printf8.o(i._printf_core) refers to printf8.o(i._printf_post_padding) for _printf_post_padding
    printfa.o(i.__0fprintf) refers (Special) to iusefp.o(.text) for __I$use$fp
    printfa.o(i.__0fprintf) refers to printfa.o(i._printf_core) for _printf_core
    printfa.o(i.__0fprintf) refers to usart1.o(i.fputc) for fputc
    printfa.o(i.__0printf) refers (Special) to iusefp.o(.text) for __I$use$fp
    printfa.o(i.__0printf) refers to printfa.o(i._printf_core) for _printf_core
    printfa.o(i.__0printf) refers to usart1.o(i.fputc) for fputc
    printfa.o(i.__0printf) refers to usart1.o(.data) for __stdout
    printfa.o(i.__0snprintf) refers (Special) to iusefp.o(.text) for __I$use$fp
    printfa.o(i.__0snprintf) refers to printfa.o(i._printf_core) for _printf_core
    printfa.o(i.__0snprintf) refers to printfa.o(i._snputc) for _snputc
    printfa.o(i.__0sprintf) refers (Special) to iusefp.o(.text) for __I$use$fp
    printfa.o(i.__0sprintf) refers to printfa.o(i._printf_core) for _printf_core
    printfa.o(i.__0sprintf) refers to printfa.o(i._sputc) for _sputc
    printfa.o(i.__0vfprintf) refers (Special) to iusefp.o(.text) for __I$use$fp
    printfa.o(i.__0vfprintf) refers to printfa.o(i._printf_core) for _printf_core
    printfa.o(i.__0vfprintf) refers to usart1.o(i.fputc) for fputc
    printfa.o(i.__0vprintf) refers (Special) to iusefp.o(.text) for __I$use$fp
    printfa.o(i.__0vprintf) refers to printfa.o(i._printf_core) for _printf_core
    printfa.o(i.__0vprintf) refers to usart1.o(i.fputc) for fputc
    printfa.o(i.__0vprintf) refers to usart1.o(.data) for __stdout
    printfa.o(i.__0vsnprintf) refers (Special) to iusefp.o(.text) for __I$use$fp
    printfa.o(i.__0vsnprintf) refers to printfa.o(i._printf_core) for _printf_core
    printfa.o(i.__0vsnprintf) refers to printfa.o(i._snputc) for _snputc
    printfa.o(i.__0vsprintf) refers (Special) to iusefp.o(.text) for __I$use$fp
    printfa.o(i.__0vsprintf) refers to printfa.o(i._printf_core) for _printf_core
    printfa.o(i.__0vsprintf) refers to printfa.o(i._sputc) for _sputc
    printfa.o(i._fp_digits) refers (Special) to iusefp.o(.text) for __I$use$fp
    printfa.o(i._fp_digits) refers to dmul.o(.text) for __aeabi_dmul
    printfa.o(i._fp_digits) refers to ddiv.o(.text) for __aeabi_ddiv
    printfa.o(i._fp_digits) refers to cdrcmple.o(.text) for __aeabi_cdrcmple
    printfa.o(i._fp_digits) refers to dadd.o(.text) for __aeabi_dadd
    printfa.o(i._fp_digits) refers to dfixul.o(.text) for __aeabi_d2ulz
    printfa.o(i._fp_digits) refers to uldiv.o(.text) for __aeabi_uldivmod
    printfa.o(i._printf_core) refers (Special) to iusefp.o(.text) for __I$use$fp
    printfa.o(i._printf_core) refers to printfa.o(i._printf_pre_padding) for _printf_pre_padding
    printfa.o(i._printf_core) refers to uldiv.o(.text) for __aeabi_uldivmod
    printfa.o(i._printf_core) refers to printfa.o(i._printf_post_padding) for _printf_post_padding
    printfa.o(i._printf_core) refers to printfa.o(i._fp_digits) for _fp_digits
    printfa.o(i._printf_core) refers to uidiv.o(.text) for __aeabi_uidivmod
    printfa.o(i._printf_post_padding) refers (Special) to iusefp.o(.text) for __I$use$fp
    printfa.o(i._printf_pre_padding) refers (Special) to iusefp.o(.text) for __I$use$fp
    printfa.o(i._snputc) refers (Special) to iusefp.o(.text) for __I$use$fp
    printfa.o(i._sputc) refers (Special) to iusefp.o(.text) for __I$use$fp
    dadd.o(.text) refers (Special) to iusefp.o(.text) for __I$use$fp
    dadd.o(.text) refers to llshl.o(.text) for __aeabi_llsl
    dadd.o(.text) refers to llsshr.o(.text) for __aeabi_lasr
    dadd.o(.text) refers to depilogue.o(.text) for _double_epilogue
    dmul.o(.text) refers (Special) to iusefp.o(.text) for __I$use$fp
    dmul.o(.text) refers to depilogue.o(.text) for _double_epilogue
    ddiv.o(.text) refers (Special) to iusefp.o(.text) for __I$use$fp
    ddiv.o(.text) refers to depilogue.o(.text) for _double_round
    dflti.o(.text) refers (Special) to iusefp.o(.text) for __I$use$fp
    dflti.o(.text) refers to depilogue.o(.text) for _double_epilogue
    dfltui.o(.text) refers (Special) to iusefp.o(.text) for __I$use$fp
    dfltui.o(.text) refers to depilogue.o(.text) for _double_epilogue
    dfixui.o(.text) refers (Special) to iusefp.o(.text) for __I$use$fp
    dfixui.o(.text) refers to llushr.o(.text) for __aeabi_llsr
    f2d.o(.text) refers (Special) to iusefp.o(.text) for __I$use$fp
    d2f.o(.text) refers (Special) to iusefp.o(.text) for __I$use$fp
    d2f.o(.text) refers to fepilogue.o(.text) for _float_round
    entry2.o(.ARM.Collect$$$$00000001) refers to entry2.o(.ARM.Collect$$$$00002712) for __lit__00000000
    entry2.o(.ARM.Collect$$$$00002712) refers to startup_stm32f40_41xxx.o(STACK) for __initial_sp
    entry2.o(__vectab_stack_and_reset_area) refers to startup_stm32f40_41xxx.o(STACK) for __initial_sp
    entry2.o(__vectab_stack_and_reset_area) refers to entry.o(.ARM.Collect$$$$00000000) for __main
    entry5.o(.ARM.Collect$$$$00000004) refers to init.o(.text) for __scatterload
    entry9a.o(.ARM.Collect$$$$0000000B) refers to main.o(i.main) for main
    entry9b.o(.ARM.Collect$$$$0000000C) refers to main.o(i.main) for main
    uldiv.o(.text) refers to llushr.o(.text) for __aeabi_llsr
    uldiv.o(.text) refers to llshl.o(.text) for __aeabi_llsl
    depilogue.o(.text) refers to llshl.o(.text) for __aeabi_llsl
    depilogue.o(.text) refers to llushr.o(.text) for __aeabi_llsr
    dfixul.o(.text) refers to llushr.o(.text) for __aeabi_llsr
    dfixul.o(.text) refers to llshl.o(.text) for __aeabi_llsl
    init.o(.text) refers to entry5.o(.ARM.Collect$$$$00000004) for __main_after_scatterload


==============================================================================

Removing Unused input sections from the image.

    Removing usart1.o(.rev16_text), (4 bytes).
    Removing usart1.o(.revsh_text), (4 bytes).
    Removing usart1.o(i.B2S), (30 bytes).
    Removing usart1.o(i.Byte_Receive), (48 bytes).
    Removing usart1.o(i.Byte_Send), (48 bytes).
    Removing usart1.o(i.Led_Switch), (108 bytes).
    Removing usart1.o(i.Str_Send), (26 bytes).
    Removing usart1.o(i._sys_exit), (4 bytes).
    Removing usart1.o(i._ttywrch), (24 bytes).
    Removing usart1.o(i.ferror), (8 bytes).
    Removing exti.o(.rev16_text), (4 bytes).
    Removing exti.o(.revsh_text), (4 bytes).
    Removing exti.o(i.EXTI_Configration), (352 bytes).
    Removing exti.o(i.NVIC_EnableIRQ), (22 bytes).
    Removing exti.o(i.NVIC_EncodePriority), (64 bytes).
    Removing exti.o(i.NVIC_SetPriority), (40 bytes).
    Removing exti.o(.data), (8 bytes).
    Removing delay.o(.rev16_text), (4 bytes).
    Removing delay.o(.revsh_text), (4 bytes).
    Removing delay.o(i.delay_ms), (74 bytes).
    Removing delay.o(i.delay_nms), (20 bytes).
    Removing delay.o(i.delay_us), (74 bytes).
    Removing delay.o(.data), (8 bytes).
    Removing timer.o(.rev16_text), (4 bytes).
    Removing timer.o(.revsh_text), (4 bytes).
    Removing timer.o(i.Time12_Configuration), (424 bytes).
    Removing timer.o(i.Time5_CH1_Capture_Configuration), (416 bytes).
    Removing adc.o(.rev16_text), (4 bytes).
    Removing adc.o(.revsh_text), (4 bytes).
    Removing adc.o(i.ADC1_Configuration), (420 bytes).
    Removing adc.o(i.ADC1_Temperature_Calculation), (156 bytes).
    Removing rtc.o(.rev16_text), (4 bytes).
    Removing rtc.o(.revsh_text), (4 bytes).
    Removing rtc.o(i.BCD_encode), (50 bytes).
    Removing rtc.o(i.NVIC_EnableIRQ), (22 bytes).
    Removing rtc.o(i.NVIC_EncodePriority), (64 bytes).
    Removing rtc.o(i.NVIC_SetPriority), (40 bytes).
    Removing rtc.o(i.NVIC_SetPriorityGrouping), (40 bytes).
    Removing rtc.o(i.RTC_ALARM_A_Init), (268 bytes).
    Removing rtc.o(i.RTC_Init), (144 bytes).
    Removing rtc.o(i.RTC_Setting), (272 bytes).
    Removing rtc.o(i.RTC_Setting_DT), (212 bytes).
    Removing rtc.o(i.RTC_WakeUp_Init), (224 bytes).
    Removing rtc.o(i.Read_DT), (144 bytes).
    Removing rtc.o(i.Show_Time), (112 bytes).
    Removing rtc.o(.constdata), (10 bytes).
    Removing rtc.o(.data), (23 bytes).
    Removing iic.o(.rev16_text), (4 bytes).
    Removing iic.o(.revsh_text), (4 bytes).
    Removing iic.o(i.IIC_IO_Init), (100 bytes).
    Removing iic.o(i.IIC_Read), (92 bytes).
    Removing iic.o(i.IIC_Start), (84 bytes).
    Removing iic.o(i.IIC_Stop), (84 bytes).
    Removing iic.o(i.IIC_Wait_Reply), (76 bytes).
    Removing iic.o(i.IIC_Write), (108 bytes).
    Removing iic.o(i.IIC_Write_Reply), (92 bytes).
    Removing spi.o(.rev16_text), (4 bytes).
    Removing spi.o(.revsh_text), (4 bytes).
    Removing spi.o(i.Spi_Io_Init), (120 bytes).
    Removing spi.o(i.Spi_RW), (96 bytes).
    Removing can.o(.rev16_text), (4 bytes).
    Removing can.o(.revsh_text), (4 bytes).
    Removing can.o(i.Can_Configuration), (140 bytes).
    Removing system_stm32f4xx.o(.rev16_text), (4 bytes).
    Removing system_stm32f4xx.o(.revsh_text), (4 bytes).
    Removing system_stm32f4xx.o(i.SystemCoreClockUpdate), (192 bytes).
    Removing system_stm32f4xx.o(.data), (20 bytes).
    Removing stm32f4xx_it.o(.rev16_text), (4 bytes).
    Removing stm32f4xx_it.o(.revsh_text), (4 bytes).
    Removing led.o(.rev16_text), (4 bytes).
    Removing led.o(.revsh_text), (4 bytes).
    Removing led.o(i.Led_Delay), (24 bytes).
    Removing led.o(i.Water_Light), (76 bytes).
    Removing led.o(i.Water_Light_Control), (48 bytes).
    Removing led.o(i.Water_Light_Keepon), (20 bytes).
    Removing led.o(i.Water_Light_Pause), (40 bytes).
    Removing led.o(.data), (8 bytes).
    Removing beep.o(.rev16_text), (4 bytes).
    Removing beep.o(.revsh_text), (4 bytes).
    Removing beep.o(i.Beep_Io_Init), (96 bytes).
    Removing beep.o(i.Beep_State_Control), (24 bytes).
    Removing key.o(.rev16_text), (4 bytes).
    Removing key.o(.revsh_text), (4 bytes).
    Removing key.o(i.Delay), (10 bytes).
    Removing key.o(i.Key_Io_Init), (84 bytes).
    Removing key.o(i.Key_Scan), (164 bytes).
    Removing key.o(.data), (1 bytes).
    Removing at24cxx.o(.rev16_text), (4 bytes).
    Removing at24cxx.o(.revsh_text), (4 bytes).
    Removing at24cxx.o(i.AT24C02_Clear), (36 bytes).
    Removing at24cxx.o(i.AT24_Read_Byte), (86 bytes).
    Removing at24cxx.o(i.AT24_Read_Continue), (118 bytes).
    Removing at24cxx.o(i.AT24_Write_Byte), (70 bytes).
    Removing at24cxx.o(i.AT24_Write_Continue), (146 bytes).
    Removing at24cxx.o(i.AT24_Write_Page), (82 bytes).
    Removing flash.o(.rev16_text), (4 bytes).
    Removing flash.o(.revsh_text), (4 bytes).
    Removing flash.o(i.Flash_CMD_Read_ID), (76 bytes).
    Removing flash.o(i.Flash_CMD_Write_Disable), (32 bytes).
    Removing flash.o(i.Flash_CMD_Write_Enable), (32 bytes).
    Removing flash.o(i.Flash_Copy_Date), (64 bytes).
    Removing flash.o(i.Flash_Copy_Sector), (64 bytes).
    Removing flash.o(i.Flash_Init), (12 bytes).
    Removing flash.o(i.Flash_Io_Init), (96 bytes).
    Removing flash.o(i.Flash_NSector_Erase), (28 bytes).
    Removing flash.o(i.Flash_RW_Byte), (12 bytes).
    Removing flash.o(i.Flash_Read_Data), (60 bytes).
    Removing flash.o(i.Flash_Read_Status_Reg1), (44 bytes).
    Removing flash.o(i.Flash_Read_Status_Reg2), (44 bytes).
    Removing flash.o(i.Flash_Sector_Erase), (52 bytes).
    Removing flash.o(i.Flash_Wait_Busy), (46 bytes).
    Removing flash.o(i.Flash_Write_Addr), (24 bytes).
    Removing flash.o(i.Flash_Write_Cross_Page), (116 bytes).
    Removing flash.o(i.Flash_Write_Cross_Sector), (60 bytes).
    Removing flash.o(i.Flash_Write_Single_Page), (92 bytes).
    Removing flash.o(i.Flash_Write_Single_Sector), (180 bytes).
    Removing flash.o(i.Flash_Write_Status_Reg), (60 bytes).
    Removing flash.o(.data), (8 bytes).
    Removing main.o(.rev16_text), (4 bytes).
    Removing main.o(.revsh_text), (4 bytes).
    Removing main.o(.data), (8 bytes).
    Removing startup_stm32f40_41xxx.o(HEAP), (8192 bytes).

122 unused section(s) (total 15874 bytes) removed from the image.

==============================================================================

Image Symbol Table

    Local Symbols

    Symbol Name                              Value     Ov Type        Size  Object(Section)

    ../clib/microlib/division.c              0x00000000   Number         0  uldiv.o ABSOLUTE
    ../clib/microlib/division.c              0x00000000   Number         0  uidiv.o ABSOLUTE
    ../clib/microlib/init/entry.s            0x00000000   Number         0  entry7a.o ABSOLUTE
    ../clib/microlib/init/entry.s            0x00000000   Number         0  entry11b.o ABSOLUTE
    ../clib/microlib/init/entry.s            0x00000000   Number         0  entry10a.o ABSOLUTE
    ../clib/microlib/init/entry.s            0x00000000   Number         0  entry9b.o ABSOLUTE
    ../clib/microlib/init/entry.s            0x00000000   Number         0  entry5.o ABSOLUTE
    ../clib/microlib/init/entry.s            0x00000000   Number         0  entry9a.o ABSOLUTE
    ../clib/microlib/init/entry.s            0x00000000   Number         0  entry2.o ABSOLUTE
    ../clib/microlib/init/entry.s            0x00000000   Number         0  entry8b.o ABSOLUTE
    ../clib/microlib/init/entry.s            0x00000000   Number         0  entry8a.o ABSOLUTE
    ../clib/microlib/init/entry.s            0x00000000   Number         0  entry11a.o ABSOLUTE
    ../clib/microlib/init/entry.s            0x00000000   Number         0  entry10b.o ABSOLUTE
    ../clib/microlib/init/entry.s            0x00000000   Number         0  entry.o ABSOLUTE
    ../clib/microlib/init/entry.s            0x00000000   Number         0  entry7b.o ABSOLUTE
    ../clib/microlib/longlong.c              0x00000000   Number         0  llushr.o ABSOLUTE
    ../clib/microlib/longlong.c              0x00000000   Number         0  llshl.o ABSOLUTE
    ../clib/microlib/longlong.c              0x00000000   Number         0  llsshr.o ABSOLUTE
    ../clib/microlib/printf/printf.c         0x00000000   Number         0  printf3.o ABSOLUTE
    ../clib/microlib/printf/printf.c         0x00000000   Number         0  printf4.o ABSOLUTE
    ../clib/microlib/printf/printf.c         0x00000000   Number         0  printf5.o ABSOLUTE
    ../clib/microlib/printf/printf.c         0x00000000   Number         0  printf6.o ABSOLUTE
    ../clib/microlib/printf/printf.c         0x00000000   Number         0  printf7.o ABSOLUTE
    ../clib/microlib/printf/printf.c         0x00000000   Number         0  printf8.o ABSOLUTE
    ../clib/microlib/printf/printf.c         0x00000000   Number         0  printfa.o ABSOLUTE
    ../clib/microlib/printf/printf.c         0x00000000   Number         0  printf2.o ABSOLUTE
    ../clib/microlib/printf/printf.c         0x00000000   Number         0  printfb.o ABSOLUTE
    ../clib/microlib/printf/printf.c         0x00000000   Number         0  printf0.o ABSOLUTE
    ../clib/microlib/printf/printf.c         0x00000000   Number         0  printf1.o ABSOLUTE
    ../clib/microlib/printf/stubs.s          0x00000000   Number         0  stubs.o ABSOLUTE
    ../clib/microlib/string/memset.c         0x00000000   Number         0  memseta.o ABSOLUTE
    ../clib/microlib/string/strcmp.c         0x00000000   Number         0  strcmp.o ABSOLUTE
    ../clib/microlib/stubs.s                 0x00000000   Number         0  iusefp.o ABSOLUTE
    ../clib/microlib/stubs.s                 0x00000000   Number         0  useno.o ABSOLUTE
    ../fplib/microlib/d2f.c                  0x00000000   Number         0  d2f.o ABSOLUTE
    ../fplib/microlib/f2d.c                  0x00000000   Number         0  f2d.o ABSOLUTE
    ../fplib/microlib/fpadd.c                0x00000000   Number         0  dadd.o ABSOLUTE
    ../fplib/microlib/fpdiv.c                0x00000000   Number         0  ddiv.o ABSOLUTE
    ../fplib/microlib/fpepilogue.c           0x00000000   Number         0  depilogue.o ABSOLUTE
    ../fplib/microlib/fpepilogue.c           0x00000000   Number         0  fepilogue.o ABSOLUTE
    ../fplib/microlib/fpfix.c                0x00000000   Number         0  dfixul.o ABSOLUTE
    ../fplib/microlib/fpfix.c                0x00000000   Number         0  dfixui.o ABSOLUTE
    ../fplib/microlib/fpflt.c                0x00000000   Number         0  dfltui.o ABSOLUTE
    ../fplib/microlib/fpflt.c                0x00000000   Number         0  dflti.o ABSOLUTE
    ../fplib/microlib/fpmul.c                0x00000000   Number         0  dmul.o ABSOLUTE
    ..\App\src\EXTI.c                        0x00000000   Number         0  exti.o ABSOLUTE
    ..\App\src\adc.c                         0x00000000   Number         0  adc.o ABSOLUTE
    ..\App\src\can.c                         0x00000000   Number         0  can.o ABSOLUTE
    ..\App\src\delay.c                       0x00000000   Number         0  delay.o ABSOLUTE
    ..\App\src\iic.c                         0x00000000   Number         0  iic.o ABSOLUTE
    ..\App\src\rtc.c                         0x00000000   Number         0  rtc.o ABSOLUTE
    ..\App\src\spi.c                         0x00000000   Number         0  spi.o ABSOLUTE
    ..\App\src\timer.c                       0x00000000   Number         0  timer.o ABSOLUTE
    ..\App\src\usart1.c                      0x00000000   Number         0  usart1.o ABSOLUTE
    ..\CMSIS\src\stm32f4xx_it.c              0x00000000   Number         0  stm32f4xx_it.o ABSOLUTE
    ..\CMSIS\src\system_stm32f4xx.c          0x00000000   Number         0  system_stm32f4xx.o ABSOLUTE
    ..\Driver\src\AT24Cxx.c                  0x00000000   Number         0  at24cxx.o ABSOLUTE
    ..\Driver\src\Beep.c                     0x00000000   Number         0  beep.o ABSOLUTE
    ..\Driver\src\flash.c                    0x00000000   Number         0  flash.o ABSOLUTE
    ..\Driver\src\key.c                      0x00000000   Number         0  key.o ABSOLUTE
    ..\Driver\src\led.c                      0x00000000   Number         0  led.o ABSOLUTE
    ..\Startup\startup_stm32f40_41xxx.s      0x00000000   Number         0  startup_stm32f40_41xxx.o ABSOLUTE
    ..\USER\src\main.c                       0x00000000   Number         0  main.o ABSOLUTE
    ..\\App\\src\\EXTI.c                     0x00000000   Number         0  exti.o ABSOLUTE
    ..\\App\\src\\adc.c                      0x00000000   Number         0  adc.o ABSOLUTE
    ..\\App\\src\\can.c                      0x00000000   Number         0  can.o ABSOLUTE
    ..\\App\\src\\delay.c                    0x00000000   Number         0  delay.o ABSOLUTE
    ..\\App\\src\\iic.c                      0x00000000   Number         0  iic.o ABSOLUTE
    ..\\App\\src\\rtc.c                      0x00000000   Number         0  rtc.o ABSOLUTE
    ..\\App\\src\\spi.c                      0x00000000   Number         0  spi.o ABSOLUTE
    ..\\App\\src\\timer.c                    0x00000000   Number         0  timer.o ABSOLUTE
    ..\\App\\src\\usart1.c                   0x00000000   Number         0  usart1.o ABSOLUTE
    ..\\CMSIS\\src\\stm32f4xx_it.c           0x00000000   Number         0  stm32f4xx_it.o ABSOLUTE
    ..\\CMSIS\\src\\system_stm32f4xx.c       0x00000000   Number         0  system_stm32f4xx.o ABSOLUTE
    ..\\Driver\\src\\AT24Cxx.c               0x00000000   Number         0  at24cxx.o ABSOLUTE
    ..\\Driver\\src\\Beep.c                  0x00000000   Number         0  beep.o ABSOLUTE
    ..\\Driver\\src\\flash.c                 0x00000000   Number         0  flash.o ABSOLUTE
    ..\\Driver\\src\\key.c                   0x00000000   Number         0  key.o ABSOLUTE
    ..\\Driver\\src\\led.c                   0x00000000   Number         0  led.o ABSOLUTE
    ..\\USER\\src\\main.c                    0x00000000   Number         0  main.o ABSOLUTE
    cdrcmple.s                               0x00000000   Number         0  cdrcmple.o ABSOLUTE
    dc.s                                     0x00000000   Number         0  dc.o ABSOLUTE
    handlers.s                               0x00000000   Number         0  handlers.o ABSOLUTE
    init.s                                   0x00000000   Number         0  init.o ABSOLUTE
    RESET                                    0x08000000   Section      392  startup_stm32f40_41xxx.o(RESET)
    .ARM.Collect$$$$00000000                 0x08000188   Section        0  entry.o(.ARM.Collect$$$$00000000)
    .ARM.Collect$$$$00000001                 0x08000188   Section        4  entry2.o(.ARM.Collect$$$$00000001)
    .ARM.Collect$$$$00000004                 0x0800018c   Section        4  entry5.o(.ARM.Collect$$$$00000004)
    .ARM.Collect$$$$00000008                 0x08000190   Section        0  entry7b.o(.ARM.Collect$$$$00000008)
    .ARM.Collect$$$$0000000A                 0x08000190   Section        0  entry8b.o(.ARM.Collect$$$$0000000A)
    .ARM.Collect$$$$0000000B                 0x08000190   Section        8  entry9a.o(.ARM.Collect$$$$0000000B)
    .ARM.Collect$$$$0000000D                 0x08000198   Section        0  entry10a.o(.ARM.Collect$$$$0000000D)
    .ARM.Collect$$$$0000000F                 0x08000198   Section        0  entry11a.o(.ARM.Collect$$$$0000000F)
    .ARM.Collect$$$$00002712                 0x08000198   Section        4  entry2.o(.ARM.Collect$$$$00002712)
    __lit__00000000                          0x08000198   Data           4  entry2.o(.ARM.Collect$$$$00002712)
    .text                                    0x0800019c   Section       36  startup_stm32f40_41xxx.o(.text)
    $v0                                      0x0800019c   Number         0  startup_stm32f40_41xxx.o(.text)
    .text                                    0x080001c0   Section        0  dadd.o(.text)
    .text                                    0x0800030e   Section        0  dmul.o(.text)
    .text                                    0x080003f2   Section        0  ddiv.o(.text)
    .text                                    0x080004d0   Section        0  dflti.o(.text)
    .text                                    0x080004f2   Section        0  dfltui.o(.text)
    .text                                    0x0800050c   Section        0  dfixui.o(.text)
    .text                                    0x0800053e   Section        0  f2d.o(.text)
    .text                                    0x08000564   Section        0  d2f.o(.text)
    .text                                    0x0800059c   Section        0  uidiv.o(.text)
    .text                                    0x080005c8   Section        0  uldiv.o(.text)
    .text                                    0x0800062a   Section        0  llshl.o(.text)
    .text                                    0x08000648   Section        0  llushr.o(.text)
    .text                                    0x08000668   Section        0  llsshr.o(.text)
    .text                                    0x0800068c   Section        0  iusefp.o(.text)
    .text                                    0x0800068c   Section        0  fepilogue.o(.text)
    .text                                    0x080006fa   Section        0  depilogue.o(.text)
    .text                                    0x080007b4   Section        0  dfixul.o(.text)
    .text                                    0x080007e4   Section       48  cdrcmple.o(.text)
    .text                                    0x08000814   Section       36  init.o(.text)
    i.ADC_IRQHandler                         0x08000838   Section        0  adc.o(i.ADC_IRQHandler)
    i.BusFault_Handler                       0x0800089c   Section        0  stm32f4xx_it.o(i.BusFault_Handler)
    i.DebugMon_Handler                       0x080008a0   Section        0  stm32f4xx_it.o(i.DebugMon_Handler)
    i.EXTI0_IRQHandler                       0x080008a4   Section        0  exti.o(i.EXTI0_IRQHandler)
    i.EXTI2_IRQHandler                       0x080008d4   Section        0  exti.o(i.EXTI2_IRQHandler)
    i.EXTI3_IRQHandler                       0x08000904   Section        0  exti.o(i.EXTI3_IRQHandler)
    i.EXTI4_IRQHandler                       0x08000934   Section        0  exti.o(i.EXTI4_IRQHandler)
    i.HardFault_Handler                      0x08000964   Section        0  stm32f4xx_it.o(i.HardFault_Handler)
    i.Led_Io_Init                            0x08000968   Section        0  led.o(i.Led_Io_Init)
    i.Led_State_Control                      0x08000a04   Section        0  led.o(i.Led_State_Control)
    i.MemManage_Handler                      0x08000ad0   Section        0  stm32f4xx_it.o(i.MemManage_Handler)
    i.NMI_Handler                            0x08000ad4   Section        0  stm32f4xx_it.o(i.NMI_Handler)
    i.NVIC_EnableIRQ                         0x08000ad6   Section        0  timer.o(i.NVIC_EnableIRQ)
    NVIC_EnableIRQ                           0x08000ad7   Thumb Code    22  timer.o(i.NVIC_EnableIRQ)
    i.NVIC_EncodePriority                    0x08000aec   Section        0  timer.o(i.NVIC_EncodePriority)
    NVIC_EncodePriority                      0x08000aed   Thumb Code    64  timer.o(i.NVIC_EncodePriority)
    i.NVIC_SetPriority                       0x08000b2c   Section        0  timer.o(i.NVIC_SetPriority)
    NVIC_SetPriority                         0x08000b2d   Thumb Code    32  timer.o(i.NVIC_SetPriority)
    i.NVIC_SetPriorityGrouping               0x08000b54   Section        0  timer.o(i.NVIC_SetPriorityGrouping)
    NVIC_SetPriorityGrouping                 0x08000b55   Thumb Code    30  timer.o(i.NVIC_SetPriorityGrouping)
    i.PendSV_Handler                         0x08000b7c   Section        0  stm32f4xx_it.o(i.PendSV_Handler)
    i.RTC_Alarm_IRQHandler                   0x08000b80   Section        0  rtc.o(i.RTC_Alarm_IRQHandler)
    i.RTC_WKUP_IRQHandler                    0x08000bcc   Section        0  rtc.o(i.RTC_WKUP_IRQHandler)
    i.SVC_Handler                            0x08000c14   Section        0  stm32f4xx_it.o(i.SVC_Handler)
    i.SetSysClock                            0x08000c18   Section        0  system_stm32f4xx.o(i.SetSysClock)
    SetSysClock                              0x08000c19   Thumb Code   220  system_stm32f4xx.o(i.SetSysClock)
    i.SysTick_Init                           0x08000d04   Section        0  delay.o(i.SysTick_Init)
    i.SystemInit                             0x08000d20   Section        0  system_stm32f4xx.o(i.SystemInit)
    i.TIM5_IRQHandler                        0x08000d88   Section        0  timer.o(i.TIM5_IRQHandler)
    i.TIM6_DAC_IRQHandler                    0x08000e54   Section        0  timer.o(i.TIM6_DAC_IRQHandler)
    i.TIM8_BRK_TIM12_IRQHandler              0x08000e94   Section        0  timer.o(i.TIM8_BRK_TIM12_IRQHandler)
    i.Time6_Configuration                    0x08000f14   Section        0  timer.o(i.Time6_Configuration)
    i.USART1_IRQHandler                      0x08000fe8   Section        0  usart1.o(i.USART1_IRQHandler)
    i.UsageFault_Handler                     0x0800102c   Section        0  stm32f4xx_it.o(i.UsageFault_Handler)
    i.Usart1_Init                            0x08001030   Section        0  usart1.o(i.Usart1_Init)
    i.__0printf                              0x080012a0   Section        0  printfa.o(i.__0printf)
    i.__scatterload_copy                     0x080012c0   Section       14  handlers.o(i.__scatterload_copy)
    i.__scatterload_null                     0x080012ce   Section        2  handlers.o(i.__scatterload_null)
    i.__scatterload_zeroinit                 0x080012d0   Section       14  handlers.o(i.__scatterload_zeroinit)
    i._fp_digits                             0x080012e0   Section        0  printfa.o(i._fp_digits)
    _fp_digits                               0x080012e1   Thumb Code   334  printfa.o(i._fp_digits)
    i._printf_core                           0x08001444   Section        0  printfa.o(i._printf_core)
    _printf_core                             0x08001445   Thumb Code  1744  printfa.o(i._printf_core)
    i._printf_post_padding                   0x08001b20   Section        0  printfa.o(i._printf_post_padding)
    _printf_post_padding                     0x08001b21   Thumb Code    36  printfa.o(i._printf_post_padding)
    i._printf_pre_padding                    0x08001b44   Section        0  printfa.o(i._printf_pre_padding)
    _printf_pre_padding                      0x08001b45   Thumb Code    46  printfa.o(i._printf_pre_padding)
    i.fputc                                  0x08001b74   Section        0  usart1.o(i.fputc)
    i.main                                   0x08001b8c   Section        0  main.o(i.main)
    .data                                    0x20000000   Section       16  usart1.o(.data)
    Led_Speed                                0x20000000   Data           4  usart1.o(.data)
    Led_Speed_Recording                      0x20000004   Data           4  usart1.o(.data)
    .data                                    0x20000010   Section       24  timer.o(.data)
    Led_Speed                                0x20000010   Data           4  timer.o(.data)
    Led_Speed_Recording                      0x20000014   Data           4  timer.o(.data)
    .data                                    0x20000028   Section       14  adc.o(.data)
    Led_Speed                                0x20000028   Data           4  adc.o(.data)
    Led_Speed_Recording                      0x2000002c   Data           4  adc.o(.data)
    .bss                                     0x20000038   Section      512  usart1.o(.bss)
    STACK                                    0x20000238   Section     4096  startup_stm32f40_41xxx.o(STACK)

    Global Symbols

    Symbol Name                              Value     Ov Type        Size  Object(Section)

    BuildAttributes$$THM_ISAv4$E$P$D$K$B$S$7EM$VFPi3$EXTD16$VFPS$VFMA$PE$A:L22UL41UL21$X:L11$S22US41US21$IEEE1$IW$USESV6$~STKCKD$USESV7$~SHL$OTIME$ROPI$EBA8$MICROLIB$REQ8$PRES8$EABIv2 0x00000000   Number         0  anon$$obj.o ABSOLUTE
    __ARM_use_no_argv                        0x00000000   Number         0  main.o ABSOLUTE
    __use_no_errno                           0x00000000   Number         0  useno.o ABSOLUTE
    __use_no_exception_handling              0x00000000   Number         0  useno.o ABSOLUTE
    __use_no_fp                              0x00000000   Number         0  useno.o ABSOLUTE
    __use_no_heap                            0x00000000   Number         0  useno.o ABSOLUTE
    __use_no_heap_region                     0x00000000   Number         0  useno.o ABSOLUTE
    __use_no_semihosting                     0x00000000   Number         0  useno.o ABSOLUTE
    __use_no_semihosting_swi                 0x00000000   Number         0  useno.o ABSOLUTE
    __use_no_signal_handling                 0x00000000   Number         0  useno.o ABSOLUTE
    _printf_a                                0x00000000   Number         0  stubs.o ABSOLUTE
    _printf_c                                0x00000000   Number         0  stubs.o ABSOLUTE
    _printf_charcount                        0x00000000   Number         0  stubs.o ABSOLUTE
    _printf_d                                0x00000000   Number         0  stubs.o ABSOLUTE
    _printf_e                                0x00000000   Number         0  stubs.o ABSOLUTE
    _printf_f                                0x00000000   Number         0  stubs.o ABSOLUTE
    _printf_flags                            0x00000000   Number         0  stubs.o ABSOLUTE
    _printf_fp_dec                           0x00000000   Number         0  stubs.o ABSOLUTE
    _printf_fp_hex                           0x00000000   Number         0  stubs.o ABSOLUTE
    _printf_g                                0x00000000   Number         0  stubs.o ABSOLUTE
    _printf_i                                0x00000000   Number         0  stubs.o ABSOLUTE
    _printf_int_dec                          0x00000000   Number         0  stubs.o ABSOLUTE
    _printf_l                                0x00000000   Number         0  stubs.o ABSOLUTE
    _printf_lc                               0x00000000   Number         0  stubs.o ABSOLUTE
    _printf_ll                               0x00000000   Number         0  stubs.o ABSOLUTE
    _printf_lld                              0x00000000   Number         0  stubs.o ABSOLUTE
    _printf_lli                              0x00000000   Number         0  stubs.o ABSOLUTE
    _printf_llo                              0x00000000   Number         0  stubs.o ABSOLUTE
    _printf_llu                              0x00000000   Number         0  stubs.o ABSOLUTE
    _printf_llx                              0x00000000   Number         0  stubs.o ABSOLUTE
    _printf_longlong_dec                     0x00000000   Number         0  stubs.o ABSOLUTE
    _printf_longlong_hex                     0x00000000   Number         0  stubs.o ABSOLUTE
    _printf_longlong_oct                     0x00000000   Number         0  stubs.o ABSOLUTE
    _printf_ls                               0x00000000   Number         0  stubs.o ABSOLUTE
    _printf_mbtowc                           0x00000000   Number         0  stubs.o ABSOLUTE
    _printf_n                                0x00000000   Number         0  stubs.o ABSOLUTE
    _printf_o                                0x00000000   Number         0  stubs.o ABSOLUTE
    _printf_p                                0x00000000   Number         0  stubs.o ABSOLUTE
    _printf_percent                          0x00000000   Number         0  stubs.o ABSOLUTE
    _printf_pre_padding                      0x00000000   Number         0  stubs.o ABSOLUTE
    _printf_return_value                     0x00000000   Number         0  stubs.o ABSOLUTE
    _printf_s                                0x00000000   Number         0  stubs.o ABSOLUTE
    _printf_sizespec                         0x00000000   Number         0  stubs.o ABSOLUTE
    _printf_str                              0x00000000   Number         0  stubs.o ABSOLUTE
    _printf_truncate_signed                  0x00000000   Number         0  stubs.o ABSOLUTE
    _printf_truncate_unsigned                0x00000000   Number         0  stubs.o ABSOLUTE
    _printf_u                                0x00000000   Number         0  stubs.o ABSOLUTE
    _printf_wc                               0x00000000   Number         0  stubs.o ABSOLUTE
    _printf_wctomb                           0x00000000   Number         0  stubs.o ABSOLUTE
    _printf_widthprec                        0x00000000   Number         0  stubs.o ABSOLUTE
    _printf_x                                0x00000000   Number         0  stubs.o ABSOLUTE
    __cpp_initialize__aeabi_                  - Undefined Weak Reference
    __cxa_finalize                            - Undefined Weak Reference
    __decompress                              - Undefined Weak Reference
    _clock_init                               - Undefined Weak Reference
    _microlib_exit                            - Undefined Weak Reference
    __Vectors_Size                           0x00000188   Number         0  startup_stm32f40_41xxx.o ABSOLUTE
    __Vectors                                0x08000000   Data           4  startup_stm32f40_41xxx.o(RESET)
    __Vectors_End                            0x08000188   Data           0  startup_stm32f40_41xxx.o(RESET)
    __main                                   0x08000189   Thumb Code     0  entry.o(.ARM.Collect$$$$00000000)
    _main_stk                                0x08000189   Thumb Code     0  entry2.o(.ARM.Collect$$$$00000001)
    _main_scatterload                        0x0800018d   Thumb Code     0  entry5.o(.ARM.Collect$$$$00000004)
    __main_after_scatterload                 0x08000191   Thumb Code     0  entry5.o(.ARM.Collect$$$$00000004)
    _main_clock                              0x08000191   Thumb Code     0  entry7b.o(.ARM.Collect$$$$00000008)
    _main_cpp_init                           0x08000191   Thumb Code     0  entry8b.o(.ARM.Collect$$$$0000000A)
    _main_init                               0x08000191   Thumb Code     0  entry9a.o(.ARM.Collect$$$$0000000B)
    __rt_final_cpp                           0x08000199   Thumb Code     0  entry10a.o(.ARM.Collect$$$$0000000D)
    __rt_final_exit                          0x08000199   Thumb Code     0  entry11a.o(.ARM.Collect$$$$0000000F)
    Reset_Handler                            0x0800019d   Thumb Code     8  startup_stm32f40_41xxx.o(.text)
    SysTick_Handler                          0x080001b5   Thumb Code     2  startup_stm32f40_41xxx.o(.text)
    CAN1_RX0_IRQHandler                      0x080001b7   Thumb Code     0  startup_stm32f40_41xxx.o(.text)
    CAN1_RX1_IRQHandler                      0x080001b7   Thumb Code     0  startup_stm32f40_41xxx.o(.text)
    CAN1_SCE_IRQHandler                      0x080001b7   Thumb Code     0  startup_stm32f40_41xxx.o(.text)
    CAN1_TX_IRQHandler                       0x080001b7   Thumb Code     0  startup_stm32f40_41xxx.o(.text)
    CAN2_RX0_IRQHandler                      0x080001b7   Thumb Code     0  startup_stm32f40_41xxx.o(.text)
    CAN2_RX1_IRQHandler                      0x080001b7   Thumb Code     0  startup_stm32f40_41xxx.o(.text)
    CAN2_SCE_IRQHandler                      0x080001b7   Thumb Code     0  startup_stm32f40_41xxx.o(.text)
    CAN2_TX_IRQHandler                       0x080001b7   Thumb Code     0  startup_stm32f40_41xxx.o(.text)
    CRYP_IRQHandler                          0x080001b7   Thumb Code     0  startup_stm32f40_41xxx.o(.text)
    DCMI_IRQHandler                          0x080001b7   Thumb Code     0  startup_stm32f40_41xxx.o(.text)
    DMA1_Stream0_IRQHandler                  0x080001b7   Thumb Code     0  startup_stm32f40_41xxx.o(.text)
    DMA1_Stream1_IRQHandler                  0x080001b7   Thumb Code     0  startup_stm32f40_41xxx.o(.text)
    DMA1_Stream2_IRQHandler                  0x080001b7   Thumb Code     0  startup_stm32f40_41xxx.o(.text)
    DMA1_Stream3_IRQHandler                  0x080001b7   Thumb Code     0  startup_stm32f40_41xxx.o(.text)
    DMA1_Stream4_IRQHandler                  0x080001b7   Thumb Code     0  startup_stm32f40_41xxx.o(.text)
    DMA1_Stream5_IRQHandler                  0x080001b7   Thumb Code     0  startup_stm32f40_41xxx.o(.text)
    DMA1_Stream6_IRQHandler                  0x080001b7   Thumb Code     0  startup_stm32f40_41xxx.o(.text)
    DMA1_Stream7_IRQHandler                  0x080001b7   Thumb Code     0  startup_stm32f40_41xxx.o(.text)
    DMA2_Stream0_IRQHandler                  0x080001b7   Thumb Code     0  startup_stm32f40_41xxx.o(.text)
    DMA2_Stream1_IRQHandler                  0x080001b7   Thumb Code     0  startup_stm32f40_41xxx.o(.text)
    DMA2_Stream2_IRQHandler                  0x080001b7   Thumb Code     0  startup_stm32f40_41xxx.o(.text)
    DMA2_Stream3_IRQHandler                  0x080001b7   Thumb Code     0  startup_stm32f40_41xxx.o(.text)
    DMA2_Stream4_IRQHandler                  0x080001b7   Thumb Code     0  startup_stm32f40_41xxx.o(.text)
    DMA2_Stream5_IRQHandler                  0x080001b7   Thumb Code     0  startup_stm32f40_41xxx.o(.text)
    DMA2_Stream6_IRQHandler                  0x080001b7   Thumb Code     0  startup_stm32f40_41xxx.o(.text)
    DMA2_Stream7_IRQHandler                  0x080001b7   Thumb Code     0  startup_stm32f40_41xxx.o(.text)
    ETH_IRQHandler                           0x080001b7   Thumb Code     0  startup_stm32f40_41xxx.o(.text)
    ETH_WKUP_IRQHandler                      0x080001b7   Thumb Code     0  startup_stm32f40_41xxx.o(.text)
    EXTI15_10_IRQHandler                     0x080001b7   Thumb Code     0  startup_stm32f40_41xxx.o(.text)
    EXTI1_IRQHandler                         0x080001b7   Thumb Code     0  startup_stm32f40_41xxx.o(.text)
    EXTI9_5_IRQHandler                       0x080001b7   Thumb Code     0  startup_stm32f40_41xxx.o(.text)
    FLASH_IRQHandler                         0x080001b7   Thumb Code     0  startup_stm32f40_41xxx.o(.text)
    FPU_IRQHandler                           0x080001b7   Thumb Code     0  startup_stm32f40_41xxx.o(.text)
    FSMC_IRQHandler                          0x080001b7   Thumb Code     0  startup_stm32f40_41xxx.o(.text)
    HASH_RNG_IRQHandler                      0x080001b7   Thumb Code     0  startup_stm32f40_41xxx.o(.text)
    I2C1_ER_IRQHandler                       0x080001b7   Thumb Code     0  startup_stm32f40_41xxx.o(.text)
    I2C1_EV_IRQHandler                       0x080001b7   Thumb Code     0  startup_stm32f40_41xxx.o(.text)
    I2C2_ER_IRQHandler                       0x080001b7   Thumb Code     0  startup_stm32f40_41xxx.o(.text)
    I2C2_EV_IRQHandler                       0x080001b7   Thumb Code     0  startup_stm32f40_41xxx.o(.text)
    I2C3_ER_IRQHandler                       0x080001b7   Thumb Code     0  startup_stm32f40_41xxx.o(.text)
    I2C3_EV_IRQHandler                       0x080001b7   Thumb Code     0  startup_stm32f40_41xxx.o(.text)
    OTG_FS_IRQHandler                        0x080001b7   Thumb Code     0  startup_stm32f40_41xxx.o(.text)
    OTG_FS_WKUP_IRQHandler                   0x080001b7   Thumb Code     0  startup_stm32f40_41xxx.o(.text)
    OTG_HS_EP1_IN_IRQHandler                 0x080001b7   Thumb Code     0  startup_stm32f40_41xxx.o(.text)
    OTG_HS_EP1_OUT_IRQHandler                0x080001b7   Thumb Code     0  startup_stm32f40_41xxx.o(.text)
    OTG_HS_IRQHandler                        0x080001b7   Thumb Code     0  startup_stm32f40_41xxx.o(.text)
    OTG_HS_WKUP_IRQHandler                   0x080001b7   Thumb Code     0  startup_stm32f40_41xxx.o(.text)
    PVD_IRQHandler                           0x080001b7   Thumb Code     0  startup_stm32f40_41xxx.o(.text)
    RCC_IRQHandler                           0x080001b7   Thumb Code     0  startup_stm32f40_41xxx.o(.text)
    SDIO_IRQHandler                          0x080001b7   Thumb Code     0  startup_stm32f40_41xxx.o(.text)
    SPI1_IRQHandler                          0x080001b7   Thumb Code     0  startup_stm32f40_41xxx.o(.text)
    SPI2_IRQHandler                          0x080001b7   Thumb Code     0  startup_stm32f40_41xxx.o(.text)
    SPI3_IRQHandler                          0x080001b7   Thumb Code     0  startup_stm32f40_41xxx.o(.text)
    TAMP_STAMP_IRQHandler                    0x080001b7   Thumb Code     0  startup_stm32f40_41xxx.o(.text)
    TIM1_BRK_TIM9_IRQHandler                 0x080001b7   Thumb Code     0  startup_stm32f40_41xxx.o(.text)
    TIM1_CC_IRQHandler                       0x080001b7   Thumb Code     0  startup_stm32f40_41xxx.o(.text)
    TIM1_TRG_COM_TIM11_IRQHandler            0x080001b7   Thumb Code     0  startup_stm32f40_41xxx.o(.text)
    TIM1_UP_TIM10_IRQHandler                 0x080001b7   Thumb Code     0  startup_stm32f40_41xxx.o(.text)
    TIM2_IRQHandler                          0x080001b7   Thumb Code     0  startup_stm32f40_41xxx.o(.text)
    TIM3_IRQHandler                          0x080001b7   Thumb Code     0  startup_stm32f40_41xxx.o(.text)
    TIM4_IRQHandler                          0x080001b7   Thumb Code     0  startup_stm32f40_41xxx.o(.text)
    TIM7_IRQHandler                          0x080001b7   Thumb Code     0  startup_stm32f40_41xxx.o(.text)
    TIM8_CC_IRQHandler                       0x080001b7   Thumb Code     0  startup_stm32f40_41xxx.o(.text)
    TIM8_TRG_COM_TIM14_IRQHandler            0x080001b7   Thumb Code     0  startup_stm32f40_41xxx.o(.text)
    TIM8_UP_TIM13_IRQHandler                 0x080001b7   Thumb Code     0  startup_stm32f40_41xxx.o(.text)
    UART4_IRQHandler                         0x080001b7   Thumb Code     0  startup_stm32f40_41xxx.o(.text)
    UART5_IRQHandler                         0x080001b7   Thumb Code     0  startup_stm32f40_41xxx.o(.text)
    USART2_IRQHandler                        0x080001b7   Thumb Code     0  startup_stm32f40_41xxx.o(.text)
    USART3_IRQHandler                        0x080001b7   Thumb Code     0  startup_stm32f40_41xxx.o(.text)
    USART6_IRQHandler                        0x080001b7   Thumb Code     0  startup_stm32f40_41xxx.o(.text)
    WWDG_IRQHandler                          0x080001b7   Thumb Code     0  startup_stm32f40_41xxx.o(.text)
    __aeabi_dadd                             0x080001c1   Thumb Code   322  dadd.o(.text)
    __aeabi_dsub                             0x08000303   Thumb Code     6  dadd.o(.text)
    __aeabi_drsub                            0x08000309   Thumb Code     6  dadd.o(.text)
    __aeabi_dmul                             0x0800030f   Thumb Code   228  dmul.o(.text)
    __aeabi_ddiv                             0x080003f3   Thumb Code   222  ddiv.o(.text)
    __aeabi_i2d                              0x080004d1   Thumb Code    34  dflti.o(.text)
    __aeabi_ui2d                             0x080004f3   Thumb Code    26  dfltui.o(.text)
    __aeabi_d2uiz                            0x0800050d   Thumb Code    50  dfixui.o(.text)
    __aeabi_f2d                              0x0800053f   Thumb Code    38  f2d.o(.text)
    __aeabi_d2f                              0x08000565   Thumb Code    56  d2f.o(.text)
    __aeabi_uidiv                            0x0800059d   Thumb Code     0  uidiv.o(.text)
    __aeabi_uidivmod                         0x0800059d   Thumb Code    44  uidiv.o(.text)
    __aeabi_uldivmod                         0x080005c9   Thumb Code    98  uldiv.o(.text)
    __aeabi_llsl                             0x0800062b   Thumb Code    30  llshl.o(.text)
    _ll_shift_l                              0x0800062b   Thumb Code     0  llshl.o(.text)
    __aeabi_llsr                             0x08000649   Thumb Code    32  llushr.o(.text)
    _ll_ushift_r                             0x08000649   Thumb Code     0  llushr.o(.text)
    __aeabi_lasr                             0x08000669   Thumb Code    36  llsshr.o(.text)
    _ll_sshift_r                             0x08000669   Thumb Code     0  llsshr.o(.text)
    __I$use$fp                               0x0800068d   Thumb Code     0  iusefp.o(.text)
    _float_round                             0x0800068d   Thumb Code    18  fepilogue.o(.text)
    _float_epilogue                          0x0800069f   Thumb Code    92  fepilogue.o(.text)
    _double_round                            0x080006fb   Thumb Code    30  depilogue.o(.text)
    _double_epilogue                         0x08000719   Thumb Code   156  depilogue.o(.text)
    __aeabi_d2ulz                            0x080007b5   Thumb Code    48  dfixul.o(.text)
    __aeabi_cdrcmple                         0x080007e5   Thumb Code    48  cdrcmple.o(.text)
    __scatterload                            0x08000815   Thumb Code    28  init.o(.text)
    __scatterload_rt2                        0x08000815   Thumb Code     0  init.o(.text)
    ADC_IRQHandler                           0x08000839   Thumb Code    78  adc.o(i.ADC_IRQHandler)
    BusFault_Handler                         0x0800089d   Thumb Code     4  stm32f4xx_it.o(i.BusFault_Handler)
    DebugMon_Handler                         0x080008a1   Thumb Code     2  stm32f4xx_it.o(i.DebugMon_Handler)
    EXTI0_IRQHandler                         0x080008a5   Thumb Code    40  exti.o(i.EXTI0_IRQHandler)
    EXTI2_IRQHandler                         0x080008d5   Thumb Code    40  exti.o(i.EXTI2_IRQHandler)
    EXTI3_IRQHandler                         0x08000905   Thumb Code    40  exti.o(i.EXTI3_IRQHandler)
    EXTI4_IRQHandler                         0x08000935   Thumb Code    40  exti.o(i.EXTI4_IRQHandler)
    HardFault_Handler                        0x08000965   Thumb Code     4  stm32f4xx_it.o(i.HardFault_Handler)
    Led_Io_Init                              0x08000969   Thumb Code   136  led.o(i.Led_Io_Init)
    Led_State_Control                        0x08000a05   Thumb Code   194  led.o(i.Led_State_Control)
    MemManage_Handler                        0x08000ad1   Thumb Code     4  stm32f4xx_it.o(i.MemManage_Handler)
    NMI_Handler                              0x08000ad5   Thumb Code     2  stm32f4xx_it.o(i.NMI_Handler)
    PendSV_Handler                           0x08000b7d   Thumb Code     2  stm32f4xx_it.o(i.PendSV_Handler)
    RTC_Alarm_IRQHandler                     0x08000b81   Thumb Code    54  rtc.o(i.RTC_Alarm_IRQHandler)
    RTC_WKUP_IRQHandler                      0x08000bcd   Thumb Code    54  rtc.o(i.RTC_WKUP_IRQHandler)
    SVC_Handler                              0x08000c15   Thumb Code     2  stm32f4xx_it.o(i.SVC_Handler)
    SysTick_Init                             0x08000d05   Thumb Code    28  delay.o(i.SysTick_Init)
    SystemInit                               0x08000d21   Thumb Code    88  system_stm32f4xx.o(i.SystemInit)
    TIM5_IRQHandler                          0x08000d89   Thumb Code   176  timer.o(i.TIM5_IRQHandler)
    TIM6_DAC_IRQHandler                      0x08000e55   Thumb Code    50  timer.o(i.TIM6_DAC_IRQHandler)
    TIM8_BRK_TIM12_IRQHandler                0x08000e95   Thumb Code   118  timer.o(i.TIM8_BRK_TIM12_IRQHandler)
    Time6_Configuration                      0x08000f15   Thumb Code   202  timer.o(i.Time6_Configuration)
    USART1_IRQHandler                        0x08000fe9   Thumb Code    46  usart1.o(i.USART1_IRQHandler)
    UsageFault_Handler                       0x0800102d   Thumb Code     4  stm32f4xx_it.o(i.UsageFault_Handler)
    Usart1_Init                              0x08001031   Thumb Code   570  usart1.o(i.Usart1_Init)
    __0printf                                0x080012a1   Thumb Code    22  printfa.o(i.__0printf)
    __1printf                                0x080012a1   Thumb Code     0  printfa.o(i.__0printf)
    __2printf                                0x080012a1   Thumb Code     0  printfa.o(i.__0printf)
    __c89printf                              0x080012a1   Thumb Code     0  printfa.o(i.__0printf)
    printf                                   0x080012a1   Thumb Code     0  printfa.o(i.__0printf)
    __scatterload_copy                       0x080012c1   Thumb Code    14  handlers.o(i.__scatterload_copy)
    __scatterload_null                       0x080012cf   Thumb Code     2  handlers.o(i.__scatterload_null)
    __scatterload_zeroinit                   0x080012d1   Thumb Code    14  handlers.o(i.__scatterload_zeroinit)
    fputc                                    0x08001b75   Thumb Code    20  usart1.o(i.fputc)
    main                                     0x08001b8d   Thumb Code    32  main.o(i.main)
    Region$$Table$$Base                      0x08001bac   Number         0  anon$$obj.o(Region$$Table)
    Region$$Table$$Limit                     0x08001bcc   Number         0  anon$$obj.o(Region$$Table)
    Flag                                     0x20000008   Data           1  usart1.o(.data)
    Time_Out                                 0x20000009   Data           1  usart1.o(.data)
    LEN                                      0x2000000a   Data           2  usart1.o(.data)
    __stdout                                 0x2000000c   Data           4  usart1.o(.data)
    Timer12_Flag                             0x20000018   Data           1  timer.o(.data)
    Capture_Start_Flag                       0x20000019   Data           1  timer.o(.data)
    Capture_End_Flag                         0x2000001a   Data           1  timer.o(.data)
    Overflow_Count                           0x2000001c   Data           4  timer.o(.data)
    Capture_Up_Count                         0x20000020   Data           2  timer.o(.data)
    Capture_Down_Count                       0x20000022   Data           2  timer.o(.data)
    Capture_Sum_Count                        0x20000024   Data           4  timer.o(.data)
    Old_Value                                0x20000030   Data           2  adc.o(.data)
    Digital_Value                            0x20000032   Data           2  adc.o(.data)
    Analog_Value                             0x20000034   Data           2  adc.o(.data)
    Buffer                                   0x20000038   Data         512  usart1.o(.bss)
    __initial_sp                             0x20001238   Data           0  startup_stm32f40_41xxx.o(STACK)



==============================================================================

Memory Map of the image

  Image Entry point : 0x08000189

  Load Region LR_IROM1 (Base: 0x08000000, Size: 0x00001c04, Max: 0x00100000, ABSOLUTE)

    Execution Region ER_IROM1 (Base: 0x08000000, Size: 0x00001bcc, Max: 0x00100000, ABSOLUTE)

    Base Addr    Size         Type   Attr      Idx    E Section Name        Object

    0x08000000   0x00000188   Data   RO         1035    RESET               startup_stm32f40_41xxx.o
    0x08000188   0x00000000   Code   RO         1040  * .ARM.Collect$$$$00000000  mc_w.l(entry.o)
    0x08000188   0x00000004   Code   RO         1324    .ARM.Collect$$$$00000001  mc_w.l(entry2.o)
    0x0800018c   0x00000004   Code   RO         1327    .ARM.Collect$$$$00000004  mc_w.l(entry5.o)
    0x08000190   0x00000000   Code   RO         1329    .ARM.Collect$$$$00000008  mc_w.l(entry7b.o)
    0x08000190   0x00000000   Code   RO         1331    .ARM.Collect$$$$0000000A  mc_w.l(entry8b.o)
    0x08000190   0x00000008   Code   RO         1332    .ARM.Collect$$$$0000000B  mc_w.l(entry9a.o)
    0x08000198   0x00000000   Code   RO         1334    .ARM.Collect$$$$0000000D  mc_w.l(entry10a.o)
    0x08000198   0x00000000   Code   RO         1336    .ARM.Collect$$$$0000000F  mc_w.l(entry11a.o)
    0x08000198   0x00000004   Code   RO         1325    .ARM.Collect$$$$00002712  mc_w.l(entry2.o)
    0x0800019c   0x00000024   Code   RO         1036    .text               startup_stm32f40_41xxx.o
    0x080001c0   0x0000014e   Code   RO         1308    .text               mf_w.l(dadd.o)
    0x0800030e   0x000000e4   Code   RO         1310    .text               mf_w.l(dmul.o)
    0x080003f2   0x000000de   Code   RO         1312    .text               mf_w.l(ddiv.o)
    0x080004d0   0x00000022   Code   RO         1314    .text               mf_w.l(dflti.o)
    0x080004f2   0x0000001a   Code   RO         1316    .text               mf_w.l(dfltui.o)
    0x0800050c   0x00000032   Code   RO         1318    .text               mf_w.l(dfixui.o)
    0x0800053e   0x00000026   Code   RO         1320    .text               mf_w.l(f2d.o)
    0x08000564   0x00000038   Code   RO         1322    .text               mf_w.l(d2f.o)
    0x0800059c   0x0000002c   Code   RO         1338    .text               mc_w.l(uidiv.o)
    0x080005c8   0x00000062   Code   RO         1340    .text               mc_w.l(uldiv.o)
    0x0800062a   0x0000001e   Code   RO         1342    .text               mc_w.l(llshl.o)
    0x08000648   0x00000020   Code   RO         1344    .text               mc_w.l(llushr.o)
    0x08000668   0x00000024   Code   RO         1346    .text               mc_w.l(llsshr.o)
    0x0800068c   0x00000000   Code   RO         1348    .text               mc_w.l(iusefp.o)
    0x0800068c   0x0000006e   Code   RO         1349    .text               mf_w.l(fepilogue.o)
    0x080006fa   0x000000ba   Code   RO         1351    .text               mf_w.l(depilogue.o)
    0x080007b4   0x00000030   Code   RO         1353    .text               mf_w.l(dfixul.o)
    0x080007e4   0x00000030   Code   RO         1355    .text               mf_w.l(cdrcmple.o)
    0x08000814   0x00000024   Code   RO         1357    .text               mc_w.l(init.o)
    0x08000838   0x00000064   Code   RO          337    i.ADC_IRQHandler    adc.o
    0x0800089c   0x00000004   Code   RO          622    i.BusFault_Handler  stm32f4xx_it.o
    0x080008a0   0x00000002   Code   RO          623    i.DebugMon_Handler  stm32f4xx_it.o
    0x080008a2   0x00000002   PAD
    0x080008a4   0x00000030   Code   RO          132    i.EXTI0_IRQHandler  exti.o
    0x080008d4   0x00000030   Code   RO          133    i.EXTI2_IRQHandler  exti.o
    0x08000904   0x00000030   Code   RO          134    i.EXTI3_IRQHandler  exti.o
    0x08000934   0x00000030   Code   RO          135    i.EXTI4_IRQHandler  exti.o
    0x08000964   0x00000004   Code   RO          624    i.HardFault_Handler  stm32f4xx_it.o
    0x08000968   0x0000009c   Code   RO          688    i.Led_Io_Init       led.o
    0x08000a04   0x000000cc   Code   RO          689    i.Led_State_Control  led.o
    0x08000ad0   0x00000004   Code   RO          625    i.MemManage_Handler  stm32f4xx_it.o
    0x08000ad4   0x00000002   Code   RO          626    i.NMI_Handler       stm32f4xx_it.o
    0x08000ad6   0x00000016   Code   RO          255    i.NVIC_EnableIRQ    timer.o
    0x08000aec   0x00000040   Code   RO          256    i.NVIC_EncodePriority  timer.o
    0x08000b2c   0x00000028   Code   RO          257    i.NVIC_SetPriority  timer.o
    0x08000b54   0x00000028   Code   RO          258    i.NVIC_SetPriorityGrouping  timer.o
    0x08000b7c   0x00000002   Code   RO          627    i.PendSV_Handler    stm32f4xx_it.o
    0x08000b7e   0x00000002   PAD
    0x08000b80   0x0000004c   Code   RO          379    i.RTC_Alarm_IRQHandler  rtc.o
    0x08000bcc   0x00000048   Code   RO          383    i.RTC_WKUP_IRQHandler  rtc.o
    0x08000c14   0x00000002   Code   RO          628    i.SVC_Handler       stm32f4xx_it.o
    0x08000c16   0x00000002   PAD
    0x08000c18   0x000000ec   Code   RO          585    i.SetSysClock       system_stm32f4xx.o
    0x08000d04   0x0000001c   Code   RO          204    i.SysTick_Init      delay.o
    0x08000d20   0x00000068   Code   RO          587    i.SystemInit        system_stm32f4xx.o
    0x08000d88   0x000000cc   Code   RO          259    i.TIM5_IRQHandler   timer.o
    0x08000e54   0x00000040   Code   RO          260    i.TIM6_DAC_IRQHandler  timer.o
    0x08000e94   0x00000080   Code   RO          261    i.TIM8_BRK_TIM12_IRQHandler  timer.o
    0x08000f14   0x000000d4   Code   RO          264    i.Time6_Configuration  timer.o
    0x08000fe8   0x00000044   Code   RO            8    i.USART1_IRQHandler  usart1.o
    0x0800102c   0x00000004   Code   RO          629    i.UsageFault_Handler  stm32f4xx_it.o
    0x08001030   0x00000270   Code   RO            9    i.Usart1_Init       usart1.o
    0x080012a0   0x00000020   Code   RO         1280    i.__0printf         mc_w.l(printfa.o)
    0x080012c0   0x0000000e   Code   RO         1361    i.__scatterload_copy  mc_w.l(handlers.o)
    0x080012ce   0x00000002   Code   RO         1362    i.__scatterload_null  mc_w.l(handlers.o)
    0x080012d0   0x0000000e   Code   RO         1363    i.__scatterload_zeroinit  mc_w.l(handlers.o)
    0x080012de   0x00000002   PAD
    0x080012e0   0x00000164   Code   RO         1287    i._fp_digits        mc_w.l(printfa.o)
    0x08001444   0x000006dc   Code   RO         1288    i._printf_core      mc_w.l(printfa.o)
    0x08001b20   0x00000024   Code   RO         1289    i._printf_post_padding  mc_w.l(printfa.o)
    0x08001b44   0x0000002e   Code   RO         1290    i._printf_pre_padding  mc_w.l(printfa.o)
    0x08001b72   0x00000002   PAD
    0x08001b74   0x00000018   Code   RO           13    i.fputc             usart1.o
    0x08001b8c   0x00000020   Code   RO         1002    i.main              main.o
    0x08001bac   0x00000020   Data   RO         1359    Region$$Table       anon$$obj.o


    Execution Region RW_IRAM1 (Base: 0x20000000, Size: 0x00001238, Max: 0x00020000, ABSOLUTE)

    Base Addr    Size         Type   Attr      Idx    E Section Name        Object

    0x20000000   0x00000010   Data   RW           15    .data               usart1.o
    0x20000010   0x00000018   Data   RW          265    .data               timer.o
    0x20000028   0x0000000e   Data   RW          338    .data               adc.o
    0x20000036   0x00000002   PAD
    0x20000038   0x00000200   Zero   RW           14    .bss                usart1.o
    0x20000238   0x00001000   Zero   RW         1033    STACK               startup_stm32f40_41xxx.o


==============================================================================

Image component sizes


      Code (inc. data)   RO Data    RW Data    ZI Data      Debug   Object Name

       100         22          0         14          0        884   adc.o
        28          0          0          0          0        451   delay.o
       192         32          0          0          0       1860   exti.o
       360         30          0          0          0       1102   led.o
        32          0          0          0          0        479   main.o
       148         40          0          0          0       1013   rtc.o
        36          8        392          0       4096        832   startup_stm32f40_41xxx.o
        24          0          0          0          0       3756   stm32f4xx_it.o
       340         32          0          0          0       1545   system_stm32f4xx.o
       774         80          0         24          0      31133   timer.o
       716         80          0         16        512     263260   usart1.o

    ----------------------------------------------------------------------
      2756        324        424         56       4608     306315   Object Totals
         0          0         32          0          0          0   (incl. Generated)
         6          0          0          2          0          0   (incl. Padding)

    ----------------------------------------------------------------------

      Code (inc. data)   RO Data    RW Data    ZI Data      Debug   Library Member Name

         0          0          0          0          0          0   entry.o
         0          0          0          0          0          0   entry10a.o
         0          0          0          0          0          0   entry11a.o
         8          4          0          0          0          0   entry2.o
         4          0          0          0          0          0   entry5.o
         0          0          0          0          0          0   entry7b.o
         0          0          0          0          0          0   entry8b.o
         8          4          0          0          0          0   entry9a.o
        30          0          0          0          0          0   handlers.o
        36          8          0          0          0         68   init.o
         0          0          0          0          0          0   iusefp.o
        30          0          0          0          0         68   llshl.o
        36          0          0          0          0         68   llsshr.o
        32          0          0          0          0         68   llushr.o
      2226         90          0          0          0        444   printfa.o
        44          0          0          0          0         80   uidiv.o
        98          0          0          0          0         92   uldiv.o
        48          0          0          0          0         68   cdrcmple.o
        56          0          0          0          0         88   d2f.o
       334          0          0          0          0        148   dadd.o
       222          0          0          0          0        100   ddiv.o
       186          0          0          0          0        176   depilogue.o
        50          0          0          0          0         76   dfixui.o
        48          0          0          0          0         68   dfixul.o
        34          0          0          0          0         76   dflti.o
        26          0          0          0          0         76   dfltui.o
       228          0          0          0          0         96   dmul.o
        38          0          0          0          0         68   f2d.o
       110          0          0          0          0        168   fepilogue.o

    ----------------------------------------------------------------------
      3936        106          0          0          0       2096   Library Totals
         4          0          0          0          0          0   (incl. Padding)

    ----------------------------------------------------------------------

      Code (inc. data)   RO Data    RW Data    ZI Data      Debug   Library Name

      2552        106          0          0          0        888   mc_w.l
      1380          0          0          0          0       1208   mf_w.l

    ----------------------------------------------------------------------
      3936        106          0          0          0       2096   Library Totals

    ----------------------------------------------------------------------

==============================================================================


      Code (inc. data)   RO Data    RW Data    ZI Data      Debug   

      6692        430        424         56       4608     304875   Grand Totals
      6692        430        424         56       4608     304875   ELF Image Totals
      6692        430        424         56          0          0   ROM Totals

==============================================================================

    Total RO  Size (Code + RO Data)                 7116 (   6.95kB)
    Total RW  Size (RW Data + ZI Data)              4664 (   4.55kB)
    Total ROM Size (Code + RO Data + RW Data)       7172 (   7.00kB)

==============================================================================

