<html>
<body>
<pre>
<h1>µVision Build Log</h1>
<h2>Tool Versions:</h2>
IDE-Version: ¦ÌVision V5.15
Copyright (C) 2015 ARM Ltd and ARM Germany GmbH. All rights reserved.
License Information: fu duduxitong, duduxitong.com, LIC=PE7BS-LW5BF-UG07Q-NDH8T-LI2FW-52523
 
Tool Versions:
Toolchain:       MDK-ARM Standard  Version: 5.15.0
Toolchain Path:  d:\Keil_v5\ARM\ARMCC\Bin
C Compiler:      Armcc.exe V5.05 update 2 (build 169)
Assembler:       Armasm.exe V5.05 update 2 (build 169)
Linker/Locator:  ArmLink.exe V5.05 update 2 (build 169)
Library Manager: ArmAr.exe V5.05 update 2 (build 169)
Hex Converter:   FromElf.exe V5.05 update 2 (build 169)
CPU DLL:         SARMCM3.DLL V5.15.0
Dialog DLL:      DCM.DLL V1.13.2.0
Target DLL:      STLink\ST-LINKIII-KEIL_SWO.dll V2.0.15.0_KEIL
Dialog DLL:      TCM.DLL V1.14.5.0
 
<h2>Project:</h2>
D:\keilwokplace\hw3\usart1\project\usart1.uvprojx
Project File Date:  07/19/2018

<h2>Output:</h2>
*** Using Compiler 'V5.05 update 2 (build 169)', folder: 'd:\Keil_v5\ARM\ARMCC\Bin'
Build target 'usart1'
compiling usart1.c...
..\app\src\usart1.c(38): warning:  #1035-D: single-precision operand implicitly converted to double-precision
        DIV_Frac = (uint16)((USART1DIV-DIV_Man/16)*16 + 0.5);//+0.5??Ê¾????????
..\app\src\usart1.c: 1 warning, 0 errors
compiling main.c...
linking...
Program Size: Code=2356 RO-data=408 RW-data=0 ZI-data=1024  
FromELF: creating hex file...
".\Objects\usart1.axf" - 0 Error(s), 1 Warning(s).

<h2>Collection of Component include folders:</h2>
  D:\keilwokplace\hw3\usart1\project\RTE
  d:\Keil_v5\ARM\PACK\Keil\STM32F4xx_DFP\1.0.8\Device\Include

<h2>Collection of Component Files used:</h2>
</pre>
</body>
</html>
